<?xml version="1.0" encoding="ISO-8859-1" ?>
<link_info>
   <banner>TI ARM Clang Linker PC v3.2.2.LTS</banner>
   <copyright>Copyright (c) 1996-2018 Texas Instruments Incorporated</copyright>
   <link_time>0x67f14b4a</link_time>
   <link_errors>0x0</link_errors>
   <output_file>D:\TIprojects\A20\Debug\A20.out</output_file>
   <entry_point>
      <name>_c_int00_noargs</name>
      <address>0x4add</address>
   </entry_point>
   <input_file_list>
      <input_file id="fl-1">
         <path>D:\TIprojects\A20\Debug\.\</path>
         <kind>object</kind>
         <file>2021A.o</file>
         <name>2021A.o</name>
      </input_file>
      <input_file id="fl-2">
         <path>D:\TIprojects\A20\Debug\.\</path>
         <kind>object</kind>
         <file>ti_msp_dl_config.o</file>
         <name>ti_msp_dl_config.o</name>
      </input_file>
      <input_file id="fl-3">
         <path>D:\TIprojects\A20\Debug\.\</path>
         <kind>object</kind>
         <file>startup_mspm0g350x_ticlang.o</file>
         <name>startup_mspm0g350x_ticlang.o</name>
      </input_file>
      <input_file id="fl-4">
         <path>D:\TIprojects\A20\Debug\.\MyFunction\</path>
         <kind>object</kind>
         <file>MyFunction.o</file>
         <name>MyFunction.o</name>
      </input_file>
      <input_file id="fl-13">
         <path>D:\TIprojects\A20\Debug\</path>
         <kind>object</kind>
         <file>&lt;internal&gt;</file>
         <name>&lt;internal&gt;</name>
      </input_file>
      <input_file id="fl-14">
         <path>D:\TIsoftwares\mspm0_sdk_1_30_00_03\source\ti\iqmath\lib\ticlang\m0p\mathacl\</path>
         <kind>archive</kind>
         <file>iqmath.a</file>
         <name>_IQNsin_cos.o</name>
      </input_file>
      <input_file id="fl-15">
         <path>D:\TIsoftwares\mspm0_sdk_1_30_00_03\source\ti\iqmath\lib\ticlang\m0p\mathacl\</path>
         <kind>archive</kind>
         <file>iqmath.a</file>
         <name>_IQNtoF.o</name>
      </input_file>
      <input_file id="fl-16">
         <path>D:\TIsoftwares\mspm0_sdk_1_30_00_03\source\third_party\CMSIS\DSP\lib\ticlang\m0p\</path>
         <kind>archive</kind>
         <file>arm_cortexM0l_math.a</file>
         <name>arm_const_structs.o</name>
      </input_file>
      <input_file id="fl-17">
         <path>D:\TIsoftwares\mspm0_sdk_1_30_00_03\source\third_party\CMSIS\DSP\lib\ticlang\m0p\</path>
         <kind>archive</kind>
         <file>arm_cortexM0l_math.a</file>
         <name>arm_cmplx_mag_f32.o</name>
      </input_file>
      <input_file id="fl-18">
         <path>D:\TIsoftwares\mspm0_sdk_1_30_00_03\source\third_party\CMSIS\DSP\lib\ticlang\m0p\</path>
         <kind>archive</kind>
         <file>arm_cortexM0l_math.a</file>
         <name>arm_cfft_f32.o</name>
      </input_file>
      <input_file id="fl-19">
         <path>D:\TIsoftwares\mspm0_sdk_1_30_00_03\source\third_party\CMSIS\DSP\lib\ticlang\m0p\</path>
         <kind>archive</kind>
         <file>arm_cortexM0l_math.a</file>
         <name>arm_cfft_radix8_f32.o</name>
      </input_file>
      <input_file id="fl-1a">
         <path>D:\TIsoftwares\mspm0_sdk_1_30_00_03\source\third_party\CMSIS\DSP\lib\ticlang\m0p\</path>
         <kind>archive</kind>
         <file>arm_cortexM0l_math.a</file>
         <name>arm_common_tables.o</name>
      </input_file>
      <input_file id="fl-1b">
         <path>D:\TIsoftwares\mspm0_sdk_1_30_00_03\source\third_party\CMSIS\DSP\lib\ticlang\m0p\</path>
         <kind>archive</kind>
         <file>arm_cortexM0l_math.a</file>
         <name>arm_bitreversal2.o</name>
      </input_file>
      <input_file id="fl-1c">
         <path>D:\TIsoftwares\mspm0_sdk_1_30_00_03\source\ti\driverlib\lib\ticlang\m0p\mspm0g1x0x_g3x0x\</path>
         <kind>archive</kind>
         <file>driverlib.a</file>
         <name>dl_adc12.o</name>
      </input_file>
      <input_file id="fl-1d">
         <path>D:\TIsoftwares\mspm0_sdk_1_30_00_03\source\ti\driverlib\lib\ticlang\m0p\mspm0g1x0x_g3x0x\</path>
         <kind>archive</kind>
         <file>driverlib.a</file>
         <name>dl_common.o</name>
      </input_file>
      <input_file id="fl-1e">
         <path>D:\TIsoftwares\mspm0_sdk_1_30_00_03\source\ti\driverlib\lib\ticlang\m0p\mspm0g1x0x_g3x0x\</path>
         <kind>archive</kind>
         <file>driverlib.a</file>
         <name>dl_dma.o</name>
      </input_file>
      <input_file id="fl-1f">
         <path>D:\TIsoftwares\mspm0_sdk_1_30_00_03\source\ti\driverlib\lib\ticlang\m0p\mspm0g1x0x_g3x0x\</path>
         <kind>archive</kind>
         <file>driverlib.a</file>
         <name>dl_timer.o</name>
      </input_file>
      <input_file id="fl-20">
         <path>D:\TIsoftwares\mspm0_sdk_1_30_00_03\source\ti\driverlib\lib\ticlang\m0p\mspm0g1x0x_g3x0x\</path>
         <kind>archive</kind>
         <file>driverlib.a</file>
         <name>dl_uart.o</name>
      </input_file>
      <input_file id="fl-21">
         <path>D:\TIsoftwares\mspm0_sdk_1_30_00_03\source\ti\driverlib\lib\ticlang\m0p\mspm0g1x0x_g3x0x\</path>
         <kind>archive</kind>
         <file>driverlib.a</file>
         <name>dl_sysctl_mspm0g1x0x_g3x0x.o</name>
      </input_file>
      <input_file id="fl-30">
         <path>D:\TIsoftwares\ccstheia140\ccs\tools\compiler\ti-cgt-armllvm_3.2.2.LTS\lib\armv6m-ti-none-eabi\c\</path>
         <kind>archive</kind>
         <file>libc.a</file>
         <name>printf.c.obj</name>
      </input_file>
      <input_file id="fl-31">
         <path>D:\TIsoftwares\ccstheia140\ccs\tools\compiler\ti-cgt-armllvm_3.2.2.LTS\lib\armv6m-ti-none-eabi\c\</path>
         <kind>archive</kind>
         <file>libc.a</file>
         <name>_printfi.c.obj</name>
      </input_file>
      <input_file id="fl-32">
         <path>D:\TIsoftwares\ccstheia140\ccs\tools\compiler\ti-cgt-armllvm_3.2.2.LTS\lib\armv6m-ti-none-eabi\c\</path>
         <kind>archive</kind>
         <file>libc.a</file>
         <name>e_sqrtf.c.obj</name>
      </input_file>
      <input_file id="fl-33">
         <path>D:\TIsoftwares\ccstheia140\ccs\tools\compiler\ti-cgt-armllvm_3.2.2.LTS\lib\armv6m-ti-none-eabi\c\</path>
         <kind>archive</kind>
         <file>libc.a</file>
         <name>s_frexp.c.obj</name>
      </input_file>
      <input_file id="fl-34">
         <path>D:\TIsoftwares\ccstheia140\ccs\tools\compiler\ti-cgt-armllvm_3.2.2.LTS\lib\armv6m-ti-none-eabi\c\</path>
         <kind>archive</kind>
         <file>libc.a</file>
         <name>s_scalbn.c.obj</name>
      </input_file>
      <input_file id="fl-35">
         <path>D:\TIsoftwares\ccstheia140\ccs\tools\compiler\ti-cgt-armllvm_3.2.2.LTS\lib\armv6m-ti-none-eabi\c\</path>
         <kind>archive</kind>
         <file>libc.a</file>
         <name>aeabi_portable.c.obj</name>
      </input_file>
      <input_file id="fl-36">
         <path>D:\TIsoftwares\ccstheia140\ccs\tools\compiler\ti-cgt-armllvm_3.2.2.LTS\lib\armv6m-ti-none-eabi\c\</path>
         <kind>archive</kind>
         <file>libc.a</file>
         <name>_lock.c.obj</name>
      </input_file>
      <input_file id="fl-37">
         <path>D:\TIsoftwares\ccstheia140\ccs\tools\compiler\ti-cgt-armllvm_3.2.2.LTS\lib\armv6m-ti-none-eabi\c\</path>
         <kind>archive</kind>
         <file>libc.a</file>
         <name>_ltoa.c.obj</name>
      </input_file>
      <input_file id="fl-38">
         <path>D:\TIsoftwares\ccstheia140\ccs\tools\compiler\ti-cgt-armllvm_3.2.2.LTS\lib\armv6m-ti-none-eabi\c\</path>
         <kind>archive</kind>
         <file>libc.a</file>
         <name>assert.c.obj</name>
      </input_file>
      <input_file id="fl-39">
         <path>D:\TIsoftwares\ccstheia140\ccs\tools\compiler\ti-cgt-armllvm_3.2.2.LTS\lib\armv6m-ti-none-eabi\c\</path>
         <kind>archive</kind>
         <file>libc.a</file>
         <name>atoi.c.obj</name>
      </input_file>
      <input_file id="fl-3a">
         <path>D:\TIsoftwares\ccstheia140\ccs\tools\compiler\ti-cgt-armllvm_3.2.2.LTS\lib\armv6m-ti-none-eabi\c\</path>
         <kind>archive</kind>
         <file>libc.a</file>
         <name>defs.c.obj</name>
      </input_file>
      <input_file id="fl-3b">
         <path>D:\TIsoftwares\ccstheia140\ccs\tools\compiler\ti-cgt-armllvm_3.2.2.LTS\lib\armv6m-ti-none-eabi\c\</path>
         <kind>archive</kind>
         <file>libc.a</file>
         <name>memccpy.c.obj</name>
      </input_file>
      <input_file id="fl-3c">
         <path>D:\TIsoftwares\ccstheia140\ccs\tools\compiler\ti-cgt-armllvm_3.2.2.LTS\lib\armv6m-ti-none-eabi\c\</path>
         <kind>archive</kind>
         <file>libc.a</file>
         <name>memory.c.obj</name>
      </input_file>
      <input_file id="fl-3d">
         <path>D:\TIsoftwares\ccstheia140\ccs\tools\compiler\ti-cgt-armllvm_3.2.2.LTS\lib\armv6m-ti-none-eabi\c\</path>
         <kind>archive</kind>
         <file>libc.a</file>
         <name>strlen.c.obj</name>
      </input_file>
      <input_file id="fl-3e">
         <path>D:\TIsoftwares\ccstheia140\ccs\tools\compiler\ti-cgt-armllvm_3.2.2.LTS\lib\armv6m-ti-none-eabi\c\</path>
         <kind>archive</kind>
         <file>libc.a</file>
         <name>boot_cortex_m.c.obj</name>
      </input_file>
      <input_file id="fl-3f">
         <path>D:\TIsoftwares\ccstheia140\ccs\tools\compiler\ti-cgt-armllvm_3.2.2.LTS\lib\armv6m-ti-none-eabi\c\</path>
         <kind>archive</kind>
         <file>libc.a</file>
         <name>mathacl_init.c.obj</name>
      </input_file>
      <input_file id="fl-40">
         <path>D:\TIsoftwares\ccstheia140\ccs\tools\compiler\ti-cgt-armllvm_3.2.2.LTS\lib\armv6m-ti-none-eabi\c\</path>
         <kind>archive</kind>
         <file>libc.a</file>
         <name>autoinit.c.obj</name>
      </input_file>
      <input_file id="fl-41">
         <path>D:\TIsoftwares\ccstheia140\ccs\tools\compiler\ti-cgt-armllvm_3.2.2.LTS\lib\armv6m-ti-none-eabi\c\</path>
         <kind>archive</kind>
         <file>libc.a</file>
         <name>pre_init.c.obj</name>
      </input_file>
      <input_file id="fl-42">
         <path>D:\TIsoftwares\ccstheia140\ccs\tools\compiler\ti-cgt-armllvm_3.2.2.LTS\lib\armv6m-ti-none-eabi\c\</path>
         <kind>archive</kind>
         <file>libc.a</file>
         <name>cpy_tbl.c.obj</name>
      </input_file>
      <input_file id="fl-43">
         <path>D:\TIsoftwares\ccstheia140\ccs\tools\compiler\ti-cgt-armllvm_3.2.2.LTS\lib\armv6m-ti-none-eabi\c\</path>
         <kind>archive</kind>
         <file>libc.a</file>
         <name>copy_zero_init.c.obj</name>
      </input_file>
      <input_file id="fl-44">
         <path>D:\TIsoftwares\ccstheia140\ccs\tools\compiler\ti-cgt-armllvm_3.2.2.LTS\lib\armv6m-ti-none-eabi\c\</path>
         <kind>archive</kind>
         <file>libc.a</file>
         <name>copy_decompress_none.c.obj</name>
      </input_file>
      <input_file id="fl-45">
         <path>D:\TIsoftwares\ccstheia140\ccs\tools\compiler\ti-cgt-armllvm_3.2.2.LTS\lib\armv6m-ti-none-eabi\c\</path>
         <kind>archive</kind>
         <file>libc.a</file>
         <name>copy_decompress_lzss.c.obj</name>
      </input_file>
      <input_file id="fl-46">
         <path>D:\TIsoftwares\ccstheia140\ccs\tools\compiler\ti-cgt-armllvm_3.2.2.LTS\lib\armv6m-ti-none-eabi\c\</path>
         <kind>archive</kind>
         <file>libc.a</file>
         <name>wcslen.c.obj</name>
      </input_file>
      <input_file id="fl-47">
         <path>D:\TIsoftwares\ccstheia140\ccs\tools\compiler\ti-cgt-armllvm_3.2.2.LTS\lib\armv6m-ti-none-eabi\c\</path>
         <kind>archive</kind>
         <file>libc.a</file>
         <name>sprintf.c.obj</name>
      </input_file>
      <input_file id="fl-48">
         <path>D:\TIsoftwares\ccstheia140\ccs\tools\compiler\ti-cgt-armllvm_3.2.2.LTS\lib\armv6m-ti-none-eabi\c\</path>
         <kind>archive</kind>
         <file>libc.a</file>
         <name>fflush.c.obj</name>
      </input_file>
      <input_file id="fl-49">
         <path>D:\TIsoftwares\ccstheia140\ccs\tools\compiler\ti-cgt-armllvm_3.2.2.LTS\lib\armv6m-ti-none-eabi\c\</path>
         <kind>archive</kind>
         <file>libc.a</file>
         <name>aeabi_ctype.S.obj</name>
      </input_file>
      <input_file id="fl-4a">
         <path>D:\TIsoftwares\ccstheia140\ccs\tools\compiler\ti-cgt-armllvm_3.2.2.LTS\lib\armv6m-ti-none-eabi\c\</path>
         <kind>archive</kind>
         <file>libc.a</file>
         <name>exit.c.obj</name>
      </input_file>
      <input_file id="fl-4b">
         <path>D:\TIsoftwares\ccstheia140\ccs\tools\compiler\ti-cgt-armllvm_3.2.2.LTS\lib\armv6m-ti-none-eabi\c\</path>
         <kind>archive</kind>
         <file>libc.a</file>
         <name>args_main.c.obj</name>
      </input_file>
      <input_file id="fl-b1">
         <path>D:\TIsoftwares\ccstheia140\ccs\tools\compiler\ti-cgt-armllvm_3.2.2.LTS\lib\armv6m-ti-none-eabi\c\</path>
         <kind>archive</kind>
         <file>libsysbm.a</file>
         <name>write.c.obj</name>
      </input_file>
      <input_file id="fl-b2">
         <path>D:\TIsoftwares\ccstheia140\ccs\tools\compiler\ti-cgt-armllvm_3.2.2.LTS\lib\armv6m-ti-none-eabi\c\</path>
         <kind>archive</kind>
         <file>libsysbm.a</file>
         <name>host_device.c.obj</name>
      </input_file>
      <input_file id="fl-b3">
         <path>D:\TIsoftwares\ccstheia140\ccs\tools\compiler\ti-cgt-armllvm_3.2.2.LTS\lib\armv6m-ti-none-eabi\c\</path>
         <kind>archive</kind>
         <file>libsysbm.a</file>
         <name>hostclose.c.obj</name>
      </input_file>
      <input_file id="fl-b4">
         <path>D:\TIsoftwares\ccstheia140\ccs\tools\compiler\ti-cgt-armllvm_3.2.2.LTS\lib\armv6m-ti-none-eabi\c\</path>
         <kind>archive</kind>
         <file>libsysbm.a</file>
         <name>hostlseek.c.obj</name>
      </input_file>
      <input_file id="fl-b5">
         <path>D:\TIsoftwares\ccstheia140\ccs\tools\compiler\ti-cgt-armllvm_3.2.2.LTS\lib\armv6m-ti-none-eabi\c\</path>
         <kind>archive</kind>
         <file>libsysbm.a</file>
         <name>hostopen.c.obj</name>
      </input_file>
      <input_file id="fl-b6">
         <path>D:\TIsoftwares\ccstheia140\ccs\tools\compiler\ti-cgt-armllvm_3.2.2.LTS\lib\armv6m-ti-none-eabi\c\</path>
         <kind>archive</kind>
         <file>libsysbm.a</file>
         <name>hostread.c.obj</name>
      </input_file>
      <input_file id="fl-b7">
         <path>D:\TIsoftwares\ccstheia140\ccs\tools\compiler\ti-cgt-armllvm_3.2.2.LTS\lib\armv6m-ti-none-eabi\c\</path>
         <kind>archive</kind>
         <file>libsysbm.a</file>
         <name>hostrename.c.obj</name>
      </input_file>
      <input_file id="fl-b8">
         <path>D:\TIsoftwares\ccstheia140\ccs\tools\compiler\ti-cgt-armllvm_3.2.2.LTS\lib\armv6m-ti-none-eabi\c\</path>
         <kind>archive</kind>
         <file>libsysbm.a</file>
         <name>hostunlink.c.obj</name>
      </input_file>
      <input_file id="fl-b9">
         <path>D:\TIsoftwares\ccstheia140\ccs\tools\compiler\ti-cgt-armllvm_3.2.2.LTS\lib\armv6m-ti-none-eabi\c\</path>
         <kind>archive</kind>
         <file>libsysbm.a</file>
         <name>hostwrite.c.obj</name>
      </input_file>
      <input_file id="fl-ba">
         <path>D:\TIsoftwares\ccstheia140\ccs\tools\compiler\ti-cgt-armllvm_3.2.2.LTS\lib\armv6m-ti-none-eabi\c\</path>
         <kind>archive</kind>
         <file>libsysbm.a</file>
         <name>trgmsg.c.obj</name>
      </input_file>
      <input_file id="fl-bb">
         <path>D:\TIsoftwares\ccstheia140\ccs\tools\compiler\ti-cgt-armllvm_3.2.2.LTS\lib\clang\15.0.7\lib\armv6m-ti-none-eabi\</path>
         <kind>archive</kind>
         <file>libclang_rt.builtins.a</file>
         <name>addsf3.S.obj</name>
      </input_file>
      <input_file id="fl-bc">
         <path>D:\TIsoftwares\ccstheia140\ccs\tools\compiler\ti-cgt-armllvm_3.2.2.LTS\lib\clang\15.0.7\lib\armv6m-ti-none-eabi\</path>
         <kind>archive</kind>
         <file>libclang_rt.builtins.a</file>
         <name>adddf3.S.obj</name>
      </input_file>
      <input_file id="fl-bd">
         <path>D:\TIsoftwares\ccstheia140\ccs\tools\compiler\ti-cgt-armllvm_3.2.2.LTS\lib\clang\15.0.7\lib\armv6m-ti-none-eabi\</path>
         <kind>archive</kind>
         <file>libclang_rt.builtins.a</file>
         <name>muldf3.S.obj</name>
      </input_file>
      <input_file id="fl-be">
         <path>D:\TIsoftwares\ccstheia140\ccs\tools\compiler\ti-cgt-armllvm_3.2.2.LTS\lib\clang\15.0.7\lib\armv6m-ti-none-eabi\</path>
         <kind>archive</kind>
         <file>libclang_rt.builtins.a</file>
         <name>muldsi3.S.obj</name>
      </input_file>
      <input_file id="fl-bf">
         <path>D:\TIsoftwares\ccstheia140\ccs\tools\compiler\ti-cgt-armllvm_3.2.2.LTS\lib\clang\15.0.7\lib\armv6m-ti-none-eabi\</path>
         <kind>archive</kind>
         <file>libclang_rt.builtins.a</file>
         <name>mulsf3.S.obj</name>
      </input_file>
      <input_file id="fl-c0">
         <path>D:\TIsoftwares\ccstheia140\ccs\tools\compiler\ti-cgt-armllvm_3.2.2.LTS\lib\clang\15.0.7\lib\armv6m-ti-none-eabi\</path>
         <kind>archive</kind>
         <file>libclang_rt.builtins.a</file>
         <name>divsf3.S.obj</name>
      </input_file>
      <input_file id="fl-c1">
         <path>D:\TIsoftwares\ccstheia140\ccs\tools\compiler\ti-cgt-armllvm_3.2.2.LTS\lib\clang\15.0.7\lib\armv6m-ti-none-eabi\</path>
         <kind>archive</kind>
         <file>libclang_rt.builtins.a</file>
         <name>divdf3.S.obj</name>
      </input_file>
      <input_file id="fl-c2">
         <path>D:\TIsoftwares\ccstheia140\ccs\tools\compiler\ti-cgt-armllvm_3.2.2.LTS\lib\clang\15.0.7\lib\armv6m-ti-none-eabi\</path>
         <kind>archive</kind>
         <file>libclang_rt.builtins.a</file>
         <name>extendsfdf2.S.obj</name>
      </input_file>
      <input_file id="fl-c3">
         <path>D:\TIsoftwares\ccstheia140\ccs\tools\compiler\ti-cgt-armllvm_3.2.2.LTS\lib\clang\15.0.7\lib\armv6m-ti-none-eabi\</path>
         <kind>archive</kind>
         <file>libclang_rt.builtins.a</file>
         <name>fixdfsi.S.obj</name>
      </input_file>
      <input_file id="fl-c4">
         <path>D:\TIsoftwares\ccstheia140\ccs\tools\compiler\ti-cgt-armllvm_3.2.2.LTS\lib\clang\15.0.7\lib\armv6m-ti-none-eabi\</path>
         <kind>archive</kind>
         <file>libclang_rt.builtins.a</file>
         <name>fixsfsi.S.obj</name>
      </input_file>
      <input_file id="fl-c5">
         <path>D:\TIsoftwares\ccstheia140\ccs\tools\compiler\ti-cgt-armllvm_3.2.2.LTS\lib\clang\15.0.7\lib\armv6m-ti-none-eabi\</path>
         <kind>archive</kind>
         <file>libclang_rt.builtins.a</file>
         <name>floatsidf.S.obj</name>
      </input_file>
      <input_file id="fl-c6">
         <path>D:\TIsoftwares\ccstheia140\ccs\tools\compiler\ti-cgt-armllvm_3.2.2.LTS\lib\clang\15.0.7\lib\armv6m-ti-none-eabi\</path>
         <kind>archive</kind>
         <file>libclang_rt.builtins.a</file>
         <name>floatsisf.S.obj</name>
      </input_file>
      <input_file id="fl-c7">
         <path>D:\TIsoftwares\ccstheia140\ccs\tools\compiler\ti-cgt-armllvm_3.2.2.LTS\lib\clang\15.0.7\lib\armv6m-ti-none-eabi\</path>
         <kind>archive</kind>
         <file>libclang_rt.builtins.a</file>
         <name>floatunsisf.S.obj</name>
      </input_file>
      <input_file id="fl-c8">
         <path>D:\TIsoftwares\ccstheia140\ccs\tools\compiler\ti-cgt-armllvm_3.2.2.LTS\lib\clang\15.0.7\lib\armv6m-ti-none-eabi\</path>
         <kind>archive</kind>
         <file>libclang_rt.builtins.a</file>
         <name>muldi3.S.obj</name>
      </input_file>
      <input_file id="fl-c9">
         <path>D:\TIsoftwares\ccstheia140\ccs\tools\compiler\ti-cgt-armllvm_3.2.2.LTS\lib\clang\15.0.7\lib\armv6m-ti-none-eabi\</path>
         <kind>archive</kind>
         <file>libclang_rt.builtins.a</file>
         <name>truncdfsf2.S.obj</name>
      </input_file>
      <input_file id="fl-ca">
         <path>D:\TIsoftwares\ccstheia140\ccs\tools\compiler\ti-cgt-armllvm_3.2.2.LTS\lib\clang\15.0.7\lib\armv6m-ti-none-eabi\</path>
         <kind>archive</kind>
         <file>libclang_rt.builtins.a</file>
         <name>aeabi_dcmp.S.obj</name>
      </input_file>
      <input_file id="fl-cb">
         <path>D:\TIsoftwares\ccstheia140\ccs\tools\compiler\ti-cgt-armllvm_3.2.2.LTS\lib\clang\15.0.7\lib\armv6m-ti-none-eabi\</path>
         <kind>archive</kind>
         <file>libclang_rt.builtins.a</file>
         <name>aeabi_fcmp.S.obj</name>
      </input_file>
      <input_file id="fl-cc">
         <path>D:\TIsoftwares\ccstheia140\ccs\tools\compiler\ti-cgt-armllvm_3.2.2.LTS\lib\clang\15.0.7\lib\armv6m-ti-none-eabi\</path>
         <kind>archive</kind>
         <file>libclang_rt.builtins.a</file>
         <name>aeabi_idivmod.S.obj</name>
      </input_file>
      <input_file id="fl-cd">
         <path>D:\TIsoftwares\ccstheia140\ccs\tools\compiler\ti-cgt-armllvm_3.2.2.LTS\lib\clang\15.0.7\lib\armv6m-ti-none-eabi\</path>
         <kind>archive</kind>
         <file>libclang_rt.builtins.a</file>
         <name>aeabi_memcpy.S.obj</name>
      </input_file>
      <input_file id="fl-ce">
         <path>D:\TIsoftwares\ccstheia140\ccs\tools\compiler\ti-cgt-armllvm_3.2.2.LTS\lib\clang\15.0.7\lib\armv6m-ti-none-eabi\</path>
         <kind>archive</kind>
         <file>libclang_rt.builtins.a</file>
         <name>aeabi_memset.S.obj</name>
      </input_file>
      <input_file id="fl-cf">
         <path>D:\TIsoftwares\ccstheia140\ccs\tools\compiler\ti-cgt-armllvm_3.2.2.LTS\lib\clang\15.0.7\lib\armv6m-ti-none-eabi\</path>
         <kind>archive</kind>
         <file>libclang_rt.builtins.a</file>
         <name>aeabi_uidivmod.S.obj</name>
      </input_file>
      <input_file id="fl-d0">
         <path>D:\TIsoftwares\ccstheia140\ccs\tools\compiler\ti-cgt-armllvm_3.2.2.LTS\lib\clang\15.0.7\lib\armv6m-ti-none-eabi\</path>
         <kind>archive</kind>
         <file>libclang_rt.builtins.a</file>
         <name>aeabi_uldivmod.S.obj</name>
      </input_file>
      <input_file id="fl-d1">
         <path>D:\TIsoftwares\ccstheia140\ccs\tools\compiler\ti-cgt-armllvm_3.2.2.LTS\lib\clang\15.0.7\lib\armv6m-ti-none-eabi\</path>
         <kind>archive</kind>
         <file>libclang_rt.builtins.a</file>
         <name>comparesf2.S.obj</name>
      </input_file>
      <input_file id="fl-d2">
         <path>D:\TIsoftwares\ccstheia140\ccs\tools\compiler\ti-cgt-armllvm_3.2.2.LTS\lib\clang\15.0.7\lib\armv6m-ti-none-eabi\</path>
         <kind>archive</kind>
         <file>libclang_rt.builtins.a</file>
         <name>udivmoddi4.S.obj</name>
      </input_file>
      <input_file id="fl-d3">
         <path>D:\TIsoftwares\ccstheia140\ccs\tools\compiler\ti-cgt-armllvm_3.2.2.LTS\lib\clang\15.0.7\lib\armv6m-ti-none-eabi\</path>
         <kind>archive</kind>
         <file>libclang_rt.builtins.a</file>
         <name>ashldi3.S.obj</name>
      </input_file>
      <input_file id="fl-d4">
         <path>D:\TIsoftwares\ccstheia140\ccs\tools\compiler\ti-cgt-armllvm_3.2.2.LTS\lib\clang\15.0.7\lib\armv6m-ti-none-eabi\</path>
         <kind>archive</kind>
         <file>libclang_rt.builtins.a</file>
         <name>comparedf2.c.obj</name>
      </input_file>
      <input_file id="fl-d5">
         <path>D:\TIsoftwares\ccstheia140\ccs\tools\compiler\ti-cgt-armllvm_3.2.2.LTS\lib\clang\15.0.7\lib\armv6m-ti-none-eabi\</path>
         <kind>archive</kind>
         <file>libclang_rt.builtins.a</file>
         <name>aeabi_div0.c.obj</name>
      </input_file>
      <input_file id="fl-d6">
         <path>D:\TIsoftwares\ccstheia140\ccs\tools\compiler\ti-cgt-armllvm_3.2.2.LTS\lib\armv6m-ti-none-eabi\c\</path>
         <kind>archive</kind>
         <file>libc.a</file>
         <name>memcpy16.S.obj</name>
      </input_file>
      <input_file id="fl-d7">
         <path>D:\TIsoftwares\ccstheia140\ccs\tools\compiler\ti-cgt-armllvm_3.2.2.LTS\lib\armv6m-ti-none-eabi\c\</path>
         <kind>archive</kind>
         <file>libc.a</file>
         <name>memset16.S.obj</name>
      </input_file>
   </input_file_list>
   <object_component_list>
      <object_component id="oc-18">
         <name>.intvecs</name>
         <load_address>0x0</load_address>
         <readonly>true</readonly>
         <run_address>0x0</run_address>
         <size>0xc0</size>
         <alignment>0x4</alignment>
         <input_file_ref idref="fl-3"/>
      </object_component>
      <object_component id="oc-1ba">
         <name>.text:__TI_printfi</name>
         <load_address>0xc0</load_address>
         <readonly>true</readonly>
         <executable>true</executable>
         <run_address>0xc0</run_address>
         <size>0xa00</size>
         <alignment>0x4</alignment>
         <input_file_ref idref="fl-31"/>
      </object_component>
      <object_component id="oc-118">
         <name>.text.arm_radix8_butterfly_f32</name>
         <load_address>0xac0</load_address>
         <readonly>true</readonly>
         <executable>true</executable>
         <run_address>0xac0</run_address>
         <size>0x8fc</size>
         <alignment>0x4</alignment>
         <input_file_ref idref="fl-19"/>
      </object_component>
      <object_component id="oc-116">
         <name>.text.arm_cfft_radix8by4_f32</name>
         <load_address>0x13bc</load_address>
         <readonly>true</readonly>
         <executable>true</executable>
         <run_address>0x13bc</run_address>
         <size>0x774</size>
         <alignment>0x2</alignment>
         <input_file_ref idref="fl-18"/>
      </object_component>
      <object_component id="oc-117">
         <name>.text.arm_cfft_radix8by2_f32</name>
         <load_address>0x1b30</load_address>
         <readonly>true</readonly>
         <executable>true</executable>
         <run_address>0x1b30</run_address>
         <size>0x2b0</size>
         <alignment>0x2</alignment>
         <input_file_ref idref="fl-18"/>
      </object_component>
      <object_component id="oc-ba">
         <name>.text.Interpolate_array</name>
         <load_address>0x1de0</load_address>
         <readonly>true</readonly>
         <executable>true</executable>
         <run_address>0x1de0</run_address>
         <size>0x264</size>
         <alignment>0x4</alignment>
         <input_file_ref idref="fl-4"/>
      </object_component>
      <object_component id="oc-234">
         <name>.text._pconv_a</name>
         <load_address>0x2044</load_address>
         <readonly>true</readonly>
         <executable>true</executable>
         <run_address>0x2044</run_address>
         <size>0x220</size>
         <alignment>0x4</alignment>
         <input_file_ref idref="fl-31"/>
      </object_component>
      <object_component id="oc-237">
         <name>.text._pconv_g</name>
         <load_address>0x2264</load_address>
         <readonly>true</readonly>
         <executable>true</executable>
         <run_address>0x2264</run_address>
         <size>0x1dc</size>
         <alignment>0x4</alignment>
         <input_file_ref idref="fl-31"/>
      </object_component>
      <object_component id="oc-8d">
         <name>.text.arm_cfft_f32</name>
         <load_address>0x2440</load_address>
         <readonly>true</readonly>
         <executable>true</executable>
         <run_address>0x2440</run_address>
         <size>0x1c8</size>
         <alignment>0x4</alignment>
         <input_file_ref idref="fl-18"/>
      </object_component>
      <object_component id="oc-93">
         <name>.text.arm_cmplx_mag_f32</name>
         <load_address>0x2608</load_address>
         <readonly>true</readonly>
         <executable>true</executable>
         <run_address>0x2608</run_address>
         <size>0x1a0</size>
         <alignment>0x4</alignment>
         <input_file_ref idref="fl-17"/>
      </object_component>
      <object_component id="oc-145">
         <name>.text.adddf3_subdf3</name>
         <load_address>0x27a8</load_address>
         <readonly>true</readonly>
         <executable>true</executable>
         <run_address>0x27a8</run_address>
         <size>0x192</size>
         <alignment>0x4</alignment>
         <input_file_ref idref="fl-bc"/>
      </object_component>
      <object_component id="oc-159">
         <name>.text.__aeabi_idiv0</name>
         <load_address>0x293a</load_address>
         <readonly>true</readonly>
         <executable>true</executable>
         <run_address>0x293a</run_address>
         <size>0x2</size>
         <alignment>0x2</alignment>
         <input_file_ref idref="fl-d5"/>
      </object_component>
      <object_component id="oc-26f">
         <name>.text.fcvt</name>
         <load_address>0x293c</load_address>
         <readonly>true</readonly>
         <executable>true</executable>
         <run_address>0x293c</run_address>
         <size>0x13c</size>
         <alignment>0x4</alignment>
         <input_file_ref idref="fl-31"/>
      </object_component>
      <object_component id="oc-11c">
         <name>.text.arm_bitreversal_32</name>
         <load_address>0x2a78</load_address>
         <readonly>true</readonly>
         <executable>true</executable>
         <run_address>0x2a78</run_address>
         <size>0x134</size>
         <alignment>0x2</alignment>
         <input_file_ref idref="fl-1b"/>
      </object_component>
      <object_component id="oc-a7">
         <name>.text.ChangeSamplingTime</name>
         <load_address>0x2bac</load_address>
         <readonly>true</readonly>
         <executable>true</executable>
         <run_address>0x2bac</run_address>
         <size>0x12c</size>
         <alignment>0x4</alignment>
         <input_file_ref idref="fl-4"/>
      </object_component>
      <object_component id="oc-235">
         <name>.text._pconv_e</name>
         <load_address>0x2cd8</load_address>
         <readonly>true</readonly>
         <executable>true</executable>
         <run_address>0x2cd8</run_address>
         <size>0x120</size>
         <alignment>0x4</alignment>
         <input_file_ref idref="fl-31"/>
      </object_component>
      <object_component id="oc-13d">
         <name>.text.__divdf3</name>
         <load_address>0x2df8</load_address>
         <readonly>true</readonly>
         <executable>true</executable>
         <run_address>0x2df8</run_address>
         <size>0x10c</size>
         <alignment>0x4</alignment>
         <input_file_ref idref="fl-c1"/>
      </object_component>
      <object_component id="oc-1ec">
         <name>.text.DL_Timer_initTimerMode</name>
         <load_address>0x2f04</load_address>
         <readonly>true</readonly>
         <executable>true</executable>
         <run_address>0x2f04</run_address>
         <size>0xe8</size>
         <alignment>0x4</alignment>
         <input_file_ref idref="fl-1f"/>
      </object_component>
      <object_component id="oc-108">
         <name>.text.__muldf3</name>
         <load_address>0x2fec</load_address>
         <readonly>true</readonly>
         <executable>true</executable>
         <run_address>0x2fec</run_address>
         <size>0xe4</size>
         <alignment>0x4</alignment>
         <input_file_ref idref="fl-bd"/>
      </object_component>
      <object_component id="oc-1e2">
         <name>.text.DL_SYSCTL_configSYSPLL</name>
         <load_address>0x30d0</load_address>
         <readonly>true</readonly>
         <executable>true</executable>
         <run_address>0x30d0</run_address>
         <size>0xdc</size>
         <alignment>0x4</alignment>
         <input_file_ref idref="fl-21"/>
      </object_component>
      <object_component id="oc-261">
         <name>.text.scalbn</name>
         <load_address>0x31ac</load_address>
         <readonly>true</readonly>
         <executable>true</executable>
         <run_address>0x31ac</run_address>
         <size>0xd8</size>
         <alignment>0x4</alignment>
         <input_file_ref idref="fl-34"/>
      </object_component>
      <object_component id="oc-bf">
         <name>.text</name>
         <load_address>0x3284</load_address>
         <readonly>true</readonly>
         <executable>true</executable>
         <run_address>0x3284</run_address>
         <size>0xd8</size>
         <alignment>0x4</alignment>
         <input_file_ref idref="fl-bb"/>
      </object_component>
      <object_component id="oc-a6">
         <name>.text.ADC_FFT_Get_Wave_Mes</name>
         <load_address>0x335c</load_address>
         <readonly>true</readonly>
         <executable>true</executable>
         <run_address>0x335c</run_address>
         <size>0xc4</size>
         <alignment>0x4</alignment>
         <input_file_ref idref="fl-4"/>
      </object_component>
      <object_component id="oc-67">
         <name>.text.Show_Waveforms</name>
         <load_address>0x3420</load_address>
         <readonly>true</readonly>
         <executable>true</executable>
         <run_address>0x3420</run_address>
         <size>0xbc</size>
         <alignment>0x4</alignment>
         <input_file_ref idref="fl-4"/>
      </object_component>
      <object_component id="oc-128">
         <name>.text.sqrtf</name>
         <load_address>0x34dc</load_address>
         <readonly>true</readonly>
         <executable>true</executable>
         <run_address>0x34dc</run_address>
         <size>0xa8</size>
         <alignment>0x4</alignment>
         <input_file_ref idref="fl-32"/>
      </object_component>
      <object_component id="oc-258">
         <name>.text</name>
         <load_address>0x3584</load_address>
         <readonly>true</readonly>
         <executable>true</executable>
         <run_address>0x3584</run_address>
         <size>0xa2</size>
         <alignment>0x4</alignment>
         <input_file_ref idref="fl-d2"/>
      </object_component>
      <object_component id="oc-276">
         <name>.text.__aeabi_ldiv0</name>
         <load_address>0x3626</load_address>
         <readonly>true</readonly>
         <executable>true</executable>
         <run_address>0x3626</run_address>
         <size>0x2</size>
         <alignment>0x2</alignment>
         <input_file_ref idref="fl-d5"/>
      </object_component>
      <object_component id="oc-ab">
         <name>.text.Show_Parameters</name>
         <load_address>0x3628</load_address>
         <readonly>true</readonly>
         <executable>true</executable>
         <run_address>0x3628</run_address>
         <size>0xa0</size>
         <alignment>0x4</alignment>
         <input_file_ref idref="fl-4"/>
      </object_component>
      <object_component id="oc-84">
         <name>.text.window</name>
         <load_address>0x36c8</load_address>
         <readonly>true</readonly>
         <executable>true</executable>
         <run_address>0x36c8</run_address>
         <size>0xa0</size>
         <alignment>0x4</alignment>
         <input_file_ref idref="fl-4"/>
      </object_component>
      <object_component id="oc-5d">
         <name>.text.FFT_Process</name>
         <load_address>0x3768</load_address>
         <readonly>true</readonly>
         <executable>true</executable>
         <run_address>0x3768</run_address>
         <size>0x94</size>
         <alignment>0x4</alignment>
         <input_file_ref idref="fl-4"/>
      </object_component>
      <object_component id="oc-17c">
         <name>.text.SYSCFG_DL_ADC12_0_init</name>
         <load_address>0x37fc</load_address>
         <readonly>true</readonly>
         <executable>true</executable>
         <run_address>0x37fc</run_address>
         <size>0x94</size>
         <alignment>0x4</alignment>
         <input_file_ref idref="fl-2"/>
      </object_component>
      <object_component id="oc-34">
         <name>.text.ADC0_IRQHandler</name>
         <load_address>0x3890</load_address>
         <readonly>true</readonly>
         <executable>true</executable>
         <run_address>0x3890</run_address>
         <size>0x90</size>
         <alignment>0x4</alignment>
         <input_file_ref idref="fl-1"/>
      </object_component>
      <object_component id="oc-a8">
         <name>.text.Find_Harmonics</name>
         <load_address>0x3920</load_address>
         <readonly>true</readonly>
         <executable>true</executable>
         <run_address>0x3920</run_address>
         <size>0x8c</size>
         <alignment>0x4</alignment>
         <input_file_ref idref="fl-4"/>
      </object_component>
      <object_component id="oc-89">
         <name>.text.__mulsf3</name>
         <load_address>0x39ac</load_address>
         <readonly>true</readonly>
         <executable>true</executable>
         <run_address>0x39ac</run_address>
         <size>0x8c</size>
         <alignment>0x4</alignment>
         <input_file_ref idref="fl-bf"/>
      </object_component>
      <object_component id="oc-bb">
         <name>.text.__divsf3</name>
         <load_address>0x3a38</load_address>
         <readonly>true</readonly>
         <executable>true</executable>
         <run_address>0x3a38</run_address>
         <size>0x82</size>
         <alignment>0x4</alignment>
         <input_file_ref idref="fl-c0"/>
      </object_component>
      <object_component id="oc-1bb">
         <name>.text._nop</name>
         <load_address>0x3aba</load_address>
         <readonly>true</readonly>
         <executable>true</executable>
         <run_address>0x3aba</run_address>
         <size>0x2</size>
         <alignment>0x2</alignment>
         <input_file_ref idref="fl-36"/>
      </object_component>
      <object_component id="oc-aa">
         <name>.text.Normalized_Amp</name>
         <load_address>0x3abc</load_address>
         <readonly>true</readonly>
         <executable>true</executable>
         <run_address>0x3abc</run_address>
         <size>0x7c</size>
         <alignment>0x4</alignment>
         <input_file_ref idref="fl-4"/>
      </object_component>
      <object_component id="oc-177">
         <name>.text.SYSCFG_DL_initPower</name>
         <load_address>0x3b38</load_address>
         <readonly>true</readonly>
         <executable>true</executable>
         <run_address>0x3b38</run_address>
         <size>0x78</size>
         <alignment>0x4</alignment>
         <input_file_ref idref="fl-2"/>
      </object_component>
      <object_component id="oc-1c">
         <name>.text:decompress:lzss</name>
         <load_address>0x3bb0</load_address>
         <readonly>true</readonly>
         <executable>true</executable>
         <run_address>0x3bb0</run_address>
         <size>0x78</size>
         <alignment>0x4</alignment>
         <input_file_ref idref="fl-45"/>
      </object_component>
      <object_component id="oc-63">
         <name>.text.Process</name>
         <load_address>0x3c28</load_address>
         <readonly>true</readonly>
         <executable>true</executable>
         <run_address>0x3c28</run_address>
         <size>0x74</size>
         <alignment>0x4</alignment>
         <input_file_ref idref="fl-4"/>
      </object_component>
      <object_component id="oc-33">
         <name>.text.Default_Handler</name>
         <load_address>0x3c9c</load_address>
         <readonly>true</readonly>
         <executable>true</executable>
         <run_address>0x3c9c</run_address>
         <size>0x4</size>
         <alignment>0x2</alignment>
         <input_file_ref idref="fl-3"/>
      </object_component>
      <object_component id="oc-10c">
         <name>.text.__truncdfsf2</name>
         <load_address>0x3ca0</load_address>
         <readonly>true</readonly>
         <executable>true</executable>
         <run_address>0x3ca0</run_address>
         <size>0x74</size>
         <alignment>0x10</alignment>
         <input_file_ref idref="fl-c9"/>
      </object_component>
      <object_component id="oc-1ae">
         <name>.text.__gedf2</name>
         <load_address>0x3d14</load_address>
         <readonly>true</readonly>
         <executable>true</executable>
         <run_address>0x3d14</run_address>
         <size>0x70</size>
         <alignment>0x4</alignment>
         <input_file_ref idref="fl-d4"/>
      </object_component>
      <object_component id="oc-1a8">
         <name>.text.__ledf2</name>
         <load_address>0x3d84</load_address>
         <readonly>true</readonly>
         <executable>true</executable>
         <run_address>0x3d84</run_address>
         <size>0x6c</size>
         <alignment>0x4</alignment>
         <input_file_ref idref="fl-d4"/>
      </object_component>
      <object_component id="oc-26d">
         <name>.text._mcpy</name>
         <load_address>0x3df0</load_address>
         <readonly>true</readonly>
         <executable>true</executable>
         <run_address>0x3df0</run_address>
         <size>0x66</size>
         <alignment>0x2</alignment>
         <input_file_ref idref="fl-31"/>
      </object_component>
      <object_component id="oc-1dc">
         <name>.text.DL_SYSCTL_setHFCLKSourceHFXTParams</name>
         <load_address>0x3e58</load_address>
         <readonly>true</readonly>
         <executable>true</executable>
         <run_address>0x3e58</run_address>
         <size>0x64</size>
         <alignment>0x4</alignment>
         <input_file_ref idref="fl-21"/>
      </object_component>
      <object_component id="oc-14f">
         <name>.text.__aeabi_dcmp</name>
         <load_address>0x3ebc</load_address>
         <readonly>true</readonly>
         <executable>true</executable>
         <run_address>0x3ebc</run_address>
         <size>0x62</size>
         <alignment>0x4</alignment>
         <input_file_ref idref="fl-ca"/>
      </object_component>
      <object_component id="oc-a1">
         <name>.text.__aeabi_fcmp</name>
         <load_address>0x3f20</load_address>
         <readonly>true</readonly>
         <executable>true</executable>
         <run_address>0x3f20</run_address>
         <size>0x62</size>
         <alignment>0x4</alignment>
         <input_file_ref idref="fl-cb"/>
      </object_component>
      <object_component id="oc-62">
         <name>.text.Find_BaseIndex</name>
         <load_address>0x3f84</load_address>
         <readonly>true</readonly>
         <executable>true</executable>
         <run_address>0x3f84</run_address>
         <size>0x5c</size>
         <alignment>0x4</alignment>
         <input_file_ref idref="fl-4"/>
      </object_component>
      <object_component id="oc-25d">
         <name>.text.frexp</name>
         <load_address>0x3fe0</load_address>
         <readonly>true</readonly>
         <executable>true</executable>
         <run_address>0x3fe0</run_address>
         <size>0x5c</size>
         <alignment>0x4</alignment>
         <input_file_ref idref="fl-33"/>
      </object_component>
      <object_component id="oc-b3">
         <name>.text.printf</name>
         <load_address>0x403c</load_address>
         <readonly>true</readonly>
         <executable>true</executable>
         <run_address>0x403c</run_address>
         <size>0x5c</size>
         <alignment>0x4</alignment>
         <input_file_ref idref="fl-30"/>
      </object_component>
      <object_component id="oc-a9">
         <name>.text.THD_Process</name>
         <load_address>0x4098</load_address>
         <readonly>true</readonly>
         <executable>true</executable>
         <run_address>0x4098</run_address>
         <size>0x58</size>
         <alignment>0x4</alignment>
         <input_file_ref idref="fl-4"/>
      </object_component>
      <object_component id="oc-265">
         <name>.text.__TI_ltoa</name>
         <load_address>0x40f0</load_address>
         <readonly>true</readonly>
         <executable>true</executable>
         <run_address>0x40f0</run_address>
         <size>0x58</size>
         <alignment>0x2</alignment>
         <input_file_ref idref="fl-37"/>
      </object_component>
      <object_component id="oc-236">
         <name>.text._pconv_f</name>
         <load_address>0x4148</load_address>
         <readonly>true</readonly>
         <executable>true</executable>
         <run_address>0x4148</run_address>
         <size>0x58</size>
         <alignment>0x2</alignment>
         <input_file_ref idref="fl-31"/>
      </object_component>
      <object_component id="oc-282">
         <name>.text.__aeabi_idivmod</name>
         <load_address>0x41a0</load_address>
         <readonly>true</readonly>
         <executable>true</executable>
         <run_address>0x41a0</run_address>
         <size>0x56</size>
         <alignment>0x4</alignment>
         <input_file_ref idref="fl-cc"/>
      </object_component>
      <object_component id="oc-26b">
         <name>.text._ecpy</name>
         <load_address>0x41f6</load_address>
         <readonly>true</readonly>
         <executable>true</executable>
         <run_address>0x41f6</run_address>
         <size>0x52</size>
         <alignment>0x2</alignment>
         <input_file_ref idref="fl-31"/>
      </object_component>
      <object_component id="oc-1c4">
         <name>.text.fputs</name>
         <load_address>0x4248</load_address>
         <readonly>true</readonly>
         <executable>true</executable>
         <run_address>0x4248</run_address>
         <size>0x50</size>
         <alignment>0x4</alignment>
         <input_file_ref idref="fl-1"/>
      </object_component>
      <object_component id="oc-204">
         <name>.text.DL_ADC12_initSingleSample</name>
         <load_address>0x4298</load_address>
         <readonly>true</readonly>
         <executable>true</executable>
         <run_address>0x4298</run_address>
         <size>0x4c</size>
         <alignment>0x4</alignment>
         <input_file_ref idref="fl-2"/>
      </object_component>
      <object_component id="oc-248">
         <name>.text.DL_DMA_initChannel</name>
         <load_address>0x42e4</load_address>
         <readonly>true</readonly>
         <executable>true</executable>
         <run_address>0x42e4</run_address>
         <size>0x4c</size>
         <alignment>0x4</alignment>
         <input_file_ref idref="fl-1e"/>
      </object_component>
      <object_component id="oc-1fa">
         <name>.text.DL_UART_setBaudRateDivisor</name>
         <load_address>0x4330</load_address>
         <readonly>true</readonly>
         <executable>true</executable>
         <run_address>0x4330</run_address>
         <size>0x4c</size>
         <alignment>0x4</alignment>
         <input_file_ref idref="fl-2"/>
      </object_component>
      <object_component id="oc-179">
         <name>.text.SYSCFG_DL_SYSCTL_init</name>
         <load_address>0x437c</load_address>
         <readonly>true</readonly>
         <executable>true</executable>
         <run_address>0x437c</run_address>
         <size>0x4c</size>
         <alignment>0x4</alignment>
         <input_file_ref idref="fl-2"/>
      </object_component>
      <object_component id="oc-205">
         <name>.text.DL_ADC12_configConversionMem</name>
         <load_address>0x43c8</load_address>
         <readonly>true</readonly>
         <executable>true</executable>
         <run_address>0x43c8</run_address>
         <size>0x4a</size>
         <alignment>0x2</alignment>
         <input_file_ref idref="fl-2"/>
      </object_component>
      <object_component id="oc-149">
         <name>.text.__fixdfsi</name>
         <load_address>0x4414</load_address>
         <readonly>true</readonly>
         <executable>true</executable>
         <run_address>0x4414</run_address>
         <size>0x4a</size>
         <alignment>0x4</alignment>
         <input_file_ref idref="fl-c3"/>
      </object_component>
      <object_component id="oc-1f8">
         <name>.text.DL_UART_init</name>
         <load_address>0x4460</load_address>
         <readonly>true</readonly>
         <executable>true</executable>
         <run_address>0x4460</run_address>
         <size>0x48</size>
         <alignment>0x4</alignment>
         <input_file_ref idref="fl-20"/>
      </object_component>
      <object_component id="oc-1e4">
         <name>.text.DL_SYSCTL_switchMCLKfromSYSOSCtoHSCLK</name>
         <load_address>0x44a8</load_address>
         <readonly>true</readonly>
         <executable>true</executable>
         <run_address>0x44a8</run_address>
         <size>0x44</size>
         <alignment>0x4</alignment>
         <input_file_ref idref="fl-21"/>
      </object_component>
      <object_component id="oc-17a">
         <name>.text.SYSCFG_DL_TIMER_0_init</name>
         <load_address>0x44ec</load_address>
         <readonly>true</readonly>
         <executable>true</executable>
         <run_address>0x44ec</run_address>
         <size>0x44</size>
         <alignment>0x4</alignment>
         <input_file_ref idref="fl-2"/>
      </object_component>
      <object_component id="oc-79">
         <name>.text.main</name>
         <load_address>0x4530</load_address>
         <readonly>true</readonly>
         <executable>true</executable>
         <run_address>0x4530</run_address>
         <size>0x44</size>
         <alignment>0x4</alignment>
         <input_file_ref idref="fl-1"/>
      </object_component>
      <object_component id="oc-1fe">
         <name>.text.DL_ADC12_setClockConfig</name>
         <load_address>0x4574</load_address>
         <readonly>true</readonly>
         <executable>true</executable>
         <run_address>0x4574</run_address>
         <size>0x40</size>
         <alignment>0x4</alignment>
         <input_file_ref idref="fl-1c"/>
      </object_component>
      <object_component id="oc-17b">
         <name>.text.SYSCFG_DL_UART_0_init</name>
         <load_address>0x45b4</load_address>
         <readonly>true</readonly>
         <executable>true</executable>
         <run_address>0x45b4</run_address>
         <size>0x40</size>
         <alignment>0x4</alignment>
         <input_file_ref idref="fl-2"/>
      </object_component>
      <object_component id="oc-ac">
         <name>.text.__aeabi_uidivmod</name>
         <load_address>0x45f4</load_address>
         <readonly>true</readonly>
         <executable>true</executable>
         <run_address>0x45f4</run_address>
         <size>0x40</size>
         <alignment>0x4</alignment>
         <input_file_ref idref="fl-cf"/>
      </object_component>
      <object_component id="oc-104">
         <name>.text.__extendsfdf2</name>
         <load_address>0x4634</load_address>
         <readonly>true</readonly>
         <executable>true</executable>
         <run_address>0x4634</run_address>
         <size>0x40</size>
         <alignment>0x4</alignment>
         <input_file_ref idref="fl-c2"/>
      </object_component>
      <object_component id="oc-223">
         <name>.text.atoi</name>
         <load_address>0x4674</load_address>
         <readonly>true</readonly>
         <executable>true</executable>
         <run_address>0x4674</run_address>
         <size>0x40</size>
         <alignment>0x4</alignment>
         <input_file_ref idref="fl-39"/>
      </object_component>
      <object_component id="oc-85">
         <name>.text.__floatsisf</name>
         <load_address>0x46b4</load_address>
         <readonly>true</readonly>
         <executable>true</executable>
         <run_address>0x46b4</run_address>
         <size>0x3c</size>
         <alignment>0x4</alignment>
         <input_file_ref idref="fl-c6"/>
      </object_component>
      <object_component id="oc-13b">
         <name>.text.__gtsf2</name>
         <load_address>0x46f0</load_address>
         <readonly>true</readonly>
         <executable>true</executable>
         <run_address>0x46f0</run_address>
         <size>0x3c</size>
         <alignment>0x4</alignment>
         <input_file_ref idref="fl-d1"/>
      </object_component>
      <object_component id="oc-e6">
         <name>.text:__TI_auto_init_nobinit_nopinit</name>
         <load_address>0x472c</load_address>
         <readonly>true</readonly>
         <executable>true</executable>
         <run_address>0x472c</run_address>
         <size>0x3c</size>
         <alignment>0x4</alignment>
         <input_file_ref idref="fl-40"/>
      </object_component>
      <object_component id="oc-136">
         <name>.text.__eqsf2</name>
         <load_address>0x4768</load_address>
         <readonly>true</readonly>
         <executable>true</executable>
         <run_address>0x4768</run_address>
         <size>0x3a</size>
         <alignment>0x4</alignment>
         <input_file_ref idref="fl-d1"/>
      </object_component>
      <object_component id="oc-111">
         <name>.text.__muldsi3</name>
         <load_address>0x47a4</load_address>
         <readonly>true</readonly>
         <executable>true</executable>
         <run_address>0x47a4</run_address>
         <size>0x3a</size>
         <alignment>0x4</alignment>
         <input_file_ref idref="fl-be"/>
      </object_component>
      <object_component id="oc-1ef">
         <name>.text.DL_Timer_setPublisherChanID</name>
         <load_address>0x47e0</load_address>
         <readonly>true</readonly>
         <executable>true</executable>
         <run_address>0x47e0</run_address>
         <size>0x38</size>
         <alignment>0x4</alignment>
         <input_file_ref idref="fl-2"/>
      </object_component>
      <object_component id="oc-c3">
         <name>.text.__fixsfsi</name>
         <load_address>0x4818</load_address>
         <readonly>true</readonly>
         <executable>true</executable>
         <run_address>0x4818</run_address>
         <size>0x38</size>
         <alignment>0x4</alignment>
         <input_file_ref idref="fl-c4"/>
      </object_component>
      <object_component id="oc-247">
         <name>.text.DL_DMA_setTransferSize</name>
         <load_address>0x4850</load_address>
         <readonly>true</readonly>
         <executable>true</executable>
         <run_address>0x4850</run_address>
         <size>0x30</size>
         <alignment>0x4</alignment>
         <input_file_ref idref="fl-2"/>
      </object_component>
      <object_component id="oc-fe">
         <name>.text._IQ24toF</name>
         <load_address>0x4880</load_address>
         <readonly>true</readonly>
         <executable>true</executable>
         <run_address>0x4880</run_address>
         <size>0x30</size>
         <alignment>0x4</alignment>
         <input_file_ref idref="fl-15"/>
      </object_component>
      <object_component id="oc-26c">
         <name>.text._fcpy</name>
         <load_address>0x48b0</load_address>
         <readonly>true</readonly>
         <executable>true</executable>
         <run_address>0x48b0</run_address>
         <size>0x30</size>
         <alignment>0x2</alignment>
         <input_file_ref idref="fl-31"/>
      </object_component>
      <object_component id="oc-209">
         <name>.text.DL_ADC12_setDMASamplesCnt</name>
         <load_address>0x48e0</load_address>
         <readonly>true</readonly>
         <executable>true</executable>
         <run_address>0x48e0</run_address>
         <size>0x2c</size>
         <alignment>0x4</alignment>
         <input_file_ref idref="fl-2"/>
      </object_component>
      <object_component id="oc-210">
         <name>.text.SYSCFG_DL_DMA_CH0_init</name>
         <load_address>0x490c</load_address>
         <readonly>true</readonly>
         <executable>true</executable>
         <run_address>0x490c</run_address>
         <size>0x2c</size>
         <alignment>0x4</alignment>
         <input_file_ref idref="fl-2"/>
      </object_component>
      <object_component id="oc-d6">
         <name>.text.SYSCFG_DL_init</name>
         <load_address>0x4938</load_address>
         <readonly>true</readonly>
         <executable>true</executable>
         <run_address>0x4938</run_address>
         <size>0x2c</size>
         <alignment>0x4</alignment>
         <input_file_ref idref="fl-2"/>
      </object_component>
      <object_component id="oc-f8">
         <name>.text._IQ24cos</name>
         <load_address>0x4964</load_address>
         <readonly>true</readonly>
         <executable>true</executable>
         <run_address>0x4964</run_address>
         <size>0x2c</size>
         <alignment>0x4</alignment>
         <input_file_ref idref="fl-14"/>
      </object_component>
      <object_component id="oc-de">
         <name>.text.__NVIC_EnableIRQ</name>
         <load_address>0x4990</load_address>
         <readonly>true</readonly>
         <executable>true</executable>
         <run_address>0x4990</run_address>
         <size>0x2c</size>
         <alignment>0x4</alignment>
         <input_file_ref idref="fl-1"/>
      </object_component>
      <object_component id="oc-141">
         <name>.text.__floatsidf</name>
         <load_address>0x49bc</load_address>
         <readonly>true</readonly>
         <executable>true</executable>
         <run_address>0x49bc</run_address>
         <size>0x2c</size>
         <alignment>0x4</alignment>
         <input_file_ref idref="fl-c5"/>
      </object_component>
      <object_component id="oc-1c5">
         <name>.text.fputc</name>
         <load_address>0x49e8</load_address>
         <readonly>true</readonly>
         <executable>true</executable>
         <run_address>0x49e8</run_address>
         <size>0x2c</size>
         <alignment>0x4</alignment>
         <input_file_ref idref="fl-1"/>
      </object_component>
      <object_component id="oc-23e">
         <name>.text.DL_Common_updateReg</name>
         <load_address>0x4a14</load_address>
         <readonly>true</readonly>
         <executable>true</executable>
         <run_address>0x4a14</run_address>
         <size>0x28</size>
         <alignment>0x2</alignment>
         <input_file_ref idref="fl-2"/>
      </object_component>
      <object_component id="oc-dc">
         <name>.text.DL_DMA_setDestAddr</name>
         <load_address>0x4a3c</load_address>
         <readonly>true</readonly>
         <executable>true</executable>
         <run_address>0x4a3c</run_address>
         <size>0x28</size>
         <alignment>0x4</alignment>
         <input_file_ref idref="fl-1"/>
      </object_component>
      <object_component id="oc-db">
         <name>.text.DL_DMA_setSrcAddr</name>
         <load_address>0x4a64</load_address>
         <readonly>true</readonly>
         <executable>true</executable>
         <run_address>0x4a64</run_address>
         <size>0x28</size>
         <alignment>0x4</alignment>
         <input_file_ref idref="fl-1"/>
      </object_component>
      <object_component id="oc-1ee">
         <name>.text.DL_Timer_enableEvent</name>
         <load_address>0x4a8c</load_address>
         <readonly>true</readonly>
         <executable>true</executable>
         <run_address>0x4a8c</run_address>
         <size>0x28</size>
         <alignment>0x4</alignment>
         <input_file_ref idref="fl-2"/>
      </object_component>
      <object_component id="oc-122">
         <name>.text.__floatunsisf</name>
         <load_address>0x4ab4</load_address>
         <readonly>true</readonly>
         <executable>true</executable>
         <run_address>0x4ab4</run_address>
         <size>0x28</size>
         <alignment>0x4</alignment>
         <input_file_ref idref="fl-c7"/>
      </object_component>
      <object_component id="oc-54">
         <name>.text:_c_int00_noargs</name>
         <load_address>0x4adc</load_address>
         <readonly>true</readonly>
         <executable>true</executable>
         <run_address>0x4adc</run_address>
         <size>0x28</size>
         <alignment>0x4</alignment>
         <input_file_ref idref="fl-3e"/>
      </object_component>
      <object_component id="oc-dd">
         <name>.text.DL_DMA_enableChannel</name>
         <load_address>0x4b04</load_address>
         <readonly>true</readonly>
         <executable>true</executable>
         <run_address>0x4b04</run_address>
         <size>0x26</size>
         <alignment>0x2</alignment>
         <input_file_ref idref="fl-1"/>
      </object_component>
      <object_component id="oc-178">
         <name>.text.SYSCFG_DL_GPIO_init</name>
         <load_address>0x4b2a</load_address>
         <readonly>true</readonly>
         <executable>true</executable>
         <run_address>0x4b2a</run_address>
         <size>0x26</size>
         <alignment>0x2</alignment>
         <input_file_ref idref="fl-2"/>
      </object_component>
      <object_component id="oc-22b">
         <name>.text.__muldi3</name>
         <load_address>0x4b50</load_address>
         <readonly>true</readonly>
         <executable>true</executable>
         <run_address>0x4b50</run_address>
         <size>0x24</size>
         <alignment>0x4</alignment>
         <input_file_ref idref="fl-c8"/>
      </object_component>
      <object_component id="oc-b9">
         <name>.text.delay_ms</name>
         <load_address>0x4b74</load_address>
         <readonly>true</readonly>
         <executable>true</executable>
         <run_address>0x4b74</run_address>
         <size>0x24</size>
         <alignment>0x4</alignment>
         <input_file_ref idref="fl-1"/>
      </object_component>
      <object_component id="oc-21c">
         <name>.text.memccpy</name>
         <load_address>0x4b98</load_address>
         <readonly>true</readonly>
         <executable>true</executable>
         <run_address>0x4b98</run_address>
         <size>0x22</size>
         <alignment>0x2</alignment>
         <input_file_ref idref="fl-3b"/>
      </object_component>
      <object_component id="oc-1d6">
         <name>.text.DL_GPIO_initPeripheralInputFunction</name>
         <load_address>0x4bbc</load_address>
         <readonly>true</readonly>
         <executable>true</executable>
         <run_address>0x4bbc</run_address>
         <size>0x20</size>
         <alignment>0x4</alignment>
         <input_file_ref idref="fl-2"/>
      </object_component>
      <object_component id="oc-1d8">
         <name>.text.DL_SYSCTL_setFlashWaitState</name>
         <load_address>0x4bdc</load_address>
         <readonly>true</readonly>
         <executable>true</executable>
         <run_address>0x4bdc</run_address>
         <size>0x20</size>
         <alignment>0x4</alignment>
         <input_file_ref idref="fl-2"/>
      </object_component>
      <object_component id="oc-206">
         <name>.text.DL_ADC12_setPowerDownMode</name>
         <load_address>0x4bfc</load_address>
         <readonly>true</readonly>
         <executable>true</executable>
         <run_address>0x4bfc</run_address>
         <size>0x1e</size>
         <alignment>0x2</alignment>
         <input_file_ref idref="fl-2"/>
      </object_component>
      <object_component id="oc-1f9">
         <name>.text.DL_UART_setOversampling</name>
         <load_address>0x4c1a</load_address>
         <readonly>true</readonly>
         <executable>true</executable>
         <run_address>0x4c1a</run_address>
         <size>0x1e</size>
         <alignment>0x2</alignment>
         <input_file_ref idref="fl-2"/>
      </object_component>
      <object_component id="oc-277">
         <name>.text.__ashldi3</name>
         <load_address>0x4c38</load_address>
         <readonly>true</readonly>
         <executable>true</executable>
         <run_address>0x4c38</run_address>
         <size>0x1e</size>
         <alignment>0x4</alignment>
         <input_file_ref idref="fl-d3"/>
      </object_component>
      <object_component id="oc-64">
         <name>.text.DL_ADC12_clearInterruptStatus</name>
         <load_address>0x4c58</load_address>
         <readonly>true</readonly>
         <executable>true</executable>
         <run_address>0x4c58</run_address>
         <size>0x1c</size>
         <alignment>0x4</alignment>
         <input_file_ref idref="fl-1"/>
      </object_component>
      <object_component id="oc-20c">
         <name>.text.DL_ADC12_clearInterruptStatus</name>
         <load_address>0x4c74</load_address>
         <readonly>true</readonly>
         <executable>true</executable>
         <run_address>0x4c74</run_address>
         <size>0x1c</size>
         <alignment>0x4</alignment>
         <input_file_ref idref="fl-2"/>
      </object_component>
      <object_component id="oc-208">
         <name>.text.DL_ADC12_enableDMA</name>
         <load_address>0x4c90</load_address>
         <readonly>true</readonly>
         <executable>true</executable>
         <run_address>0x4c90</run_address>
         <size>0x1c</size>
         <alignment>0x4</alignment>
         <input_file_ref idref="fl-2"/>
      </object_component>
      <object_component id="oc-20a">
         <name>.text.DL_ADC12_enableDMATrigger</name>
         <load_address>0x4cac</load_address>
         <readonly>true</readonly>
         <executable>true</executable>
         <run_address>0x4cac</run_address>
         <size>0x1c</size>
         <alignment>0x4</alignment>
         <input_file_ref idref="fl-2"/>
      </object_component>
      <object_component id="oc-20d">
         <name>.text.DL_ADC12_enableInterrupt</name>
         <load_address>0x4cc8</load_address>
         <readonly>true</readonly>
         <executable>true</executable>
         <run_address>0x4cc8</run_address>
         <size>0x1c</size>
         <alignment>0x4</alignment>
         <input_file_ref idref="fl-2"/>
      </object_component>
      <object_component id="oc-1d5">
         <name>.text.DL_GPIO_initPeripheralOutputFunction</name>
         <load_address>0x4ce4</load_address>
         <readonly>true</readonly>
         <executable>true</executable>
         <run_address>0x4ce4</run_address>
         <size>0x1c</size>
         <alignment>0x4</alignment>
         <input_file_ref idref="fl-2"/>
      </object_component>
      <object_component id="oc-1d9">
         <name>.text.DL_SYSCTL_setSYSOSCFreq</name>
         <load_address>0x4d00</load_address>
         <readonly>true</readonly>
         <executable>true</executable>
         <run_address>0x4d00</run_address>
         <size>0x1c</size>
         <alignment>0x4</alignment>
         <input_file_ref idref="fl-2"/>
      </object_component>
      <object_component id="oc-1e3">
         <name>.text.DL_SYSCTL_setULPCLKDivider</name>
         <load_address>0x4d1c</load_address>
         <readonly>true</readonly>
         <executable>true</executable>
         <run_address>0x4d1c</run_address>
         <size>0x1c</size>
         <alignment>0x4</alignment>
         <input_file_ref idref="fl-2"/>
      </object_component>
      <object_component id="oc-1e6">
         <name>.text.DL_Timer_setClockConfig</name>
         <load_address>0x4d38</load_address>
         <readonly>true</readonly>
         <executable>true</executable>
         <run_address>0x4d38</run_address>
         <size>0x1c</size>
         <alignment>0x4</alignment>
         <input_file_ref idref="fl-1f"/>
      </object_component>
      <object_component id="oc-20b">
         <name>.text.DL_ADC12_setSubscriberChanID</name>
         <load_address>0x4d54</load_address>
         <readonly>true</readonly>
         <executable>true</executable>
         <run_address>0x4d54</run_address>
         <size>0x1a</size>
         <alignment>0x2</alignment>
         <input_file_ref idref="fl-2"/>
      </object_component>
      <object_component id="oc-1d2">
         <name>.text.DL_ADC12_enablePower</name>
         <load_address>0x4d70</load_address>
         <readonly>true</readonly>
         <executable>true</executable>
         <run_address>0x4d70</run_address>
         <size>0x18</size>
         <alignment>0x4</alignment>
         <input_file_ref idref="fl-2"/>
      </object_component>
      <object_component id="oc-1cd">
         <name>.text.DL_ADC12_reset</name>
         <load_address>0x4d88</load_address>
         <readonly>true</readonly>
         <executable>true</executable>
         <run_address>0x4d88</run_address>
         <size>0x18</size>
         <alignment>0x4</alignment>
         <input_file_ref idref="fl-2"/>
      </object_component>
      <object_component id="oc-207">
         <name>.text.DL_ADC12_setSampleTime0</name>
         <load_address>0x4da0</load_address>
         <readonly>true</readonly>
         <executable>true</executable>
         <run_address>0x4da0</run_address>
         <size>0x18</size>
         <alignment>0x4</alignment>
         <input_file_ref idref="fl-2"/>
      </object_component>
      <object_component id="oc-1cf">
         <name>.text.DL_GPIO_enablePower</name>
         <load_address>0x4db8</load_address>
         <readonly>true</readonly>
         <executable>true</executable>
         <run_address>0x4db8</run_address>
         <size>0x18</size>
         <alignment>0x4</alignment>
         <input_file_ref idref="fl-2"/>
      </object_component>
      <object_component id="oc-1d4">
         <name>.text.DL_GPIO_initPeripheralAnalogFunction</name>
         <load_address>0x4dd0</load_address>
         <readonly>true</readonly>
         <executable>true</executable>
         <run_address>0x4dd0</run_address>
         <size>0x18</size>
         <alignment>0x4</alignment>
         <input_file_ref idref="fl-2"/>
      </object_component>
      <object_component id="oc-1ca">
         <name>.text.DL_GPIO_reset</name>
         <load_address>0x4de8</load_address>
         <readonly>true</readonly>
         <executable>true</executable>
         <run_address>0x4de8</run_address>
         <size>0x18</size>
         <alignment>0x4</alignment>
         <input_file_ref idref="fl-2"/>
      </object_component>
      <object_component id="oc-1d3">
         <name>.text.DL_MathACL_enablePower</name>
         <load_address>0x4e00</load_address>
         <readonly>true</readonly>
         <executable>true</executable>
         <run_address>0x4e00</run_address>
         <size>0x18</size>
         <alignment>0x4</alignment>
         <input_file_ref idref="fl-2"/>
      </object_component>
      <object_component id="oc-1ce">
         <name>.text.DL_MathACL_reset</name>
         <load_address>0x4e18</load_address>
         <readonly>true</readonly>
         <executable>true</executable>
         <run_address>0x4e18</run_address>
         <size>0x18</size>
         <alignment>0x4</alignment>
         <input_file_ref idref="fl-2"/>
      </object_component>
      <object_component id="oc-1d7">
         <name>.text.DL_SYSCTL_setBORThreshold</name>
         <load_address>0x4e30</load_address>
         <readonly>true</readonly>
         <executable>true</executable>
         <run_address>0x4e30</run_address>
         <size>0x18</size>
         <alignment>0x4</alignment>
         <input_file_ref idref="fl-2"/>
      </object_component>
      <object_component id="oc-1d0">
         <name>.text.DL_Timer_enablePower</name>
         <load_address>0x4e48</load_address>
         <readonly>true</readonly>
         <executable>true</executable>
         <run_address>0x4e48</run_address>
         <size>0x18</size>
         <alignment>0x4</alignment>
         <input_file_ref idref="fl-2"/>
      </object_component>
      <object_component id="oc-1cb">
         <name>.text.DL_Timer_reset</name>
         <load_address>0x4e60</load_address>
         <readonly>true</readonly>
         <executable>true</executable>
         <run_address>0x4e60</run_address>
         <size>0x18</size>
         <alignment>0x4</alignment>
         <input_file_ref idref="fl-2"/>
      </object_component>
      <object_component id="oc-65">
         <name>.text.DL_Timer_setLoadValue</name>
         <load_address>0x4e78</load_address>
         <readonly>true</readonly>
         <executable>true</executable>
         <run_address>0x4e78</run_address>
         <size>0x18</size>
         <alignment>0x4</alignment>
         <input_file_ref idref="fl-1"/>
      </object_component>
      <object_component id="oc-66">
         <name>.text.DL_Timer_startCounter</name>
         <load_address>0x4e90</load_address>
         <readonly>true</readonly>
         <executable>true</executable>
         <run_address>0x4e90</run_address>
         <size>0x18</size>
         <alignment>0x4</alignment>
         <input_file_ref idref="fl-1"/>
      </object_component>
      <object_component id="oc-5c">
         <name>.text.DL_Timer_stopCounter</name>
         <load_address>0x4ea8</load_address>
         <readonly>true</readonly>
         <executable>true</executable>
         <run_address>0x4ea8</run_address>
         <size>0x18</size>
         <alignment>0x4</alignment>
         <input_file_ref idref="fl-1"/>
      </object_component>
      <object_component id="oc-1d1">
         <name>.text.DL_UART_enablePower</name>
         <load_address>0x4ec0</load_address>
         <readonly>true</readonly>
         <executable>true</executable>
         <run_address>0x4ec0</run_address>
         <size>0x18</size>
         <alignment>0x4</alignment>
         <input_file_ref idref="fl-2"/>
      </object_component>
      <object_component id="oc-23c">
         <name>.text.DL_UART_isBusy</name>
         <load_address>0x4ed8</load_address>
         <readonly>true</readonly>
         <executable>true</executable>
         <run_address>0x4ed8</run_address>
         <size>0x18</size>
         <alignment>0x4</alignment>
         <input_file_ref idref="fl-1"/>
      </object_component>
      <object_component id="oc-1cc">
         <name>.text.DL_UART_reset</name>
         <load_address>0x4ef0</load_address>
         <readonly>true</readonly>
         <executable>true</executable>
         <run_address>0x4ef0</run_address>
         <size>0x18</size>
         <alignment>0x4</alignment>
         <input_file_ref idref="fl-2"/>
      </object_component>
      <object_component id="oc-20e">
         <name>.text.DL_ADC12_enableConversions</name>
         <load_address>0x4f08</load_address>
         <readonly>true</readonly>
         <executable>true</executable>
         <run_address>0x4f08</run_address>
         <size>0x16</size>
         <alignment>0x2</alignment>
         <input_file_ref idref="fl-2"/>
      </object_component>
      <object_component id="oc-1fb">
         <name>.text.DL_UART_enable</name>
         <load_address>0x4f1e</load_address>
         <readonly>true</readonly>
         <executable>true</executable>
         <run_address>0x4f1e</run_address>
         <size>0x16</size>
         <alignment>0x2</alignment>
         <input_file_ref idref="fl-2"/>
      </object_component>
      <object_component id="oc-23d">
         <name>.text.DL_UART_transmitData</name>
         <load_address>0x4f34</load_address>
         <readonly>true</readonly>
         <executable>true</executable>
         <run_address>0x4f34</run_address>
         <size>0x16</size>
         <alignment>0x2</alignment>
         <input_file_ref idref="fl-1"/>
      </object_component>
      <object_component id="oc-1db">
         <name>.text.DL_SYSCTL_disableSYSPLL</name>
         <load_address>0x4f4c</load_address>
         <readonly>true</readonly>
         <executable>true</executable>
         <run_address>0x4f4c</run_address>
         <size>0x14</size>
         <alignment>0x4</alignment>
         <input_file_ref idref="fl-2"/>
      </object_component>
      <object_component id="oc-1ed">
         <name>.text.DL_Timer_enableClock</name>
         <load_address>0x4f60</load_address>
         <readonly>true</readonly>
         <executable>true</executable>
         <run_address>0x4f60</run_address>
         <size>0x14</size>
         <alignment>0x4</alignment>
         <input_file_ref idref="fl-2"/>
      </object_component>
      <object_component id="oc-230">
         <name>.text.__aeabi_uldivmod</name>
         <load_address>0x4f74</load_address>
         <readonly>true</readonly>
         <executable>true</executable>
         <run_address>0x4f74</run_address>
         <size>0x14</size>
         <alignment>0x4</alignment>
         <input_file_ref idref="fl-d0"/>
      </object_component>
      <object_component id="oc-26a">
         <name>.text.strchr</name>
         <load_address>0x4f88</load_address>
         <readonly>true</readonly>
         <executable>true</executable>
         <run_address>0x4f88</run_address>
         <size>0x14</size>
         <alignment>0x2</alignment>
         <input_file_ref idref="fl-31"/>
      </object_component>
      <object_component id="oc-5b">
         <name>.text.DL_ADC12_getPendingInterrupt</name>
         <load_address>0x4f9c</load_address>
         <readonly>true</readonly>
         <executable>true</executable>
         <run_address>0x4f9c</run_address>
         <size>0x12</size>
         <alignment>0x2</alignment>
         <input_file_ref idref="fl-1"/>
      </object_component>
      <object_component id="oc-1f2">
         <name>.text.DL_UART_setClockConfig</name>
         <load_address>0x4fae</load_address>
         <readonly>true</readonly>
         <executable>true</executable>
         <run_address>0x4fae</run_address>
         <size>0x12</size>
         <alignment>0x2</alignment>
         <input_file_ref idref="fl-20"/>
      </object_component>
      <object_component id="oc-cc">
         <name>.text:TI_memcpy_small</name>
         <load_address>0x4fc0</load_address>
         <readonly>true</readonly>
         <executable>true</executable>
         <run_address>0x4fc0</run_address>
         <size>0x12</size>
         <alignment>0x1</alignment>
         <input_file_ref idref="fl-d6"/>
      </object_component>
      <object_component id="oc-20">
         <name>.text:decompress:none</name>
         <load_address>0x4fd2</load_address>
         <readonly>true</readonly>
         <executable>true</executable>
         <run_address>0x4fd2</run_address>
         <size>0x12</size>
         <alignment>0x2</alignment>
         <input_file_ref idref="fl-44"/>
      </object_component>
      <object_component id="oc-1da">
         <name>.text.DL_SYSCTL_disableHFXT</name>
         <load_address>0x4fe4</load_address>
         <readonly>true</readonly>
         <executable>true</executable>
         <run_address>0x4fe4</run_address>
         <size>0x10</size>
         <alignment>0x4</alignment>
         <input_file_ref idref="fl-2"/>
      </object_component>
      <object_component id="oc-227">
         <name>.text.wcslen</name>
         <load_address>0x4ff4</load_address>
         <readonly>true</readonly>
         <executable>true</executable>
         <run_address>0x4ff4</run_address>
         <size>0x10</size>
         <alignment>0x2</alignment>
         <input_file_ref idref="fl-46"/>
      </object_component>
      <object_component id="oc-51">
         <name>.text:decompress:ZI</name>
         <load_address>0x5004</load_address>
         <readonly>true</readonly>
         <executable>true</executable>
         <run_address>0x5004</run_address>
         <size>0x10</size>
         <alignment>0x2</alignment>
         <input_file_ref idref="fl-43"/>
      </object_component>
      <object_component id="oc-21b">
         <name>.text.__aeabi_memset</name>
         <load_address>0x5014</load_address>
         <readonly>true</readonly>
         <executable>true</executable>
         <run_address>0x5014</run_address>
         <size>0xe</size>
         <alignment>0x4</alignment>
         <input_file_ref idref="fl-ce"/>
      </object_component>
      <object_component id="oc-21a">
         <name>.text.strlen</name>
         <load_address>0x5022</load_address>
         <readonly>true</readonly>
         <executable>true</executable>
         <run_address>0x5022</run_address>
         <size>0xe</size>
         <alignment>0x2</alignment>
         <input_file_ref idref="fl-31"/>
      </object_component>
      <object_component id="oc-238">
         <name>.text.strlen</name>
         <load_address>0x5030</load_address>
         <readonly>true</readonly>
         <executable>true</executable>
         <run_address>0x5030</run_address>
         <size>0xe</size>
         <alignment>0x2</alignment>
         <input_file_ref idref="fl-3d"/>
      </object_component>
      <object_component id="oc-171">
         <name>.text:TI_memset_small</name>
         <load_address>0x503e</load_address>
         <readonly>true</readonly>
         <executable>true</executable>
         <run_address>0x503e</run_address>
         <size>0xe</size>
         <alignment>0x1</alignment>
         <input_file_ref idref="fl-d7"/>
      </object_component>
      <object_component id="oc-70">
         <name>.text.__aeabi_memclr</name>
         <load_address>0x504c</load_address>
         <readonly>true</readonly>
[...]
         <value>0x13bd</value>
         <object_component_ref idref="oc-116"/>
      </symbol>
      <symbol id="sm-1f5">
         <name>arm_cfft_f32</name>
         <value>0x2441</value>
         <object_component_ref idref="oc-8d"/>
      </symbol>
      <symbol id="sm-201">
         <name>arm_radix8_butterfly_f32</name>
         <value>0xac1</value>
         <object_component_ref idref="oc-118"/>
      </symbol>
      <symbol id="sm-206">
         <name>twiddleCoef_1024</name>
         <value>0x50c0</value>
         <object_component_ref idref="oc-130"/>
      </symbol>
      <symbol id="sm-207">
         <name>armBitRevIndexTable1024</name>
         <value>0x70c0</value>
         <object_component_ref idref="oc-132"/>
      </symbol>
      <symbol id="sm-211">
         <name>arm_bitreversal_32</name>
         <value>0x2a79</value>
         <object_component_ref idref="oc-11c"/>
      </symbol>
      <symbol id="sm-21c">
         <name>DL_ADC12_setClockConfig</name>
         <value>0x4575</value>
         <object_component_ref idref="oc-1fe"/>
      </symbol>
      <symbol id="sm-225">
         <name>DL_Common_delayCycles</name>
         <value>0x5059</value>
         <object_component_ref idref="oc-169"/>
      </symbol>
      <symbol id="sm-22f">
         <name>DL_DMA_initChannel</name>
         <value>0x42e5</value>
         <object_component_ref idref="oc-248"/>
      </symbol>
      <symbol id="sm-23f">
         <name>DL_Timer_setClockConfig</name>
         <value>0x4d39</value>
         <object_component_ref idref="oc-1e6"/>
      </symbol>
      <symbol id="sm-240">
         <name>DL_Timer_initTimerMode</name>
         <value>0x2f05</value>
         <object_component_ref idref="oc-1ec"/>
      </symbol>
      <symbol id="sm-24d">
         <name>DL_UART_init</name>
         <value>0x4461</value>
         <object_component_ref idref="oc-1f8"/>
      </symbol>
      <symbol id="sm-24e">
         <name>DL_UART_setClockConfig</name>
         <value>0x4faf</value>
         <object_component_ref idref="oc-1f2"/>
      </symbol>
      <symbol id="sm-25f">
         <name>DL_SYSCTL_configSYSPLL</name>
         <value>0x30d1</value>
         <object_component_ref idref="oc-1e2"/>
      </symbol>
      <symbol id="sm-260">
         <name>DL_SYSCTL_switchMCLKfromSYSOSCtoHSCLK</name>
         <value>0x44a9</value>
         <object_component_ref idref="oc-1e4"/>
      </symbol>
      <symbol id="sm-261">
         <name>DL_SYSCTL_setHFCLKSourceHFXTParams</name>
         <value>0x3e59</value>
         <object_component_ref idref="oc-1dc"/>
      </symbol>
      <symbol id="sm-272">
         <name>printf</name>
         <value>0x403d</value>
         <object_component_ref idref="oc-b3"/>
      </symbol>
      <symbol id="sm-2bb">
         <name>__TI_printfi</name>
         <value>0xc1</value>
         <object_component_ref idref="oc-1ba"/>
      </symbol>
      <symbol id="sm-2c5">
         <name>sqrtf</name>
         <value>0x34dd</value>
         <object_component_ref idref="oc-128"/>
      </symbol>
      <symbol id="sm-2cf">
         <name>frexp</name>
         <value>0x3fe1</value>
         <object_component_ref idref="oc-25d"/>
      </symbol>
      <symbol id="sm-2d0">
         <name>frexpl</name>
         <value>0x3fe1</value>
         <object_component_ref idref="oc-25d"/>
      </symbol>
      <symbol id="sm-2da">
         <name>scalbn</name>
         <value>0x31ad</value>
         <object_component_ref idref="oc-261"/>
      </symbol>
      <symbol id="sm-2db">
         <name>ldexp</name>
         <value>0x31ad</value>
         <object_component_ref idref="oc-261"/>
      </symbol>
      <symbol id="sm-2dc">
         <name>scalbnl</name>
         <value>0x31ad</value>
         <object_component_ref idref="oc-261"/>
      </symbol>
      <symbol id="sm-2dd">
         <name>ldexpl</name>
         <value>0x31ad</value>
         <object_component_ref idref="oc-261"/>
      </symbol>
      <symbol id="sm-2e8">
         <name>__aeabi_errno_addr</name>
         <value>0x5091</value>
         <object_component_ref idref="oc-198"/>
      </symbol>
      <symbol id="sm-2e9">
         <name>__aeabi_errno</name>
         <value>0x20204ed0</value>
         <object_component_ref idref="oc-214"/>
      </symbol>
      <symbol id="sm-2f2">
         <name>_nop</name>
         <value>0x3abb</value>
         <object_component_ref idref="oc-1bb"/>
      </symbol>
      <symbol id="sm-2f3">
         <name>_lock</name>
         <value>0x20204ed4</value>
         <object_component_ref idref="oc-160"/>
      </symbol>
      <symbol id="sm-2f4">
         <name>_unlock</name>
         <value>0x20204ed8</value>
         <object_component_ref idref="oc-166"/>
      </symbol>
      <symbol id="sm-2fd">
         <name>__TI_ltoa</name>
         <value>0x40f1</value>
         <object_component_ref idref="oc-265"/>
      </symbol>
      <symbol id="sm-308">
         <name>atoi</name>
         <value>0x4675</value>
         <object_component_ref idref="oc-223"/>
      </symbol>
      <symbol id="sm-30d">
         <name>_ftable</name>
         <value>0x20204ddc</value>
         <object_component_ref idref="oc-162"/>
      </symbol>
      <symbol id="sm-316">
         <name>memccpy</name>
         <value>0x4b99</value>
         <object_component_ref idref="oc-21c"/>
      </symbol>
      <symbol id="sm-320">
         <name>strlen</name>
         <value>0x5031</value>
         <object_component_ref idref="oc-238"/>
      </symbol>
      <symbol id="sm-32b">
         <name>_c_int00_noargs</name>
         <value>0x4add</value>
         <object_component_ref idref="oc-54"/>
      </symbol>
      <symbol id="sm-32c">
         <name>__stack</name>
         <value>0x20207e00</value>
         <object_component_ref idref="oc-1a"/>
      </symbol>
      <symbol id="sm-338">
         <name>__TI_auto_init_nobinit_nopinit</name>
         <value>0x472d</value>
         <object_component_ref idref="oc-e6"/>
      </symbol>
      <symbol id="sm-340">
         <name>_system_pre_init</name>
         <value>0x50b5</value>
         <object_component_ref idref="oc-75"/>
      </symbol>
      <symbol id="sm-34b">
         <name>__TI_zero_init</name>
         <value>0x5005</value>
         <object_component_ref idref="oc-51"/>
      </symbol>
      <symbol id="sm-354">
         <name>__TI_decompress_none</name>
         <value>0x4fd3</value>
         <object_component_ref idref="oc-20"/>
      </symbol>
      <symbol id="sm-35f">
         <name>__TI_decompress_lzss</name>
         <value>0x3bb1</value>
         <object_component_ref idref="oc-1c"/>
      </symbol>
      <symbol id="sm-368">
         <name>wcslen</name>
         <value>0x4ff5</value>
         <object_component_ref idref="oc-227"/>
      </symbol>
      <symbol id="sm-36b">
         <name>__aeabi_ctype_table_</name>
         <value>0x7ed0</value>
         <object_component_ref idref="oc-250"/>
      </symbol>
      <symbol id="sm-36c">
         <name>__aeabi_ctype_table_C</name>
         <value>0x7ed0</value>
         <object_component_ref idref="oc-250"/>
      </symbol>
      <symbol id="sm-376">
         <name>abort</name>
         <value>0x50b9</value>
         <object_component_ref idref="oc-df"/>
      </symbol>
      <symbol id="sm-377">
         <name>C$$EXIT</name>
         <value>0x50b8</value>
         <object_component_ref idref="oc-df"/>
      </symbol>
      <symbol id="sm-388">
         <name>__aeabi_fadd</name>
         <value>0x328f</value>
         <object_component_ref idref="oc-bf"/>
      </symbol>
      <symbol id="sm-389">
         <name>__addsf3</name>
         <value>0x328f</value>
         <object_component_ref idref="oc-bf"/>
      </symbol>
      <symbol id="sm-38a">
         <name>__aeabi_fsub</name>
         <value>0x3285</value>
         <object_component_ref idref="oc-bf"/>
      </symbol>
      <symbol id="sm-38b">
         <name>__subsf3</name>
         <value>0x3285</value>
         <object_component_ref idref="oc-bf"/>
      </symbol>
      <symbol id="sm-391">
         <name>__aeabi_dadd</name>
         <value>0x27b3</value>
         <object_component_ref idref="oc-145"/>
      </symbol>
      <symbol id="sm-392">
         <name>__adddf3</name>
         <value>0x27b3</value>
         <object_component_ref idref="oc-145"/>
      </symbol>
      <symbol id="sm-393">
         <name>__aeabi_dsub</name>
         <value>0x27a9</value>
         <object_component_ref idref="oc-145"/>
      </symbol>
      <symbol id="sm-394">
         <name>__subdf3</name>
         <value>0x27a9</value>
         <object_component_ref idref="oc-145"/>
      </symbol>
      <symbol id="sm-39d">
         <name>__aeabi_dmul</name>
         <value>0x2fed</value>
         <object_component_ref idref="oc-108"/>
      </symbol>
      <symbol id="sm-39e">
         <name>__muldf3</name>
         <value>0x2fed</value>
         <object_component_ref idref="oc-108"/>
      </symbol>
      <symbol id="sm-3a4">
         <name>__muldsi3</name>
         <value>0x47a5</value>
         <object_component_ref idref="oc-111"/>
      </symbol>
      <symbol id="sm-3aa">
         <name>__aeabi_fmul</name>
         <value>0x39ad</value>
         <object_component_ref idref="oc-89"/>
      </symbol>
      <symbol id="sm-3ab">
         <name>__mulsf3</name>
         <value>0x39ad</value>
         <object_component_ref idref="oc-89"/>
      </symbol>
      <symbol id="sm-3b1">
         <name>__aeabi_fdiv</name>
         <value>0x3a39</value>
         <object_component_ref idref="oc-bb"/>
      </symbol>
      <symbol id="sm-3b2">
         <name>__divsf3</name>
         <value>0x3a39</value>
         <object_component_ref idref="oc-bb"/>
      </symbol>
      <symbol id="sm-3b8">
         <name>__aeabi_ddiv</name>
         <value>0x2df9</value>
         <object_component_ref idref="oc-13d"/>
      </symbol>
      <symbol id="sm-3b9">
         <name>__divdf3</name>
         <value>0x2df9</value>
         <object_component_ref idref="oc-13d"/>
      </symbol>
      <symbol id="sm-3bf">
         <name>__aeabi_f2d</name>
         <value>0x4635</value>
         <object_component_ref idref="oc-104"/>
      </symbol>
      <symbol id="sm-3c0">
         <name>__extendsfdf2</name>
         <value>0x4635</value>
         <object_component_ref idref="oc-104"/>
      </symbol>
      <symbol id="sm-3c6">
         <name>__aeabi_d2iz</name>
         <value>0x4415</value>
         <object_component_ref idref="oc-149"/>
      </symbol>
      <symbol id="sm-3c7">
         <name>__fixdfsi</name>
         <value>0x4415</value>
         <object_component_ref idref="oc-149"/>
      </symbol>
      <symbol id="sm-3cd">
         <name>__aeabi_f2iz</name>
         <value>0x4819</value>
         <object_component_ref idref="oc-c3"/>
      </symbol>
      <symbol id="sm-3ce">
         <name>__fixsfsi</name>
         <value>0x4819</value>
         <object_component_ref idref="oc-c3"/>
      </symbol>
      <symbol id="sm-3d4">
         <name>__aeabi_i2d</name>
         <value>0x49bd</value>
         <object_component_ref idref="oc-141"/>
      </symbol>
      <symbol id="sm-3d5">
         <name>__floatsidf</name>
         <value>0x49bd</value>
         <object_component_ref idref="oc-141"/>
      </symbol>
      <symbol id="sm-3db">
         <name>__aeabi_i2f</name>
         <value>0x46b5</value>
         <object_component_ref idref="oc-85"/>
      </symbol>
      <symbol id="sm-3dc">
         <name>__floatsisf</name>
         <value>0x46b5</value>
         <object_component_ref idref="oc-85"/>
      </symbol>
      <symbol id="sm-3e2">
         <name>__aeabi_ui2f</name>
         <value>0x4ab5</value>
         <object_component_ref idref="oc-122"/>
      </symbol>
      <symbol id="sm-3e3">
         <name>__floatunsisf</name>
         <value>0x4ab5</value>
         <object_component_ref idref="oc-122"/>
      </symbol>
      <symbol id="sm-3e9">
         <name>__aeabi_lmul</name>
         <value>0x4b51</value>
         <object_component_ref idref="oc-22b"/>
      </symbol>
      <symbol id="sm-3ea">
         <name>__muldi3</name>
         <value>0x4b51</value>
         <object_component_ref idref="oc-22b"/>
      </symbol>
      <symbol id="sm-3f1">
         <name>__aeabi_d2f</name>
         <value>0x3ca1</value>
         <object_component_ref idref="oc-10c"/>
      </symbol>
      <symbol id="sm-3f2">
         <name>__truncdfsf2</name>
         <value>0x3ca1</value>
         <object_component_ref idref="oc-10c"/>
      </symbol>
      <symbol id="sm-3f8">
         <name>__aeabi_dcmpeq</name>
         <value>0x3ebd</value>
         <object_component_ref idref="oc-14f"/>
      </symbol>
      <symbol id="sm-3f9">
         <name>__aeabi_dcmplt</name>
         <value>0x3ed1</value>
         <object_component_ref idref="oc-14f"/>
      </symbol>
      <symbol id="sm-3fa">
         <name>__aeabi_dcmple</name>
         <value>0x3ee5</value>
         <object_component_ref idref="oc-14f"/>
      </symbol>
      <symbol id="sm-3fb">
         <name>__aeabi_dcmpge</name>
         <value>0x3ef9</value>
         <object_component_ref idref="oc-14f"/>
      </symbol>
      <symbol id="sm-3fc">
         <name>__aeabi_dcmpgt</name>
         <value>0x3f0d</value>
         <object_component_ref idref="oc-14f"/>
      </symbol>
      <symbol id="sm-402">
         <name>__aeabi_fcmpeq</name>
         <value>0x3f21</value>
         <object_component_ref idref="oc-a1"/>
      </symbol>
      <symbol id="sm-403">
         <name>__aeabi_fcmplt</name>
         <value>0x3f35</value>
         <object_component_ref idref="oc-a1"/>
      </symbol>
      <symbol id="sm-404">
         <name>__aeabi_fcmple</name>
         <value>0x3f49</value>
         <object_component_ref idref="oc-a1"/>
      </symbol>
      <symbol id="sm-405">
         <name>__aeabi_fcmpge</name>
         <value>0x3f5d</value>
         <object_component_ref idref="oc-a1"/>
      </symbol>
      <symbol id="sm-406">
         <name>__aeabi_fcmpgt</name>
         <value>0x3f71</value>
         <object_component_ref idref="oc-a1"/>
      </symbol>
      <symbol id="sm-40c">
         <name>__aeabi_idiv</name>
         <value>0x41a1</value>
         <object_component_ref idref="oc-282"/>
      </symbol>
      <symbol id="sm-40d">
         <name>__aeabi_idivmod</name>
         <value>0x41a1</value>
         <object_component_ref idref="oc-282"/>
      </symbol>
      <symbol id="sm-413">
         <name>__aeabi_memcpy</name>
         <value>0x5099</value>
         <object_component_ref idref="oc-44"/>
      </symbol>
      <symbol id="sm-414">
         <name>__aeabi_memcpy4</name>
         <value>0x5099</value>
         <object_component_ref idref="oc-44"/>
      </symbol>
      <symbol id="sm-415">
         <name>__aeabi_memcpy8</name>
         <value>0x5099</value>
         <object_component_ref idref="oc-44"/>
      </symbol>
      <symbol id="sm-41e">
         <name>__aeabi_memset</name>
         <value>0x5015</value>
         <object_component_ref idref="oc-21b"/>
      </symbol>
      <symbol id="sm-41f">
         <name>__aeabi_memset4</name>
         <value>0x5015</value>
         <object_component_ref idref="oc-21b"/>
      </symbol>
      <symbol id="sm-420">
         <name>__aeabi_memset8</name>
         <value>0x5015</value>
         <object_component_ref idref="oc-21b"/>
      </symbol>
      <symbol id="sm-421">
         <name>__aeabi_memclr</name>
         <value>0x504d</value>
         <object_component_ref idref="oc-70"/>
      </symbol>
      <symbol id="sm-422">
         <name>__aeabi_memclr4</name>
         <value>0x504d</value>
         <object_component_ref idref="oc-70"/>
      </symbol>
      <symbol id="sm-423">
         <name>__aeabi_memclr8</name>
         <value>0x504d</value>
         <object_component_ref idref="oc-70"/>
      </symbol>
      <symbol id="sm-429">
         <name>__aeabi_uidiv</name>
         <value>0x45f5</value>
         <object_component_ref idref="oc-ac"/>
      </symbol>
      <symbol id="sm-42a">
         <name>__aeabi_uidivmod</name>
         <value>0x45f5</value>
         <object_component_ref idref="oc-ac"/>
      </symbol>
      <symbol id="sm-430">
         <name>__aeabi_uldivmod</name>
         <value>0x4f75</value>
         <object_component_ref idref="oc-230"/>
      </symbol>
      <symbol id="sm-439">
         <name>__eqsf2</name>
         <value>0x4769</value>
         <object_component_ref idref="oc-136"/>
      </symbol>
      <symbol id="sm-43a">
         <name>__lesf2</name>
         <value>0x4769</value>
         <object_component_ref idref="oc-136"/>
      </symbol>
      <symbol id="sm-43b">
         <name>__ltsf2</name>
         <value>0x4769</value>
         <object_component_ref idref="oc-136"/>
      </symbol>
      <symbol id="sm-43c">
         <name>__nesf2</name>
         <value>0x4769</value>
         <object_component_ref idref="oc-136"/>
      </symbol>
      <symbol id="sm-43d">
         <name>__cmpsf2</name>
         <value>0x4769</value>
         <object_component_ref idref="oc-136"/>
      </symbol>
      <symbol id="sm-43e">
         <name>__gtsf2</name>
         <value>0x46f1</value>
         <object_component_ref idref="oc-13b"/>
      </symbol>
      <symbol id="sm-43f">
         <name>__gesf2</name>
         <value>0x46f1</value>
         <object_component_ref idref="oc-13b"/>
      </symbol>
      <symbol id="sm-445">
         <name>__udivmoddi4</name>
         <value>0x3585</value>
         <object_component_ref idref="oc-258"/>
      </symbol>
      <symbol id="sm-44b">
         <name>__aeabi_llsl</name>
         <value>0x4c39</value>
         <object_component_ref idref="oc-277"/>
      </symbol>
      <symbol id="sm-44c">
         <name>__ashldi3</name>
         <value>0x4c39</value>
         <object_component_ref idref="oc-277"/>
      </symbol>
      <symbol id="sm-45a">
         <name>__ledf2</name>
         <value>0x3d85</value>
         <object_component_ref idref="oc-1a8"/>
      </symbol>
      <symbol id="sm-45b">
         <name>__gedf2</name>
         <value>0x3d15</value>
         <object_component_ref idref="oc-1ae"/>
      </symbol>
      <symbol id="sm-45c">
         <name>__cmpdf2</name>
         <value>0x3d85</value>
         <object_component_ref idref="oc-1a8"/>
      </symbol>
      <symbol id="sm-45d">
         <name>__eqdf2</name>
         <value>0x3d85</value>
         <object_component_ref idref="oc-1a8"/>
      </symbol>
      <symbol id="sm-45e">
         <name>__ltdf2</name>
         <value>0x3d85</value>
         <object_component_ref idref="oc-1a8"/>
      </symbol>
      <symbol id="sm-45f">
         <name>__nedf2</name>
         <value>0x3d85</value>
         <object_component_ref idref="oc-1a8"/>
      </symbol>
      <symbol id="sm-460">
         <name>__gtdf2</name>
         <value>0x3d15</value>
         <object_component_ref idref="oc-1ae"/>
      </symbol>
      <symbol id="sm-46c">
         <name>__aeabi_idiv0</name>
         <value>0x293b</value>
         <object_component_ref idref="oc-159"/>
      </symbol>
      <symbol id="sm-46d">
         <name>__aeabi_ldiv0</name>
         <value>0x3627</value>
         <object_component_ref idref="oc-276"/>
      </symbol>
      <symbol id="sm-476">
         <name>TI_memcpy_small</name>
         <value>0x4fc1</value>
         <object_component_ref idref="oc-cc"/>
      </symbol>
      <symbol id="sm-47f">
         <name>TI_memset_small</name>
         <value>0x503f</value>
         <object_component_ref idref="oc-171"/>
      </symbol>
      <symbol id="sm-480">
         <name>__TI_static_base__</name>
         <value>0x0</value>
      </symbol>
      <symbol id="sm-484">
         <name>__mpu_init</name>
         <value>0x0</value>
      </symbol>
      <symbol id="sm-485">
         <name>_system_post_cinit</name>
         <value>0x0</value>
      </symbol>
   </symbol_table>
   <title>Link successful</title>
</link_info>
