Component: Arm Compiler for Embedded 6.22 Tool: armlink [5ee90200]

==============================================================================

Section Cross References

    startup_stm32h743xx.o(RESET) refers to startup_stm32h743xx.o(STACK) for __initial_sp
    startup_stm32h743xx.o(RESET) refers to startup_stm32h743xx.o(.text) for Reset_Handler
    startup_stm32h743xx.o(RESET) refers to stm32h7xx_it.o(.text.NMI_Handler) for NMI_Handler
    startup_stm32h743xx.o(RESET) refers to stm32h7xx_it.o(.text.HardFault_Handler) for HardFault_Handler
    startup_stm32h743xx.o(RESET) refers to stm32h7xx_it.o(.text.MemManage_Handler) for MemManage_Handler
    startup_stm32h743xx.o(RESET) refers to stm32h7xx_it.o(.text.BusFault_Handler) for BusFault_Handler
    startup_stm32h743xx.o(RESET) refers to stm32h7xx_it.o(.text.UsageFault_Handler) for UsageFault_Handler
    startup_stm32h743xx.o(RESET) refers to stm32h7xx_it.o(.text.SVC_Handler) for SVC_Handler
    startup_stm32h743xx.o(RESET) refers to stm32h7xx_it.o(.text.DebugMon_Handler) for DebugMon_Handler
    startup_stm32h743xx.o(RESET) refers to stm32h7xx_it.o(.text.PendSV_Handler) for PendSV_Handler
    startup_stm32h743xx.o(RESET) refers to stm32h7xx_it.o(.text.SysTick_Handler) for SysTick_Handler
    startup_stm32h743xx.o(RESET) refers to stm32h7xx_it.o(.text.DMA1_Stream0_IRQHandler) for DMA1_Stream0_IRQHandler
    startup_stm32h743xx.o(RESET) refers to stm32h7xx_it.o(.text.DMA1_Stream1_IRQHandler) for DMA1_Stream1_IRQHandler
    startup_stm32h743xx.o(RESET) refers to stm32h7xx_it.o(.text.DMA1_Stream2_IRQHandler) for DMA1_Stream2_IRQHandler
    startup_stm32h743xx.o(RESET) refers to stm32h7xx_it.o(.text.USART3_IRQHandler) for USART3_IRQHandler
    startup_stm32h743xx.o(RESET) refers to stm32h7xx_it.o(.text.DMA2_Stream1_IRQHandler) for DMA2_Stream1_IRQHandler
    startup_stm32h743xx.o(.text) refers to system_stm32h7xx.o(.text.SystemInit) for SystemInit
    startup_stm32h743xx.o(.text) refers to entry.o(.ARM.Collect$$$$00000000) for __main
    main.o(.text.setup_buffers) refers to main.o(.bss.CurrADC_Buffer) for CurrADC_Buffer
    main.o(.text.setup_buffers) refers to fft.o(.bss.ADC_Buffer) for ADC_Buffer
    main.o(.text.setup_buffers) refers to main.o(.bss.CurrDAC_Buffer1) for CurrDAC_Buffer1
    main.o(.text.setup_buffers) refers to fft.o(.bss.DAC_Buffer1) for DAC_Buffer1
    main.o(.text.setup_buffers) refers to main.o(.bss.CurrDAC_Buffer2) for CurrDAC_Buffer2
    main.o(.text.setup_buffers) refers to fft.o(.bss.DAC_Buffer2) for DAC_Buffer2
    main.o(.text.setup_buffers) refers to main.o(.bss.NextADC_Buffer) for NextADC_Buffer
    main.o(.text.setup_buffers) refers to main.o(.bss.NextDAC_Buffer1) for NextDAC_Buffer1
    main.o(.text.setup_buffers) refers to main.o(.bss.NextDAC_Buffer2) for NextDAC_Buffer2
    main.o(.text.setup_buffers) refers to main.o(.bss.buffer_in_use) for buffer_in_use
    main.o(.ARM.exidx.text.setup_buffers) refers to main.o(.text.setup_buffers) for [Anonymous Symbol]
    main.o(.text.swap_buffers) refers to main.o(.bss.NextADC_Buffer) for NextADC_Buffer
    main.o(.text.swap_buffers) refers to main.o(.bss.CurrADC_Buffer) for CurrADC_Buffer
    main.o(.text.swap_buffers) refers to main.o(.bss.NextDAC_Buffer1) for NextDAC_Buffer1
    main.o(.text.swap_buffers) refers to main.o(.bss.CurrDAC_Buffer1) for CurrDAC_Buffer1
    main.o(.text.swap_buffers) refers to main.o(.bss.NextDAC_Buffer2) for NextDAC_Buffer2
    main.o(.text.swap_buffers) refers to main.o(.bss.CurrDAC_Buffer2) for CurrDAC_Buffer2
    main.o(.text.swap_buffers) refers to main.o(.bss.buffer_in_use) for buffer_in_use
    main.o(.text.swap_buffers) refers to fft.o(.bss.ADC_Buffer) for ADC_Buffer
    main.o(.text.swap_buffers) refers to fft.o(.bss.DAC_Buffer1) for DAC_Buffer1
    main.o(.text.swap_buffers) refers to fft.o(.bss.DAC_Buffer2) for DAC_Buffer2
    main.o(.ARM.exidx.text.swap_buffers) refers to main.o(.text.swap_buffers) for [Anonymous Symbol]
    main.o(.text.main) refers to stm32h7xx_hal.o(.text.HAL_Init) for HAL_Init
    main.o(.text.main) refers to main.o(.text.SystemClock_Config) for SystemClock_Config
    main.o(.text.main) refers to gpio.o(.text.MX_GPIO_Init) for MX_GPIO_Init
    main.o(.text.main) refers to dma.o(.text.MX_DMA_Init) for MX_DMA_Init
    main.o(.text.main) refers to adc.o(.text.MX_ADC1_Init) for MX_ADC1_Init
    main.o(.text.main) refers to dac.o(.text.MX_DAC1_Init) for MX_DAC1_Init
    main.o(.text.main) refers to tim.o(.text.MX_TIM4_Init) for MX_TIM4_Init
    main.o(.text.main) refers to usart.o(.text.MX_USART3_UART_Init) for MX_USART3_UART_Init
    main.o(.text.main) refers to main.o(.text.setup_buffers) for setup_buffers
    main.o(.text.main) refers to adc.o(.bss.hadc1) for hadc1
    main.o(.text.main) refers to stm32h7xx_hal_adc_ex.o(.text.HAL_ADCEx_Calibration_Start) for HAL_ADCEx_Calibration_Start
    main.o(.text.main) refers to fft.o(.bss.ADC_Buffer) for ADC_Buffer
[...]
    SysTick_Config                           0x0800c451   Thumb Code    82  stm32h7xx_hal_cortex.o(.text.SysTick_Config)
    [Anonymous Symbol]                       0x0800c450   Section        0  stm32h7xx_hal_cortex.o(.text.SysTick_Config)
    [Anonymous Symbol]                       0x0800c4a8   Section        0  stm32h7xx_it.o(.text.SysTick_Handler)
    [Anonymous Symbol]                       0x0800c4b0   Section        0  main.o(.text.SystemClock_Config)
    [Anonymous Symbol]                       0x0800c598   Section        0  system_stm32h7xx.o(.text.SystemInit)
    [Anonymous Symbol]                       0x0800c6f8   Section        0  stm32h7xx_hal_tim.o(.text.TIM_Base_SetConfig)
    [Anonymous Symbol]                       0x0800c8a8   Section        0  stm32h7xx_hal_tim.o(.text.TIM_ETR_SetConfig)
    TIM_ITRx_SetConfig                       0x0800c8e1   Thumb Code    48  stm32h7xx_hal_tim.o(.text.TIM_ITRx_SetConfig)
    [Anonymous Symbol]                       0x0800c8e0   Section        0  stm32h7xx_hal_tim.o(.text.TIM_ITRx_SetConfig)
    TIM_TI1_ConfigInputStage                 0x0800c911   Thumb Code    80  stm32h7xx_hal_tim.o(.text.TIM_TI1_ConfigInputStage)
    [Anonymous Symbol]                       0x0800c910   Section        0  stm32h7xx_hal_tim.o(.text.TIM_TI1_ConfigInputStage)
    TIM_TI2_ConfigInputStage                 0x0800c961   Thumb Code    82  stm32h7xx_hal_tim.o(.text.TIM_TI2_ConfigInputStage)
    [Anonymous Symbol]                       0x0800c960   Section        0  stm32h7xx_hal_tim.o(.text.TIM_TI2_ConfigInputStage)
    UARTEx_SetNbDataToProcess                0x0800c9b9   Thumb Code   134  stm32h7xx_hal_uart_ex.o(.text.UARTEx_SetNbDataToProcess)
    [Anonymous Symbol]                       0x0800c9b8   Section        0  stm32h7xx_hal_uart_ex.o(.text.UARTEx_SetNbDataToProcess)
    [Anonymous Symbol]                       0x0800ca40   Section        0  stm32h7xx_hal_uart.o(.text.UART_AdvFeatureConfig)
    [Anonymous Symbol]                       0x0800cb88   Section        0  stm32h7xx_hal_uart.o(.text.UART_CheckIdleState)
    UART_DMAAbortOnError                     0x0800ccd1   Thumb Code    36  stm32h7xx_hal_uart.o(.text.UART_DMAAbortOnError)
    [Anonymous Symbol]                       0x0800ccd0   Section        0  stm32h7xx_hal_uart.o(.text.UART_DMAAbortOnError)
    UART_DMAError                            0x0800ccf9   Thumb Code   128  stm32h7xx_hal_uart.o(.text.UART_DMAError)
    [Anonymous Symbol]                       0x0800ccf8   Section        0  stm32h7xx_hal_uart.o(.text.UART_DMAError)
    UART_DMAReceiveCplt                      0x0800cd79   Thumb Code   246  stm32h7xx_hal_uart.o(.text.UART_DMAReceiveCplt)
    [Anonymous Symbol]                       0x0800cd78   Section        0  stm32h7xx_hal_uart.o(.text.UART_DMAReceiveCplt)
    UART_DMARxHalfCplt                       0x0800ce71   Thumb Code    54  stm32h7xx_hal_uart.o(.text.UART_DMARxHalfCplt)
    [Anonymous Symbol]                       0x0800ce70   Section        0  stm32h7xx_hal_uart.o(.text.UART_DMARxHalfCplt)
    UART_EndRxTransfer                       0x0800cea9   Thumb Code   158  stm32h7xx_hal_uart.o(.text.UART_EndRxTransfer)
    [Anonymous Symbol]                       0x0800cea8   Section        0  stm32h7xx_hal_uart.o(.text.UART_EndRxTransfer)
    UART_EndTransmit_IT                      0x0800cf49   Thumb Code    68  stm32h7xx_hal_uart.o(.text.UART_EndTransmit_IT)
    [Anonymous Symbol]                       0x0800cf48   Section        0  stm32h7xx_hal_uart.o(.text.UART_EndTransmit_IT)
    UART_EndTxTransfer                       0x0800cf91   Thumb Code    92  stm32h7xx_hal_uart.o(.text.UART_EndTxTransfer)
    [Anonymous Symbol]                       0x0800cf90   Section        0  stm32h7xx_hal_uart.o(.text.UART_EndTxTransfer)
    [Anonymous Symbol]                       0x0800cff0   Section        0  stm32h7xx_hal_uart.o(.text.UART_SetConfig)
    [Anonymous Symbol]                       0x0800d918   Section        0  stm32h7xx_hal_uart.o(.text.UART_Start_Receive_DMA)
    [Anonymous Symbol]                       0x0800da48   Section        0  stm32h7xx_hal_uart.o(.text.UART_WaitOnFlagUntilTimeout)
    [Anonymous Symbol]                       0x0800db58   Section        0  stm32h7xx_it.o(.text.USART3_IRQHandler)
    [Anonymous Symbol]                       0x0800db68   Section        0  stm32h7xx_it.o(.text.UsageFault_Handler)
    __NVIC_EnableIRQ                         0x0800db71   Thumb Code    48  stm32h7xx_hal_cortex.o(.text.__NVIC_EnableIRQ)
    [Anonymous Symbol]                       0x0800db70   Section        0  stm32h7xx_hal_cortex.o(.text.__NVIC_EnableIRQ)
    __NVIC_GetPriorityGrouping               0x0800dba1   Thumb Code    16  stm32h7xx_hal_cortex.o(.text.__NVIC_GetPriorityGrouping)
    [Anonymous Symbol]                       0x0800dba0   Section        0  stm32h7xx_hal_cortex.o(.text.__NVIC_GetPriorityGrouping)
    __NVIC_SetPriority                       0x0800dbb1   Thumb Code    66  stm32h7xx_hal_cortex.o(.text.__NVIC_SetPriority)
    [Anonymous Symbol]                       0x0800dbb0   Section        0  stm32h7xx_hal_cortex.o(.text.__NVIC_SetPriority)
    __NVIC_SetPriorityGrouping               0x0800dbf9   Thumb Code    60  stm32h7xx_hal_cortex.o(.text.__NVIC_SetPriorityGrouping)
    [Anonymous Symbol]                       0x0800dbf8   Section        0  stm32h7xx_hal_cortex.o(.text.__NVIC_SetPriorityGrouping)
    _sqrtf                                   0x0800dc39   Thumb Code    30  complexmathfunctions.o(.text._sqrtf)
    [Anonymous Symbol]                       0x0800dc38   Section        0  complexmathfunctions.o(.text._sqrtf)
    [Anonymous Symbol]                       0x0800dc58   Section        0  fft.o(.text.add_phase)
    [Anonymous Symbol]                       0x0800dcc8   Section        0  transformfunctions.o(.text.arm_bitreversal_32)
    [Anonymous Symbol]                       0x0800dd58   Section        0  transformfunctions.o(.text.arm_cfft_f32)
    arm_cfft_radix8by2_f32                   0x0800deb1   Thumb Code  1002  transformfunctions.o(.text.arm_cfft_radix8by2_f32)
    [Anonymous Symbol]                       0x0800deb0   Section        0  transformfunctions.o(.text.arm_cfft_radix8by2_f32)
    arm_cfft_radix8by4_f32                   0x0800e2a1   Thumb Code  2656  transformfunctions.o(.text.arm_cfft_radix8by4_f32)
    [Anonymous Symbol]                       0x0800e2a0   Section        0  transformfunctions.o(.text.arm_cfft_radix8by4_f32)
    [Anonymous Symbol]                       0x0800ed00   Section        0  complexmathfunctions.o(.text.arm_cmplx_mag_f32)
    [Anonymous Symbol]                       0x0800ed88   Section        0  transformfunctions.o(.text.arm_radix8_butterfly_f32)
    [Anonymous Symbol]                       0x0800fb90   Section        0  main.o(.text.main)
    [Anonymous Symbol]                       0x0800fce0   Section        0  main.o(.text.setup_buffers)
    [Anonymous Symbol]                       0x0800fd50   Section        0  main.o(.text.swap_buffers)
    i.__ARM_fpclassify                       0x0800fdf0   Section        0  fpclassify.o(i.__ARM_fpclassify)
    i.__ARM_fpclassifyf                      0x0800fe20   Section        0  fpclassifyf.o(i.__ARM_fpclassifyf)
    i.__hardfp_atan2f                        0x0800fe48   Section        0  atan2f.o(i.__hardfp_atan2f)
    i.__hardfp_cos                           0x080100f8   Section        0  cos.o(i.__hardfp_cos)
    i.__hardfp_cosf                          0x080101a8   Section        0  cosf.o(i.__hardfp_cosf)
    i.__hardfp_sin                           0x080102f8   Section        0  sin.o(i.__hardfp_sin)
    i.__hardfp_sinf                          0x080103a8   Section        0  sinf.o(i.__hardfp_sinf)
    i.__hardfp_sqrtf                         0x08010538   Section        0  sqrtf.o(i.__hardfp_sqrtf)
    i.__ieee754_rem_pio2                     0x08010578   Section        0  rred.o(i.__ieee754_rem_pio2)
    i.__kernel_cos                           0x08010880   Section        0  cos_i.o(i.__kernel_cos)
    i.__kernel_poly                          0x08010944   Section        0  poly.o(i.__kernel_poly)
    i.__kernel_sin                           0x080109b8   Section        0  sin_i.o(i.__kernel_sin)
    i.__mathlib_dbl_invalid                  0x08010a58   Section        0  dunder.o(i.__mathlib_dbl_invalid)
    i.__mathlib_dbl_underflow                0x08010a70   Section        0  dunder.o(i.__mathlib_dbl_underflow)
    i.__mathlib_flt_infnan                   0x08010a88   Section        0  funder.o(i.__mathlib_flt_infnan)
    i.__mathlib_flt_infnan2                  0x08010a8e   Section        0  funder.o(i.__mathlib_flt_infnan2)
    i.__mathlib_flt_invalid                  0x08010a94   Section        0  funder.o(i.__mathlib_flt_invalid)
    i.__mathlib_flt_underflow                0x08010aa4   Section        0  funder.o(i.__mathlib_flt_underflow)
    i.__mathlib_rredf2                       0x08010ab4   Section        0  rredf.o(i.__mathlib_rredf2)
    i.__scatterload_copy                     0x08010c08   Section       14  handlers.o(i.__scatterload_copy)
    i.__scatterload_null                     0x08010c16   Section        2  handlers.o(i.__scatterload_null)
    i.__scatterload_zeroinit                 0x08010c18   Section       14  handlers.o(i.__scatterload_zeroinit)
    i.__set_errno                            0x08010c28   Section        0  errno.o(i.__set_errno)
    i.fabs                                   0x08010c34   Section        0  fabs.o(i.fabs)
    C                                        0x08010c50   Data          48  cos_i.o(.constdata)
    .constdata                               0x08010c50   Section       48  cos_i.o(.constdata)
    pio2s                                    0x08010c80   Data          48  rred.o(.constdata)
    .constdata                               0x08010c80   Section      204  rred.o(.constdata)
    twooverpi                                0x08010cb0   Data         156  rred.o(.constdata)
    twooverpi                                0x08010d4c   Data          32  rredf.o(.constdata)
    .constdata                               0x08010d4c   Section       32  rredf.o(.constdata)
    S                                        0x08010d70   Data          40  sin_i.o(.constdata)
    .constdata                               0x08010d70   Section       40  sin_i.o(.constdata)
    DMA_CalcBaseAndBitshift.flagBitshiftOffset 0x08010da8   Data           8  stm32h7xx_hal_dma.o(.rodata.DMA_CalcBaseAndBitshift.flagBitshiftOffset)
    [Anonymous Symbol]                       0x08010da8   Section        0  stm32h7xx_hal_dma.o(.rodata.DMA_CalcBaseAndBitshift.flagBitshiftOffset)
    UARTEx_SetNbDataToProcess.denominator    0x08010db0   Data           8  stm32h7xx_hal_uart_ex.o(.rodata.UARTEx_SetNbDataToProcess.denominator)
    [Anonymous Symbol]                       0x08010db0   Section        0  stm32h7xx_hal_uart_ex.o(.rodata.UARTEx_SetNbDataToProcess.denominator)
    UARTEx_SetNbDataToProcess.numerator      0x08010db8   Data           8  stm32h7xx_hal_uart_ex.o(.rodata.UARTEx_SetNbDataToProcess.numerator)
    [Anonymous Symbol]                       0x08010db8   Section        0  stm32h7xx_hal_uart_ex.o(.rodata.UARTEx_SetNbDataToProcess.numerator)
    _errno                                   0x24000000   Data           4  errno.o(.data)
    .data                                    0x24000000   Section        4  errno.o(.data)
    STACK                                    0x2400a3b8   Section     1024  startup_stm32h743xx.o(STACK)

    Global Symbols

    Symbol Name                              Value     Ov Type        Size  Object(Section)

    BuildAttributes$$THM_ISAv4$E$P$D$K$B$S$7EM$VFPv5_D16$PE$PLD8$A:L22UL41UL21$X:L11$S22US41US21$IEEE1$IW$~IW$USESV6$~STKCKD$USESV7$~SHL$OTIME$ROPI$IEEEX$EBA8$MICROLIB$REQ8$PRES8$EABIv2 0x00000000   Number         0  anon$$obj.o ABSOLUTE
    __cpp_initialize__aeabi_                  - Undefined Weak Reference
    __cxa_finalize                            - Undefined Weak Reference
    __decompress                              - Undefined Weak Reference
    _clock_init                               - Undefined Weak Reference
    _microlib_exit                            - Undefined Weak Reference
    __Vectors_Size                           0x00000298   Number         0  startup_stm32h743xx.o ABSOLUTE
    __Vectors                                0x08000000   Data           4  startup_stm32h743xx.o(RESET)
    __Vectors_End                            0x08000298   Data           0  startup_stm32h743xx.o(RESET)
    __main                                   0x08000299   Thumb Code     0  entry.o(.ARM.Collect$$$$00000000)
    _main_stk                                0x08000299   Thumb Code     0  entry2.o(.ARM.Collect$$$$00000001)
    _main_scatterload                        0x0800029d   Thumb Code     0  entry5.o(.ARM.Collect$$$$00000004)
    __main_after_scatterload                 0x080002a1   Thumb Code     0  entry5.o(.ARM.Collect$$$$00000004)
    _main_clock                              0x080002a1   Thumb Code     0  entry7b.o(.ARM.Collect$$$$00000008)
    _main_cpp_init                           0x080002a1   Thumb Code     0  entry8b.o(.ARM.Collect$$$$0000000A)
    _main_init                               0x080002a1   Thumb Code     0  entry9a.o(.ARM.Collect$$$$0000000B)
    __rt_final_cpp                           0x080002a9   Thumb Code     0  entry10a.o(.ARM.Collect$$$$0000000D)
    __rt_final_exit                          0x080002a9   Thumb Code     0  entry11a.o(.ARM.Collect$$$$0000000F)
    Reset_Handler                            0x080002ad   Thumb Code     8  startup_stm32h743xx.o(.text)
    ADC3_IRQHandler                          0x080002c7   Thumb Code     0  startup_stm32h743xx.o(.text)
    ADC_IRQHandler                           0x080002c7   Thumb Code     0  startup_stm32h743xx.o(.text)
    BDMA_Channel0_IRQHandler                 0x080002c7   Thumb Code     0  startup_stm32h743xx.o(.text)
    BDMA_Channel1_IRQHandler                 0x080002c7   Thumb Code     0  startup_stm32h743xx.o(.text)
    BDMA_Channel2_IRQHandler                 0x080002c7   Thumb Code     0  startup_stm32h743xx.o(.text)
    BDMA_Channel3_IRQHandler                 0x080002c7   Thumb Code     0  startup_stm32h743xx.o(.text)
    BDMA_Channel4_IRQHandler                 0x080002c7   Thumb Code     0  startup_stm32h743xx.o(.text)
    BDMA_Channel5_IRQHandler                 0x080002c7   Thumb Code     0  startup_stm32h743xx.o(.text)
    BDMA_Channel6_IRQHandler                 0x080002c7   Thumb Code     0  startup_stm32h743xx.o(.text)
    BDMA_Channel7_IRQHandler                 0x080002c7   Thumb Code     0  startup_stm32h743xx.o(.text)
    CEC_IRQHandler                           0x080002c7   Thumb Code     0  startup_stm32h743xx.o(.text)
    COMP1_IRQHandler                         0x080002c7   Thumb Code     0  startup_stm32h743xx.o(.text)
    CRS_IRQHandler                           0x080002c7   Thumb Code     0  startup_stm32h743xx.o(.text)
    DCMI_IRQHandler                          0x080002c7   Thumb Code     0  startup_stm32h743xx.o(.text)
    DFSDM1_FLT0_IRQHandler                   0x080002c7   Thumb Code     0  startup_stm32h743xx.o(.text)
    DFSDM1_FLT1_IRQHandler                   0x080002c7   Thumb Code     0  startup_stm32h743xx.o(.text)
    DFSDM1_FLT2_IRQHandler                   0x080002c7   Thumb Code     0  startup_stm32h743xx.o(.text)
    DFSDM1_FLT3_IRQHandler                   0x080002c7   Thumb Code     0  startup_stm32h743xx.o(.text)
    DMA1_Stream3_IRQHandler                  0x080002c7   Thumb Code     0  startup_stm32h743xx.o(.text)
    DMA1_Stream4_IRQHandler                  0x080002c7   Thumb Code     0  startup_stm32h743xx.o(.text)
    DMA1_Stream5_IRQHandler                  0x080002c7   Thumb Code     0  startup_stm32h743xx.o(.text)
    DMA1_Stream6_IRQHandler                  0x080002c7   Thumb Code     0  startup_stm32h743xx.o(.text)
    DMA1_Stream7_IRQHandler                  0x080002c7   Thumb Code     0  startup_stm32h743xx.o(.text)
    DMA2D_IRQHandler                         0x080002c7   Thumb Code     0  startup_stm32h743xx.o(.text)
    DMA2_Stream0_IRQHandler                  0x080002c7   Thumb Code     0  startup_stm32h743xx.o(.text)
    DMA2_Stream2_IRQHandler                  0x080002c7   Thumb Code     0  startup_stm32h743xx.o(.text)
    DMA2_Stream3_IRQHandler                  0x080002c7   Thumb Code     0  startup_stm32h743xx.o(.text)
    DMA2_Stream4_IRQHandler                  0x080002c7   Thumb Code     0  startup_stm32h743xx.o(.text)
    DMA2_Stream5_IRQHandler                  0x080002c7   Thumb Code     0  startup_stm32h743xx.o(.text)
    DMA2_Stream6_IRQHandler                  0x080002c7   Thumb Code     0  startup_stm32h743xx.o(.text)
    DMA2_Stream7_IRQHandler                  0x080002c7   Thumb Code     0  startup_stm32h743xx.o(.text)
    DMAMUX1_OVR_IRQHandler                   0x080002c7   Thumb Code     0  startup_stm32h743xx.o(.text)
    DMAMUX2_OVR_IRQHandler                   0x080002c7   Thumb Code     0  startup_stm32h743xx.o(.text)
    ECC_IRQHandler                           0x080002c7   Thumb Code     0  startup_stm32h743xx.o(.text)
    ETH_IRQHandler                           0x080002c7   Thumb Code     0  startup_stm32h743xx.o(.text)
    ETH_WKUP_IRQHandler                      0x080002c7   Thumb Code     0  startup_stm32h743xx.o(.text)
    EXTI0_IRQHandler                         0x080002c7   Thumb Code     0  startup_stm32h743xx.o(.text)
    EXTI15_10_IRQHandler                     0x080002c7   Thumb Code     0  startup_stm32h743xx.o(.text)
    EXTI1_IRQHandler                         0x080002c7   Thumb Code     0  startup_stm32h743xx.o(.text)
    EXTI2_IRQHandler                         0x080002c7   Thumb Code     0  startup_stm32h743xx.o(.text)
    EXTI3_IRQHandler                         0x080002c7   Thumb Code     0  startup_stm32h743xx.o(.text)
    EXTI4_IRQHandler                         0x080002c7   Thumb Code     0  startup_stm32h743xx.o(.text)
    EXTI9_5_IRQHandler                       0x080002c7   Thumb Code     0  startup_stm32h743xx.o(.text)
    FDCAN1_IT0_IRQHandler                    0x080002c7   Thumb Code     0  startup_stm32h743xx.o(.text)
    FDCAN1_IT1_IRQHandler                    0x080002c7   Thumb Code     0  startup_stm32h743xx.o(.text)
    FDCAN2_IT0_IRQHandler                    0x080002c7   Thumb Code     0  startup_stm32h743xx.o(.text)
    FDCAN2_IT1_IRQHandler                    0x080002c7   Thumb Code     0  startup_stm32h743xx.o(.text)
    FDCAN_CAL_IRQHandler                     0x080002c7   Thumb Code     0  startup_stm32h743xx.o(.text)
    FLASH_IRQHandler                         0x080002c7   Thumb Code     0  startup_stm32h743xx.o(.text)
    FMC_IRQHandler                           0x080002c7   Thumb Code     0  startup_stm32h743xx.o(.text)
    FPU_IRQHandler                           0x080002c7   Thumb Code     0  startup_stm32h743xx.o(.text)
    HRTIM1_FLT_IRQHandler                    0x080002c7   Thumb Code     0  startup_stm32h743xx.o(.text)
    HRTIM1_Master_IRQHandler                 0x080002c7   Thumb Code     0  startup_stm32h743xx.o(.text)
    HRTIM1_TIMA_IRQHandler                   0x080002c7   Thumb Code     0  startup_stm32h743xx.o(.text)
    HRTIM1_TIMB_IRQHandler                   0x080002c7   Thumb Code     0  startup_stm32h743xx.o(.text)
    HRTIM1_TIMC_IRQHandler                   0x080002c7   Thumb Code     0  startup_stm32h743xx.o(.text)
    HRTIM1_TIMD_IRQHandler                   0x080002c7   Thumb Code     0  startup_stm32h743xx.o(.text)
    HRTIM1_TIME_IRQHandler                   0x080002c7   Thumb Code     0  startup_stm32h743xx.o(.text)
    HSEM1_IRQHandler                         0x080002c7   Thumb Code     0  startup_stm32h743xx.o(.text)
    I2C1_ER_IRQHandler                       0x080002c7   Thumb Code     0  startup_stm32h743xx.o(.text)
    I2C1_EV_IRQHandler                       0x080002c7   Thumb Code     0  startup_stm32h743xx.o(.text)
    I2C2_ER_IRQHandler                       0x080002c7   Thumb Code     0  startup_stm32h743xx.o(.text)
    I2C2_EV_IRQHandler                       0x080002c7   Thumb Code     0  startup_stm32h743xx.o(.text)
    I2C3_ER_IRQHandler                       0x080002c7   Thumb Code     0  startup_stm32h743xx.o(.text)
    I2C3_EV_IRQHandler                       0x080002c7   Thumb Code     0  startup_stm32h743xx.o(.text)
    I2C4_ER_IRQHandler                       0x080002c7   Thumb Code     0  startup_stm32h743xx.o(.text)
    I2C4_EV_IRQHandler                       0x080002c7   Thumb Code     0  startup_stm32h743xx.o(.text)
    JPEG_IRQHandler                          0x080002c7   Thumb Code     0  startup_stm32h743xx.o(.text)
    LPTIM1_IRQHandler                        0x080002c7   Thumb Code     0  startup_stm32h743xx.o(.text)
    LPTIM2_IRQHandler                        0x080002c7   Thumb Code     0  startup_stm32h743xx.o(.text)
    LPTIM3_IRQHandler                        0x080002c7   Thumb Code     0  startup_stm32h743xx.o(.text)
    LPTIM4_IRQHandler                        0x080002c7   Thumb Code     0  startup_stm32h743xx.o(.text)
    LPTIM5_IRQHandler                        0x080002c7   Thumb Code     0  startup_stm32h743xx.o(.text)
    LPUART1_IRQHandler                       0x080002c7   Thumb Code     0  startup_stm32h743xx.o(.text)
    LTDC_ER_IRQHandler                       0x080002c7   Thumb Code     0  startup_stm32h743xx.o(.text)
    LTDC_IRQHandler                          0x080002c7   Thumb Code     0  startup_stm32h743xx.o(.text)
    MDIOS_IRQHandler                         0x080002c7   Thumb Code     0  startup_stm32h743xx.o(.text)
    MDIOS_WKUP_IRQHandler                    0x080002c7   Thumb Code     0  startup_stm32h743xx.o(.text)
    MDMA_IRQHandler                          0x080002c7   Thumb Code     0  startup_stm32h743xx.o(.text)
    OTG_FS_EP1_IN_IRQHandler                 0x080002c7   Thumb Code     0  startup_stm32h743xx.o(.text)
    OTG_FS_EP1_OUT_IRQHandler                0x080002c7   Thumb Code     0  startup_stm32h743xx.o(.text)
    OTG_FS_IRQHandler                        0x080002c7   Thumb Code     0  startup_stm32h743xx.o(.text)
    OTG_FS_WKUP_IRQHandler                   0x080002c7   Thumb Code     0  startup_stm32h743xx.o(.text)
    OTG_HS_EP1_IN_IRQHandler                 0x080002c7   Thumb Code     0  startup_stm32h743xx.o(.text)
    OTG_HS_EP1_OUT_IRQHandler                0x080002c7   Thumb Code     0  startup_stm32h743xx.o(.text)
    OTG_HS_IRQHandler                        0x080002c7   Thumb Code     0  startup_stm32h743xx.o(.text)
    OTG_HS_WKUP_IRQHandler                   0x080002c7   Thumb Code     0  startup_stm32h743xx.o(.text)
    PVD_AVD_IRQHandler                       0x080002c7   Thumb Code     0  startup_stm32h743xx.o(.text)
    QUADSPI_IRQHandler                       0x080002c7   Thumb Code     0  startup_stm32h743xx.o(.text)
    RCC_IRQHandler                           0x080002c7   Thumb Code     0  startup_stm32h743xx.o(.text)
    RNG_IRQHandler                           0x080002c7   Thumb Code     0  startup_stm32h743xx.o(.text)
    RTC_Alarm_IRQHandler                     0x080002c7   Thumb Code     0  startup_stm32h743xx.o(.text)
    RTC_WKUP_IRQHandler                      0x080002c7   Thumb Code     0  startup_stm32h743xx.o(.text)
    SAI1_IRQHandler                          0x080002c7   Thumb Code     0  startup_stm32h743xx.o(.text)
    SAI2_IRQHandler                          0x080002c7   Thumb Code     0  startup_stm32h743xx.o(.text)
    SAI3_IRQHandler                          0x080002c7   Thumb Code     0  startup_stm32h743xx.o(.text)
    SAI4_IRQHandler                          0x080002c7   Thumb Code     0  startup_stm32h743xx.o(.text)
    SDMMC1_IRQHandler                        0x080002c7   Thumb Code     0  startup_stm32h743xx.o(.text)
    SDMMC2_IRQHandler                        0x080002c7   Thumb Code     0  startup_stm32h743xx.o(.text)
    SPDIF_RX_IRQHandler                      0x080002c7   Thumb Code     0  startup_stm32h743xx.o(.text)
    SPI1_IRQHandler                          0x080002c7   Thumb Code     0  startup_stm32h743xx.o(.text)
    SPI2_IRQHandler                          0x080002c7   Thumb Code     0  startup_stm32h743xx.o(.text)
    SPI3_IRQHandler                          0x080002c7   Thumb Code     0  startup_stm32h743xx.o(.text)
    SPI4_IRQHandler                          0x080002c7   Thumb Code     0  startup_stm32h743xx.o(.text)
    SPI5_IRQHandler                          0x080002c7   Thumb Code     0  startup_stm32h743xx.o(.text)
    SPI6_IRQHandler                          0x080002c7   Thumb Code     0  startup_stm32h743xx.o(.text)
    SWPMI1_IRQHandler                        0x080002c7   Thumb Code     0  startup_stm32h743xx.o(.text)
    TAMP_STAMP_IRQHandler                    0x080002c7   Thumb Code     0  startup_stm32h743xx.o(.text)
    TIM15_IRQHandler                         0x080002c7   Thumb Code     0  startup_stm32h743xx.o(.text)
    TIM16_IRQHandler                         0x080002c7   Thumb Code     0  startup_stm32h743xx.o(.text)
    TIM17_IRQHandler                         0x080002c7   Thumb Code     0  startup_stm32h743xx.o(.text)
    TIM1_BRK_IRQHandler                      0x080002c7   Thumb Code     0  startup_stm32h743xx.o(.text)
    TIM1_CC_IRQHandler                       0x080002c7   Thumb Code     0  startup_stm32h743xx.o(.text)
    TIM1_TRG_COM_IRQHandler                  0x080002c7   Thumb Code     0  startup_stm32h743xx.o(.text)
    TIM1_UP_IRQHandler                       0x080002c7   Thumb Code     0  startup_stm32h743xx.o(.text)
    TIM2_IRQHandler                          0x080002c7   Thumb Code     0  startup_stm32h743xx.o(.text)
    TIM3_IRQHandler                          0x080002c7   Thumb Code     0  startup_stm32h743xx.o(.text)
    TIM4_IRQHandler                          0x080002c7   Thumb Code     0  startup_stm32h743xx.o(.text)
    TIM5_IRQHandler                          0x080002c7   Thumb Code     0  startup_stm32h743xx.o(.text)
    TIM6_DAC_IRQHandler                      0x080002c7   Thumb Code     0  startup_stm32h743xx.o(.text)
    TIM7_IRQHandler                          0x080002c7   Thumb Code     0  startup_stm32h743xx.o(.text)
    TIM8_BRK_TIM12_IRQHandler                0x080002c7   Thumb Code     0  startup_stm32h743xx.o(.text)
    TIM8_CC_IRQHandler                       0x080002c7   Thumb Code     0  startup_stm32h743xx.o(.text)
    TIM8_TRG_COM_TIM14_IRQHandler            0x080002c7   Thumb Code     0  startup_stm32h743xx.o(.text)
    TIM8_UP_TIM13_IRQHandler                 0x080002c7   Thumb Code     0  startup_stm32h743xx.o(.text)
    UART4_IRQHandler                         0x080002c7   Thumb Code     0  startup_stm32h743xx.o(.text)
    UART5_IRQHandler                         0x080002c7   Thumb Code     0  startup_stm32h743xx.o(.text)
    UART7_IRQHandler                         0x080002c7   Thumb Code     0  startup_stm32h743xx.o(.text)
    UART8_IRQHandler                         0x080002c7   Thumb Code     0  startup_stm32h743xx.o(.text)
    USART1_IRQHandler                        0x080002c7   Thumb Code     0  startup_stm32h743xx.o(.text)
    USART2_IRQHandler                        0x080002c7   Thumb Code     0  startup_stm32h743xx.o(.text)
    USART6_IRQHandler                        0x080002c7   Thumb Code     0  startup_stm32h743xx.o(.text)
    WAKEUP_PIN_IRQHandler                    0x080002c7   Thumb Code     0  startup_stm32h743xx.o(.text)
    WWDG_IRQHandler                          0x080002c7   Thumb Code     0  startup_stm32h743xx.o(.text)
    __aeabi_uldivmod                         0x080002d1   Thumb Code    98  uldiv.o(.text)
    __aeabi_memset                           0x08000333   Thumb Code    14  memseta.o(.text)
    __aeabi_memset4                          0x08000333   Thumb Code     0  memseta.o(.text)
    __aeabi_memset8                          0x08000333   Thumb Code     0  memseta.o(.text)
    __aeabi_memclr                           0x08000341   Thumb Code     4  memseta.o(.text)
    __aeabi_memclr4                          0x08000341   Thumb Code     0  memseta.o(.text)
    __aeabi_memclr8                          0x08000341   Thumb Code     0  memseta.o(.text)
    _memset$wrapper                          0x08000345   Thumb Code    18  memseta.o(.text)
    __aeabi_llsl                             0x08000357   Thumb Code    30  llshl.o(.text)
    _ll_shift_l                              0x08000357   Thumb Code     0  llshl.o(.text)
    __aeabi_llsr                             0x08000375   Thumb Code    32  llushr.o(.text)
    _ll_ushift_r                             0x08000375   Thumb Code     0  llushr.o(.text)
    __I$use$fp                               0x08000395   Thumb Code     0  iusefp.o(.text)
    __scatterload                            0x08000395   Thumb Code    38  init.o(.text)
    __scatterload_rt2                        0x08000395   Thumb Code     0  init.o(.text)
    ADC_ConfigureBoostMode                   0x080003c9   Thumb Code   536  stm32h7xx_hal_adc.o(.text.ADC_ConfigureBoostMode)
    ADC_DMAConvCplt                          0x080005e1   Thumb Code   210  stm32h7xx_hal_adc.o(.text.ADC_DMAConvCplt)
    ADC_DMAError                             0x080006b9   Thumb Code    42  stm32h7xx_hal_adc.o(.text.ADC_DMAError)
    ADC_DMAHalfConvCplt                      0x080006e9   Thumb Code    22  stm32h7xx_hal_adc.o(.text.ADC_DMAHalfConvCplt)
    ADC_Disable                              0x08000701   Thumb Code   196  stm32h7xx_hal_adc.o(.text.ADC_Disable)
    ADC_Enable                               0x080007c9   Thumb Code   328  stm32h7xx_hal_adc.o(.text.ADC_Enable)
    BusFault_Handler                         0x08000911   Thumb Code     4  stm32h7xx_it.o(.text.BusFault_Handler)
    DAC_DMAConvCpltCh1                       0x08000919   Thumb Code    28  stm32h7xx_hal_dac.o(.text.DAC_DMAConvCpltCh1)
    DAC_DMAConvCpltCh2                       0x08000939   Thumb Code    28  stm32h7xx_hal_dac_ex.o(.text.DAC_DMAConvCpltCh2)
    DAC_DMAErrorCh1                          0x08000959   Thumb Code    38  stm32h7xx_hal_dac.o(.text.DAC_DMAErrorCh1)
    DAC_DMAErrorCh2                          0x08000981   Thumb Code    38  stm32h7xx_hal_dac_ex.o(.text.DAC_DMAErrorCh2)
    DAC_DMAHalfConvCpltCh1                   0x080009a9   Thumb Code    22  stm32h7xx_hal_dac.o(.text.DAC_DMAHalfConvCpltCh1)
    DAC_DMAHalfConvCpltCh2                   0x080009c1   Thumb Code    22  stm32h7xx_hal_dac_ex.o(.text.DAC_DMAHalfConvCpltCh2)
    DMA1_Stream0_IRQHandler                  0x080009d9   Thumb Code    16  stm32h7xx_it.o(.text.DMA1_Stream0_IRQHandler)
    DMA1_Stream1_IRQHandler                  0x080009e9   Thumb Code    16  stm32h7xx_it.o(.text.DMA1_Stream1_IRQHandler)
    DMA1_Stream2_IRQHandler                  0x080009f9   Thumb Code    16  stm32h7xx_it.o(.text.DMA1_Stream2_IRQHandler)
    DMA2_Stream1_IRQHandler                  0x08000a09   Thumb Code    16  stm32h7xx_it.o(.text.DMA2_Stream1_IRQHandler)
    DebugMon_Handler                         0x08001499   Thumb Code     2  stm32h7xx_it.o(.text.DebugMon_Handler)
    Detect_WaveType                          0x080014a1   Thumb Code   492  fft.o(.text.Detect_WaveType)
    Error_Handler                            0x080016a9   Thumb Code    14  main.o(.text.Error_Handler)
    FFT_Process                              0x080016b9   Thumb Code   122  fft.o(.text.FFT_Process)
    Find_2BaseIndex                          0x08001739   Thumb Code   252  fft.o(.text.Find_2BaseIndex)
    HAL_ADCEx_Calibration_Start              0x08001839   Thumb Code   228  stm32h7xx_hal_adc_ex.o(.text.HAL_ADCEx_Calibration_Start)
    HAL_ADCEx_MultiModeConfigChannel         0x08001921   Thumb Code   658  stm32h7xx_hal_adc_ex.o(.text.HAL_ADCEx_MultiModeConfigChannel)
    HAL_ADC_ConfigChannel                    0x08001bb9   Thumb Code  2090  stm32h7xx_hal_adc.o(.text.HAL_ADC_ConfigChannel)
    HAL_ADC_ConvCpltCallback                 0x080023e9   Thumb Code    20  main.o(.text.HAL_ADC_ConvCpltCallback)
    HAL_ADC_ConvHalfCpltCallback             0x08002401   Thumb Code    20  main.o(.text.HAL_ADC_ConvHalfCpltCallback)
    HAL_ADC_ErrorCallback                    0x08002419   Thumb Code     8  stm32h7xx_hal_adc.o(.text.HAL_ADC_ErrorCallback)
    HAL_ADC_Init                             0x08002421   Thumb Code   968  stm32h7xx_hal_adc.o(.text.HAL_ADC_Init)
    HAL_ADC_MspInit                          0x080027e9   Thumb Code   278  adc.o(.text.HAL_ADC_MspInit)
    HAL_ADC_Start_DMA                        0x08002901   Thumb Code   476  stm32h7xx_hal_adc.o(.text.HAL_ADC_Start_DMA)
    HAL_DACEx_ConvCpltCallbackCh2            0x08002ae1   Thumb Code     8  stm32h7xx_hal_dac_ex.o(.text.HAL_DACEx_ConvCpltCallbackCh2)
    HAL_DACEx_ConvHalfCpltCallbackCh2        0x08002ae9   Thumb Code     8  stm32h7xx_hal_dac_ex.o(.text.HAL_DACEx_ConvHalfCpltCallbackCh2)
    HAL_DACEx_ErrorCallbackCh2               0x08002af1   Thumb Code     8  stm32h7xx_hal_dac_ex.o(.text.HAL_DACEx_ErrorCallbackCh2)
    HAL_DAC_ConfigChannel                    0x08002af9   Thumb Code   690  stm32h7xx_hal_dac.o(.text.HAL_DAC_ConfigChannel)
    HAL_DAC_ConvCpltCallbackCh1              0x08002db1   Thumb Code     8  stm32h7xx_hal_dac.o(.text.HAL_DAC_ConvCpltCallbackCh1)
    HAL_DAC_ConvHalfCpltCallbackCh1          0x08002db9   Thumb Code     8  stm32h7xx_hal_dac.o(.text.HAL_DAC_ConvHalfCpltCallbackCh1)
    HAL_DAC_ErrorCallbackCh1                 0x08002dc1   Thumb Code     8  stm32h7xx_hal_dac.o(.text.HAL_DAC_ErrorCallbackCh1)
    HAL_DAC_Init                             0x08002dc9   Thumb Code    74  stm32h7xx_hal_dac.o(.text.HAL_DAC_Init)
    HAL_DAC_MspInit                          0x08002e19   Thumb Code   316  dac.o(.text.HAL_DAC_MspInit)
    HAL_DAC_Start_DMA                        0x08002f59   Thumb Code   418  stm32h7xx_hal_dac.o(.text.HAL_DAC_Start_DMA)
    HAL_DMA_Abort                            0x08003101   Thumb Code  2424  stm32h7xx_hal_dma.o(.text.HAL_DMA_Abort)
    HAL_DMA_Abort_IT                         0x08003a79   Thumb Code  1706  stm32h7xx_hal_dma.o(.text.HAL_DMA_Abort_IT)
    HAL_DMA_IRQHandler                       0x08004129   Thumb Code  4544  stm32h7xx_hal_dma.o(.text.HAL_DMA_IRQHandler)
    HAL_DMA_Init                             0x080052e9   Thumb Code  2402  stm32h7xx_hal_dma.o(.text.HAL_DMA_Init)
    HAL_DMA_Start_IT                         0x08005c51   Thumb Code  1794  stm32h7xx_hal_dma.o(.text.HAL_DMA_Start_IT)
    HAL_GPIO_Init                            0x08006359   Thumb Code   964  stm32h7xx_hal_gpio.o(.text.HAL_GPIO_Init)
    HAL_GetREVID                             0x08006721   Thumb Code    14  stm32h7xx_hal.o(.text.HAL_GetREVID)
    HAL_GetTick                              0x08006731   Thumb Code    12  stm32h7xx_hal.o(.text.HAL_GetTick)
    HAL_IncTick                              0x08006741   Thumb Code    26  stm32h7xx_hal.o(.text.HAL_IncTick)
    HAL_Init                                 0x08006761   Thumb Code   122  stm32h7xx_hal.o(.text.HAL_Init)
    HAL_InitTick                             0x080067e1   Thumb Code   134  stm32h7xx_hal.o(.text.HAL_InitTick)
    HAL_MspInit                              0x08006869   Thumb Code    36  stm32h7xx_hal_msp.o(.text.HAL_MspInit)
    HAL_NVIC_EnableIRQ                       0x08006891   Thumb Code    20  stm32h7xx_hal_cortex.o(.text.HAL_NVIC_EnableIRQ)
    HAL_NVIC_SetPriority                     0x080068a9   Thumb Code    46  stm32h7xx_hal_cortex.o(.text.HAL_NVIC_SetPriority)
    HAL_NVIC_SetPriorityGrouping             0x080068d9   Thumb Code    16  stm32h7xx_hal_cortex.o(.text.HAL_NVIC_SetPriorityGrouping)
    HAL_PWREx_ConfigSupply                   0x080068e9   Thumb Code   162  stm32h7xx_hal_pwr_ex.o(.text.HAL_PWREx_ConfigSupply)
    HAL_RCCEx_GetD3PCLK1Freq                 0x08006991   Thumb Code    38  stm32h7xx_hal_rcc_ex.o(.text.HAL_RCCEx_GetD3PCLK1Freq)
    HAL_RCCEx_GetPLL1ClockFreq               0x080069b9   Thumb Code   668  stm32h7xx_hal_rcc_ex.o(.text.HAL_RCCEx_GetPLL1ClockFreq)
    HAL_RCCEx_GetPLL2ClockFreq               0x08006c69   Thumb Code   668  stm32h7xx_hal_rcc_ex.o(.text.HAL_RCCEx_GetPLL2ClockFreq)
    HAL_RCCEx_GetPLL3ClockFreq               0x08006f19   Thumb Code   668  stm32h7xx_hal_rcc_ex.o(.text.HAL_RCCEx_GetPLL3ClockFreq)
    HAL_RCCEx_GetPeriphCLKFreq               0x080071c9   Thumb Code  3146  stm32h7xx_hal_rcc_ex.o(.text.HAL_RCCEx_GetPeriphCLKFreq)
    HAL_RCCEx_PeriphCLKConfig                0x08007e19   Thumb Code  4256  stm32h7xx_hal_rcc_ex.o(.text.HAL_RCCEx_PeriphCLKConfig)
    HAL_RCC_ClockConfig                      0x08008eb9   Thumb Code  1176  stm32h7xx_hal_rcc.o(.text.HAL_RCC_ClockConfig)
    HAL_RCC_GetHCLKFreq                      0x08009351   Thumb Code    86  stm32h7xx_hal_rcc.o(.text.HAL_RCC_GetHCLKFreq)
    HAL_RCC_GetPCLK1Freq                     0x080093a9   Thumb Code    38  stm32h7xx_hal_rcc.o(.text.HAL_RCC_GetPCLK1Freq)
    HAL_RCC_GetPCLK2Freq                     0x080093d1   Thumb Code    38  stm32h7xx_hal_rcc.o(.text.HAL_RCC_GetPCLK2Freq)
    HAL_RCC_GetSysClockFreq                  0x080093f9   Thumb Code   768  stm32h7xx_hal_rcc.o(.text.HAL_RCC_GetSysClockFreq)
    HAL_RCC_OscConfig                        0x08009709   Thumb Code  2904  stm32h7xx_hal_rcc.o(.text.HAL_RCC_OscConfig)
    HAL_SYSTICK_Config                       0x0800a261   Thumb Code    16  stm32h7xx_hal_cortex.o(.text.HAL_SYSTICK_Config)
    HAL_TIMEx_MasterConfigSynchronization    0x0800a271   Thumb Code   344  stm32h7xx_hal_tim_ex.o(.text.HAL_TIMEx_MasterConfigSynchronization)
    HAL_TIM_Base_Init                        0x0800a3c9   Thumb Code   168  stm32h7xx_hal_tim.o(.text.HAL_TIM_Base_Init)
    HAL_TIM_Base_MspInit                     0x0800a471   Thumb Code    58  tim.o(.text.HAL_TIM_Base_MspInit)
    HAL_TIM_Base_Start                       0x0800a4b1   Thumb Code   248  stm32h7xx_hal_tim.o(.text.HAL_TIM_Base_Start)
    HAL_TIM_ConfigClockSource                0x0800a5a9   Thumb Code   464  stm32h7xx_hal_tim.o(.text.HAL_TIM_ConfigClockSource)
    HAL_UARTEx_DisableFifoMode               0x0800a779   Thumb Code   124  stm32h7xx_hal_uart_ex.o(.text.HAL_UARTEx_DisableFifoMode)
    HAL_UARTEx_ReceiveToIdle_DMA             0x0800a7f9   Thumb Code   176  stm32h7xx_hal_uart_ex.o(.text.HAL_UARTEx_ReceiveToIdle_DMA)
    HAL_UARTEx_RxEventCallback               0x0800a8a9   Thumb Code    94  main.o(.text.HAL_UARTEx_RxEventCallback)
    HAL_UARTEx_RxFifoFullCallback            0x0800a909   Thumb Code     8  stm32h7xx_hal_uart_ex.o(.text.HAL_UARTEx_RxFifoFullCallback)
    HAL_UARTEx_SetRxFifoThreshold            0x0800a911   Thumb Code   140  stm32h7xx_hal_uart_ex.o(.text.HAL_UARTEx_SetRxFifoThreshold)
    HAL_UARTEx_SetTxFifoThreshold            0x0800a9a1   Thumb Code   140  stm32h7xx_hal_uart_ex.o(.text.HAL_UARTEx_SetTxFifoThreshold)
    HAL_UARTEx_TxFifoEmptyCallback           0x0800aa31   Thumb Code     8  stm32h7xx_hal_uart_ex.o(.text.HAL_UARTEx_TxFifoEmptyCallback)
    HAL_UARTEx_WakeupCallback                0x0800aa39   Thumb Code     8  stm32h7xx_hal_uart_ex.o(.text.HAL_UARTEx_WakeupCallback)
    HAL_UART_ErrorCallback                   0x0800aa41   Thumb Code     8  stm32h7xx_hal_uart.o(.text.HAL_UART_ErrorCallback)
    HAL_UART_IRQHandler                      0x0800aa49   Thumb Code  1736  stm32h7xx_hal_uart.o(.text.HAL_UART_IRQHandler)
    HAL_UART_Init                            0x0800b111   Thumb Code   170  stm32h7xx_hal_uart.o(.text.HAL_UART_Init)
    HAL_UART_MspInit                         0x0800b1c1   Thumb Code   270  usart.o(.text.HAL_UART_MspInit)
    HAL_UART_RxCpltCallback                  0x0800b2d1   Thumb Code     8  stm32h7xx_hal_uart.o(.text.HAL_UART_RxCpltCallback)
    HAL_UART_RxHalfCpltCallback              0x0800b2d9   Thumb Code     8  stm32h7xx_hal_uart.o(.text.HAL_UART_RxHalfCpltCallback)
    HAL_UART_TxCpltCallback                  0x0800b2e1   Thumb Code     8  stm32h7xx_hal_uart.o(.text.HAL_UART_TxCpltCallback)
    HardFault_Handler                        0x0800b2e9   Thumb Code     4  stm32h7xx_it.o(.text.HardFault_Handler)
    IFFT_Process                             0x0800b2f1   Thumb Code   104  fft.o(.text.IFFT_Process)
    MX_ADC1_Init                             0x0800b699   Thumb Code   224  adc.o(.text.MX_ADC1_Init)
    MX_DAC1_Init                             0x0800b779   Thumb Code   116  dac.o(.text.MX_DAC1_Init)
    MX_DMA_Init                              0x0800b7f1   Thumb Code   144  dma.o(.text.MX_DMA_Init)
    MX_GPIO_Init                             0x0800b881   Thumb Code   164  gpio.o(.text.MX_GPIO_Init)
    MX_TIM4_Init                             0x0800b929   Thumb Code   132  tim.o(.text.MX_TIM4_Init)
    MX_USART3_UART_Init                      0x0800b9b1   Thumb Code   142  usart.o(.text.MX_USART3_UART_Init)
    MemManage_Handler                        0x0800ba41   Thumb Code     4  stm32h7xx_it.o(.text.MemManage_Handler)
    NMI_Handler                              0x0800ba49   Thumb Code     4  stm32h7xx_it.o(.text.NMI_Handler)
    PendSV_Handler                           0x0800bac1   Thumb Code     2  stm32h7xx_it.o(.text.PendSV_Handler)
    ProcessFFTData                           0x0800bac9   Thumb Code  1498  fft.o(.text.ProcessFFTData)
    SVC_Handler                              0x0800c449   Thumb Code     2  stm32h7xx_it.o(.text.SVC_Handler)
    SysTick_Handler                          0x0800c4a9   Thumb Code     8  stm32h7xx_it.o(.text.SysTick_Handler)
    SystemClock_Config                       0x0800c4b1   Thumb Code   232  main.o(.text.SystemClock_Config)
    SystemInit                               0x0800c599   Thumb Code   352  system_stm32h7xx.o(.text.SystemInit)
    TIM_Base_SetConfig                       0x0800c6f9   Thumb Code   432  stm32h7xx_hal_tim.o(.text.TIM_Base_SetConfig)
    TIM_ETR_SetConfig                        0x0800c8a9   Thumb Code    52  stm32h7xx_hal_tim.o(.text.TIM_ETR_SetConfig)
    UART_AdvFeatureConfig                    0x0800ca41   Thumb Code   328  stm32h7xx_hal_uart.o(.text.UART_AdvFeatureConfig)
    UART_CheckIdleState                      0x0800cb89   Thumb Code   326  stm32h7xx_hal_uart.o(.text.UART_CheckIdleState)
    UART_SetConfig                           0x0800cff1   Thumb Code  2338  stm32h7xx_hal_uart.o(.text.UART_SetConfig)
    UART_Start_Receive_DMA                   0x0800d919   Thumb Code   302  stm32h7xx_hal_uart.o(.text.UART_Start_Receive_DMA)
    UART_WaitOnFlagUntilTimeout              0x0800da49   Thumb Code   268  stm32h7xx_hal_uart.o(.text.UART_WaitOnFlagUntilTimeout)
    USART3_IRQHandler                        0x0800db59   Thumb Code    16  stm32h7xx_it.o(.text.USART3_IRQHandler)
    UsageFault_Handler                       0x0800db69   Thumb Code     4  stm32h7xx_it.o(.text.UsageFault_Handler)
    add_phase                                0x0800dc59   Thumb Code   108  fft.o(.text.add_phase)
    arm_bitreversal_32                       0x0800dcc9   Thumb Code   142  transformfunctions.o(.text.arm_bitreversal_32)
    arm_cfft_f32                             0x0800dd59   Thumb Code   342  transformfunctions.o(.text.arm_cfft_f32)
    arm_cmplx_mag_f32                        0x0800ed01   Thumb Code   134  complexmathfunctions.o(.text.arm_cmplx_mag_f32)
    arm_radix8_butterfly_f32                 0x0800ed89   Thumb Code  3584  transformfunctions.o(.text.arm_radix8_butterfly_f32)
    main                                     0x0800fb91   Thumb Code   328  main.o(.text.main)
    setup_buffers                            0x0800fce1   Thumb Code   110  main.o(.text.setup_buffers)
    swap_buffers                             0x0800fd51   Thumb Code   160  main.o(.text.swap_buffers)
    __ARM_fpclassify                         0x0800fdf1   Thumb Code    48  fpclassify.o(i.__ARM_fpclassify)
    __ARM_fpclassifyf                        0x0800fe21   Thumb Code    38  fpclassifyf.o(i.__ARM_fpclassifyf)
    __hardfp_atan2f                          0x0800fe49   Thumb Code   594  atan2f.o(i.__hardfp_atan2f)
    __hardfp_cos                             0x080100f9   Thumb Code   158  cos.o(i.__hardfp_cos)
    __hardfp_cosf                            0x080101a9   Thumb Code   280  cosf.o(i.__hardfp_cosf)
    __hardfp_sin                             0x080102f9   Thumb Code   158  sin.o(i.__hardfp_sin)
    __hardfp_sinf                            0x080103a9   Thumb Code   344  sinf.o(i.__hardfp_sinf)
    __hardfp_sqrtf                           0x08010539   Thumb Code    58  sqrtf.o(i.__hardfp_sqrtf)
    __ieee754_rem_pio2                       0x08010579   Thumb Code   646  rred.o(i.__ieee754_rem_pio2)
    __kernel_cos                             0x08010881   Thumb Code   182  cos_i.o(i.__kernel_cos)
    __kernel_poly                            0x08010945   Thumb Code   112  poly.o(i.__kernel_poly)
    __kernel_sin                             0x080109b9   Thumb Code   144  sin_i.o(i.__kernel_sin)
    __mathlib_dbl_invalid                    0x08010a59   Thumb Code    10  dunder.o(i.__mathlib_dbl_invalid)
    __mathlib_dbl_underflow                  0x08010a71   Thumb Code    10  dunder.o(i.__mathlib_dbl_underflow)
    __mathlib_flt_infnan                     0x08010a89   Thumb Code     6  funder.o(i.__mathlib_flt_infnan)
    __mathlib_flt_infnan2                    0x08010a8f   Thumb Code     6  funder.o(i.__mathlib_flt_infnan2)
    __mathlib_flt_invalid                    0x08010a95   Thumb Code    10  funder.o(i.__mathlib_flt_invalid)
    __mathlib_flt_underflow                  0x08010aa5   Thumb Code    10  funder.o(i.__mathlib_flt_underflow)
    __mathlib_rredf2                         0x08010ab5   Thumb Code   316  rredf.o(i.__mathlib_rredf2)
    __scatterload_copy                       0x08010c09   Thumb Code    14  handlers.o(i.__scatterload_copy)
    __scatterload_null                       0x08010c17   Thumb Code     2  handlers.o(i.__scatterload_null)
    __scatterload_zeroinit                   0x08010c19   Thumb Code    14  handlers.o(i.__scatterload_zeroinit)
    __set_errno                              0x08010c29   Thumb Code     6  errno.o(i.__set_errno)
    fabs                                     0x08010c35   Thumb Code    24  fabs.o(i.fabs)
    D1CorePrescTable                         0x08010d98   Data          16  system_stm32h7xx.o(.rodata.D1CorePrescTable)
    UARTPrescTable                           0x08010dc0   Data          24  stm32h7xx_hal_uart.o(.rodata.UARTPrescTable)
    armBitRevIndexTable1024                  0x08010dd8   Data        3600  commontables.o(.rodata.armBitRevIndexTable1024)
    arm_cfft_sR_f32_len1024                  0x08011be8   Data          16  commontables.o(.rodata.arm_cfft_sR_f32_len1024)
    twiddleCoef_1024                         0x08011bf8   Data        8192  commontables.o(.rodata.twiddleCoef_1024)
    Region$$Table$$Base                      0x08013bf8   Number         0  anon$$obj.o(Region$$Table)
    Region$$Table$$Limit                     0x08013c18   Number         0  anon$$obj.o(Region$$Table)
    SystemCoreClock                          0x24000004   Data           4  system_stm32h7xx.o(.data.SystemCoreClock)
    SystemD2Clock                            0x24000008   Data           4  system_stm32h7xx.o(.data.SystemD2Clock)
    a                                        0x2400000c   Data           8  fft.o(.data.a)
    b                                        0x24000014   Data           8  fft.o(.data.b)
    uwTickFreq                               0x2400001c   Data           1  stm32h7xx_hal.o(.data.uwTickFreq)
    uwTickPrio                               0x24000020   Data           4  stm32h7xx_hal.o(.data.uwTickPrio)
    y                                        0x24000024   Data          12  fft.o(.data.y)
    ADC_Buffer                               0x24000030   Data        4096  fft.o(.bss.ADC_Buffer)
    ADC_ConvEnd                              0x24001030   Data           1  main.o(.bss.ADC_ConvEnd)
    CurrADC_Buffer                           0x24001034   Data           4  main.o(.bss.CurrADC_Buffer)
    CurrDAC_Buffer1                          0x24001038   Data           4  main.o(.bss.CurrDAC_Buffer1)
    CurrDAC_Buffer2                          0x2400103c   Data           4  main.o(.bss.CurrDAC_Buffer2)
    DAC_Buffer1                              0x24001040   Data        4096  fft.o(.bss.DAC_Buffer1)
    DAC_Buffer2                              0x24002040   Data        4096  fft.o(.bss.DAC_Buffer2)
    FFT_Data                                 0x24003040   Data        8192  fft.o(.bss.FFT_Data)
    FFT_Data1                                0x24005040   Data        8192  fft.o(.bss.FFT_Data1)
    FFT_Data2                                0x24007040   Data        8192  fft.o(.bss.FFT_Data2)
    FFT_Mag                                  0x24009040   Data        4096  fft.o(.bss.FFT_Mag)
    NextADC_Buffer                           0x2400a040   Data           4  main.o(.bss.NextADC_Buffer)
    NextDAC_Buffer1                          0x2400a044   Data           4  main.o(.bss.NextDAC_Buffer1)
    NextDAC_Buffer2                          0x2400a048   Data           4  main.o(.bss.NextDAC_Buffer2)
    Wave                                     0x2400a04c   Data          16  main.o(.bss.Wave)
    buffer_in_use                            0x2400a05c   Data           1  main.o(.bss.buffer_in_use)
    hadc1                                    0x2400a060   Data         100  adc.o(.bss.hadc1)
    hdac1                                    0x2400a0c4   Data          20  dac.o(.bss.hdac1)
    hdma_adc1                                0x2400a0d8   Data         120  adc.o(.bss.hdma_adc1)
    hdma_dac1_ch1                            0x2400a150   Data         120  dac.o(.bss.hdma_dac1_ch1)
    hdma_dac1_ch2                            0x2400a1c8   Data         120  dac.o(.bss.hdma_dac1_ch2)
    hdma_usart3_rx                           0x2400a240   Data         120  usart.o(.bss.hdma_usart3_rx)
    htim4                                    0x2400a2b8   Data          76  tim.o(.bss.htim4)
    huart3                                   0x2400a304   Data         148  usart.o(.bss.huart3)
    rx_buffer                                0x2400a398   Data          20  main.o(.bss.rx_buffer)
    target_d_angle                           0x2400a3ac   Data           1  main.o(.bss.target_d_angle)
    uwTick                                   0x2400a3b0   Data           4  stm32h7xx_hal.o(.bss.uwTick)
    __initial_sp                             0x2400a7b8   Data           0  startup_stm32h743xx.o(STACK)



==============================================================================

Memory Map of the image

  Image Entry point : 0x08000299

  Load Region LR_IROM1 (Base: 0x08000000, Size: 0x00013c48, Max: 0x00200000, ABSOLUTE)

    Execution Region ER_IROM1 (Exec base: 0x08000000, Load base: 0x08000000, Size: 0x00013c18, Max: 0x00200000, ABSOLUTE)

    Exec Addr    Load Addr    Size         Type   Attr      Idx    E Section Name        Object

    0x08000000   0x08000000   0x00000298   Data   RO            3    RESET               startup_stm32h743xx.o
    0x08000298   0x08000298   0x00000000   Code   RO         4124  * .ARM.Collect$$$$00000000  mc_w.l(entry.o)
    0x08000298   0x08000298   0x00000004   Code   RO         4190    .ARM.Collect$$$$00000001  mc_w.l(entry2.o)
    0x0800029c   0x0800029c   0x00000004   Code   RO         4193    .ARM.Collect$$$$00000004  mc_w.l(entry5.o)
    0x080002a0   0x080002a0   0x00000000   Code   RO         4195    .ARM.Collect$$$$00000008  mc_w.l(entry7b.o)
    0x080002a0   0x080002a0   0x00000000   Code   RO         4197    .ARM.Collect$$$$0000000A  mc_w.l(entry8b.o)
    0x080002a0   0x080002a0   0x00000008   Code   RO         4198    .ARM.Collect$$$$0000000B  mc_w.l(entry9a.o)
    0x080002a8   0x080002a8   0x00000000   Code   RO         4200    .ARM.Collect$$$$0000000D  mc_w.l(entry10a.o)
    0x080002a8   0x080002a8   0x00000000   Code   RO         4202    .ARM.Collect$$$$0000000F  mc_w.l(entry11a.o)
    0x080002a8   0x080002a8   0x00000004   Code   RO         4191    .ARM.Collect$$$$00002712  mc_w.l(entry2.o)
    0x080002ac   0x080002ac   0x00000024   Code   RO            4    .text               startup_stm32h743xx.o
    0x080002d0   0x080002d0   0x00000062   Code   RO         4127    .text               mc_w.l(uldiv.o)
    0x08000332   0x08000332   0x00000024   Code   RO         4133    .text               mc_w.l(memseta.o)
    0x08000356   0x08000356   0x0000001e   Code   RO         4204    .text               mc_w.l(llshl.o)
    0x08000374   0x08000374   0x00000020   Code   RO         4206    .text               mc_w.l(llushr.o)
    0x08000394   0x08000394   0x00000000   Code   RO         4215    .text               mc_w.l(iusefp.o)
    0x08000394   0x08000394   0x00000030   Code   RO         4224    .text               mc_w.l(init.o)
    0x080003c4   0x080003c4   0x00000004   PAD
    0x080003c8   0x080003c8   0x00000218   Code   RO          192    .text.ADC_ConfigureBoostMode  stm32h7xx_hal_adc.o
    0x080005e0   0x080005e0   0x000000d2   Code   RO          226    .text.ADC_DMAConvCplt  stm32h7xx_hal_adc.o
    0x080006b2   0x080006b2   0x00000006   PAD
    0x080006b8   0x080006b8   0x0000002a   Code   RO          230    .text.ADC_DMAError  stm32h7xx_hal_adc.o
    0x080006e2   0x080006e2   0x00000006   PAD
    0x080006e8   0x080006e8   0x00000016   Code   RO          228    .text.ADC_DMAHalfConvCplt  stm32h7xx_hal_adc.o
    0x080006fe   0x080006fe   0x00000002   PAD
    0x08000700   0x08000700   0x000000c4   Code   RO          198    .text.ADC_Disable   stm32h7xx_hal_adc.o
    0x080007c4   0x080007c4   0x00000004   PAD
    0x080007c8   0x080007c8   0x00000148   Code   RO          206    .text.ADC_Enable    stm32h7xx_hal_adc.o
    0x08000910   0x08000910   0x00000004   Code   RO          135    .text.BusFault_Handler  stm32h7xx_it.o
    0x08000914   0x08000914   0x00000004   PAD
    0x08000918   0x08000918   0x0000001c   Code   RO         1333    .text.DAC_DMAConvCpltCh1  stm32h7xx_hal_dac.o
    0x08000934   0x08000934   0x00000004   PAD
    0x08000938   0x08000938   0x0000001c   Code   RO         1374    .text.DAC_DMAConvCpltCh2  stm32h7xx_hal_dac_ex.o
    0x08000954   0x08000954   0x00000004   PAD
    0x08000958   0x08000958   0x00000026   Code   RO         1337    .text.DAC_DMAErrorCh1  stm32h7xx_hal_dac.o
    0x0800097e   0x0800097e   0x00000002   PAD
    0x08000980   0x08000980   0x00000026   Code   RO         1378    .text.DAC_DMAErrorCh2  stm32h7xx_hal_dac_ex.o
    0x080009a6   0x080009a6   0x00000002   PAD
    0x080009a8   0x080009a8   0x00000016   Code   RO         1335    .text.DAC_DMAHalfConvCpltCh1  stm32h7xx_hal_dac.o
    0x080009be   0x080009be   0x00000002   PAD
    0x080009c0   0x080009c0   0x00000016   Code   RO         1376    .text.DAC_DMAHalfConvCpltCh2  stm32h7xx_hal_dac_ex.o
    0x080009d6   0x080009d6   0x00000002   PAD
    0x080009d8   0x080009d8   0x00000010   Code   RO          147    .text.DMA1_Stream0_IRQHandler  stm32h7xx_it.o
    0x080009e8   0x080009e8   0x00000010   Code   RO          149    .text.DMA1_Stream1_IRQHandler  stm32h7xx_it.o
    0x080009f8   0x080009f8   0x00000010   Code   RO          151    .text.DMA1_Stream2_IRQHandler  stm32h7xx_it.o
    0x08000a08   0x08000a08   0x00000010   Code   RO          155    .text.DMA2_Stream1_IRQHandler  stm32h7xx_it.o
    0x08000a18   0x08000a18   0x000001ca   Code   RO          683    .text.DMA_CalcBaseAndBitshift  stm32h7xx_hal_dma.o
    0x08000be2   0x08000be2   0x00000006   PAD
    0x08000be8   0x08000be8   0x00000178   Code   RO          685    .text.DMA_CalcDMAMUXChannelBaseAndMask  stm32h7xx_hal_dma.o
    0x08000d60   0x08000d60   0x0000012a   Code   RO          687    .text.DMA_CalcDMAMUXRequestGenBaseAndMask  stm32h7xx_hal_dma.o
    0x08000e8a   0x08000e8a   0x00000006   PAD
    0x08000e90   0x08000e90   0x000000f0   Code   RO          681    .text.DMA_CheckFifoParam  stm32h7xx_hal_dma.o
    0x08000f80   0x08000f80   0x00000514   Code   RO          693    .text.DMA_SetConfig  stm32h7xx_hal_dma.o
    0x08001494   0x08001494   0x00000004   PAD
    0x08001498   0x08001498   0x00000002   Code   RO          141    .text.DebugMon_Handler  stm32h7xx_it.o
    0x0800149a   0x0800149a   0x00000006   PAD
    0x080014a0   0x080014a0   0x00000204   Code   RO         1978    .text.Detect_WaveType  fft.o
    0x080016a4   0x080016a4   0x00000004   PAD
    0x080016a8   0x080016a8   0x0000000e   Code   RO           19    .text.Error_Handler  main.o
    0x080016b6   0x080016b6   0x00000002   PAD
    0x080016b8   0x080016b8   0x0000007a   Code   RO         1966    .text.FFT_Process   fft.o
    0x08001732   0x08001732   0x00000006   PAD
    0x08001738   0x08001738   0x000000fc   Code   RO         1976    .text.Find_2BaseIndex  fft.o
    0x08001834   0x08001834   0x00000004   PAD
    0x08001838   0x08001838   0x000000e4   Code   RO          311    .text.HAL_ADCEx_Calibration_Start  stm32h7xx_hal_adc_ex.o
    0x0800191c   0x0800191c   0x00000004   PAD
    0x08001920   0x08001920   0x00000292   Code   RO          407    .text.HAL_ADCEx_MultiModeConfigChannel  stm32h7xx_hal_adc_ex.o
    0x08001bb2   0x08001bb2   0x00000006   PAD
    0x08001bb8   0x08001bb8   0x0000082a   Code   RO          250    .text.HAL_ADC_ConfigChannel  stm32h7xx_hal_adc.o
    0x080023e2   0x080023e2   0x00000006   PAD
    0x080023e8   0x080023e8   0x00000014   Code   RO           23    .text.HAL_ADC_ConvCpltCallback  main.o
    0x080023fc   0x080023fc   0x00000004   PAD
    0x08002400   0x08002400   0x00000014   Code   RO           21    .text.HAL_ADC_ConvHalfCpltCallback  main.o
    0x08002414   0x08002414   0x00000004   PAD
    0x08002418   0x08002418   0x00000008   Code   RO          246    .text.HAL_ADC_ErrorCallback  stm32h7xx_hal_adc.o
    0x08002420   0x08002420   0x000003c8   Code   RO          172    .text.HAL_ADC_Init  stm32h7xx_hal_adc.o
    0x080027e8   0x080027e8   0x00000116   Code   RO           58    .text.HAL_ADC_MspInit  adc.o
    0x080028fe   0x080028fe   0x00000002   PAD
    0x08002900   0x08002900   0x000001dc   Code   RO          224    .text.HAL_ADC_Start_DMA  stm32h7xx_hal_adc.o
    0x08002adc   0x08002adc   0x00000004   PAD
    0x08002ae0   0x08002ae0   0x00000008   Code   RO         1388    .text.HAL_DACEx_ConvCpltCallbackCh2  stm32h7xx_hal_dac_ex.o
    0x08002ae8   0x08002ae8   0x00000008   Code   RO         1390    .text.HAL_DACEx_ConvHalfCpltCallbackCh2  stm32h7xx_hal_dac_ex.o
    0x08002af0   0x08002af0   0x00000008   Code   RO         1392    .text.HAL_DACEx_ErrorCallbackCh2  stm32h7xx_hal_dac_ex.o
    0x08002af8   0x08002af8   0x000002b2   Code   RO         1355    .text.HAL_DAC_ConfigChannel  stm32h7xx_hal_dac.o
    0x08002daa   0x08002daa   0x00000006   PAD
    0x08002db0   0x08002db0   0x00000008   Code   RO         1347    .text.HAL_DAC_ConvCpltCallbackCh1  stm32h7xx_hal_dac.o
    0x08002db8   0x08002db8   0x00000008   Code   RO         1349    .text.HAL_DAC_ConvHalfCpltCallbackCh1  stm32h7xx_hal_dac.o
    0x08002dc0   0x08002dc0   0x00000008   Code   RO         1351    .text.HAL_DAC_ErrorCallbackCh1  stm32h7xx_hal_dac.o
    0x08002dc8   0x08002dc8   0x0000004a   Code   RO         1319    .text.HAL_DAC_Init  stm32h7xx_hal_dac.o
    0x08002e12   0x08002e12   0x00000006   PAD
    0x08002e18   0x08002e18   0x0000013c   Code   RO           73    .text.HAL_DAC_MspInit  dac.o
    0x08002f54   0x08002f54   0x00000004   PAD
    0x08002f58   0x08002f58   0x000001a2   Code   RO         1331    .text.HAL_DAC_Start_DMA  stm32h7xx_hal_dac.o
    0x080030fa   0x080030fa   0x00000006   PAD
    0x08003100   0x08003100   0x00000978   Code   RO          697    .text.HAL_DMA_Abort  stm32h7xx_hal_dma.o
    0x08003a78   0x08003a78   0x000006aa   Code   RO          699    .text.HAL_DMA_Abort_IT  stm32h7xx_hal_dma.o
    0x08004122   0x08004122   0x00000006   PAD
    0x08004128   0x08004128   0x000011c0   Code   RO          703    .text.HAL_DMA_IRQHandler  stm32h7xx_hal_dma.o
    0x080052e8   0x080052e8   0x00000962   Code   RO          679    .text.HAL_DMA_Init  stm32h7xx_hal_dma.o
    0x08005c4a   0x08005c4a   0x00000006   PAD
    0x08005c50   0x08005c50   0x00000702   Code   RO          695    .text.HAL_DMA_Start_IT  stm32h7xx_hal_dma.o
    0x08006352   0x08006352   0x00000006   PAD
    0x08006358   0x08006358   0x000003c4   Code   RO          627    .text.HAL_GPIO_Init  stm32h7xx_hal_gpio.o
    0x0800671c   0x0800671c   0x00000004   PAD
    0x08006720   0x08006720   0x0000000e   Code   RO         1028    .text.HAL_GetREVID  stm32h7xx_hal.o
    0x0800672e   0x0800672e   0x00000002   PAD
    0x08006730   0x08006730   0x0000000c   Code   RO         1012    .text.HAL_GetTick   stm32h7xx_hal.o
    0x0800673c   0x0800673c   0x00000004   PAD
    0x08006740   0x08006740   0x0000001a   Code   RO         1010    .text.HAL_IncTick   stm32h7xx_hal.o
    0x0800675a   0x0800675a   0x00000006   PAD
    0x08006760   0x08006760   0x0000007a   Code   RO         1000    .text.HAL_Init      stm32h7xx_hal.o
    0x080067da   0x080067da   0x00000006   PAD
    0x080067e0   0x080067e0   0x00000086   Code   RO         1002    .text.HAL_InitTick  stm32h7xx_hal.o
    0x08006866   0x08006866   0x00000002   PAD
    0x08006868   0x08006868   0x00000024   Code   RO          164    .text.HAL_MspInit   stm32h7xx_hal_msp.o
    0x0800688c   0x0800688c   0x00000004   PAD
    0x08006890   0x08006890   0x00000014   Code   RO          935    .text.HAL_NVIC_EnableIRQ  stm32h7xx_hal_cortex.o
    0x080068a4   0x080068a4   0x00000004   PAD
    0x080068a8   0x080068a8   0x0000002e   Code   RO          927    .text.HAL_NVIC_SetPriority  stm32h7xx_hal_cortex.o
    0x080068d6   0x080068d6   0x00000002   PAD
    0x080068d8   0x080068d8   0x00000010   Code   RO          923    .text.HAL_NVIC_SetPriorityGrouping  stm32h7xx_hal_cortex.o
    0x080068e8   0x080068e8   0x000000a2   Code   RO          836    .text.HAL_PWREx_ConfigSupply  stm32h7xx_hal_pwr_ex.o
    0x0800698a   0x0800698a   0x00000006   PAD
    0x08006990   0x08006990   0x00000026   Code   RO          481    .text.HAL_RCCEx_GetD3PCLK1Freq  stm32h7xx_hal_rcc_ex.o
    0x080069b6   0x080069b6   0x00000002   PAD
    0x080069b8   0x080069b8   0x000002ac   Code   RO          475    .text.HAL_RCCEx_GetPLL1ClockFreq  stm32h7xx_hal_rcc_ex.o
    0x08006c64   0x08006c64   0x00000004   PAD
    0x08006c68   0x08006c68   0x000002ac   Code   RO          477    .text.HAL_RCCEx_GetPLL2ClockFreq  stm32h7xx_hal_rcc_ex.o
    0x08006f14   0x08006f14   0x00000004   PAD
    0x08006f18   0x08006f18   0x000002ac   Code   RO          479    .text.HAL_RCCEx_GetPLL3ClockFreq  stm32h7xx_hal_rcc_ex.o
    0x080071c4   0x080071c4   0x00000004   PAD
    0x080071c8   0x080071c8   0x00000c4a   Code   RO          473    .text.HAL_RCCEx_GetPeriphCLKFreq  stm32h7xx_hal_rcc_ex.o
    0x08007e12   0x08007e12   0x00000006   PAD
    0x08007e18   0x08007e18   0x000010a0   Code   RO          465    .text.HAL_RCCEx_PeriphCLKConfig  stm32h7xx_hal_rcc_ex.o
    0x08008eb8   0x08008eb8   0x00000498   Code   RO          434    .text.HAL_RCC_ClockConfig  stm32h7xx_hal_rcc.o
    0x08009350   0x08009350   0x00000056   Code   RO          444    .text.HAL_RCC_GetHCLKFreq  stm32h7xx_hal_rcc.o
    0x080093a6   0x080093a6   0x00000002   PAD
    0x080093a8   0x080093a8   0x00000026   Code   RO          446    .text.HAL_RCC_GetPCLK1Freq  stm32h7xx_hal_rcc.o
    0x080093ce   0x080093ce   0x00000002   PAD
    0x080093d0   0x080093d0   0x00000026   Code   RO          448    .text.HAL_RCC_GetPCLK2Freq  stm32h7xx_hal_rcc.o
    0x080093f6   0x080093f6   0x00000002   PAD
    0x080093f8   0x080093f8   0x00000310   Code   RO          436    .text.HAL_RCC_GetSysClockFreq  stm32h7xx_hal_rcc.o
    0x08009708   0x08009708   0x00000b58   Code   RO          432    .text.HAL_RCC_OscConfig  stm32h7xx_hal_rcc.o
    0x0800a260   0x0800a260   0x00000010   Code   RO          947    .text.HAL_SYSTICK_Config  stm32h7xx_hal_cortex.o
    0x0800a270   0x0800a270   0x00000158   Code   RO         1728    .text.HAL_TIMEx_MasterConfigSynchronization  stm32h7xx_hal_tim_ex.o
    0x0800a3c8   0x0800a3c8   0x000000a8   Code   RO         1411    .text.HAL_TIM_Base_Init  stm32h7xx_hal_tim.o
    0x0800a470   0x0800a470   0x0000003a   Code   RO           98    .text.HAL_TIM_Base_MspInit  tim.o
    0x0800a4aa   0x0800a4aa   0x00000006   PAD
    0x0800a4b0   0x0800a4b0   0x000000f8   Code   RO         1421    .text.HAL_TIM_Base_Start  stm32h7xx_hal_tim.o
    0x0800a5a8   0x0800a5a8   0x000001d0   Code   RO         1607    .text.HAL_TIM_ConfigClockSource  stm32h7xx_hal_tim.o
    0x0800a778   0x0800a778   0x0000007c   Code   RO         1929    .text.HAL_UARTEx_DisableFifoMode  stm32h7xx_hal_uart_ex.o
    0x0800a7f4   0x0800a7f4   0x00000004   PAD
    0x0800a7f8   0x0800a7f8   0x000000b0   Code   RO         1939    .text.HAL_UARTEx_ReceiveToIdle_DMA  stm32h7xx_hal_uart_ex.o
    0x0800a8a8   0x0800a8a8   0x0000005e   Code   RO           25    .text.HAL_UARTEx_RxEventCallback  main.o
    0x0800a906   0x0800a906   0x00000002   PAD
    0x0800a908   0x0800a908   0x00000008   Code   RO         1911    .text.HAL_UARTEx_RxFifoFullCallback  stm32h7xx_hal_uart_ex.o
    0x0800a910   0x0800a910   0x0000008c   Code   RO         1933    .text.HAL_UARTEx_SetRxFifoThreshold  stm32h7xx_hal_uart_ex.o
    0x0800a99c   0x0800a99c   0x00000004   PAD
    0x0800a9a0   0x0800a9a0   0x0000008c   Code   RO         1931    .text.HAL_UARTEx_SetTxFifoThreshold  stm32h7xx_hal_uart_ex.o
    0x0800aa2c   0x0800aa2c   0x00000004   PAD
    0x0800aa30   0x0800aa30   0x00000008   Code   RO         1913    .text.HAL_UARTEx_TxFifoEmptyCallback  stm32h7xx_hal_uart_ex.o
    0x0800aa38   0x0800aa38   0x00000008   Code   RO         1909    .text.HAL_UARTEx_WakeupCallback  stm32h7xx_hal_uart_ex.o
    0x0800aa40   0x0800aa40   0x00000008   Code   RO         1851    .text.HAL_UART_ErrorCallback  stm32h7xx_hal_uart.o
    0x0800aa48   0x0800aa48   0x000006c8   Code   RO         1847    .text.HAL_UART_IRQHandler  stm32h7xx_hal_uart.o
    0x0800b110   0x0800b110   0x000000aa   Code   RO         1759    .text.HAL_UART_Init  stm32h7xx_hal_uart.o
    0x0800b1ba   0x0800b1ba   0x00000006   PAD
    0x0800b1c0   0x0800b1c0   0x0000010e   Code   RO          112    .text.HAL_UART_MspInit  usart.o
    0x0800b2ce   0x0800b2ce   0x00000002   PAD
    0x0800b2d0   0x0800b2d0   0x00000008   Code   RO         1861    .text.HAL_UART_RxCpltCallback  stm32h7xx_hal_uart.o
    0x0800b2d8   0x0800b2d8   0x00000008   Code   RO         1863    .text.HAL_UART_RxHalfCpltCallback  stm32h7xx_hal_uart.o
    0x0800b2e0   0x0800b2e0   0x00000008   Code   RO         1857    .text.HAL_UART_TxCpltCallback  stm32h7xx_hal_uart.o
    0x0800b2e8   0x0800b2e8   0x00000004   Code   RO          131    .text.HardFault_Handler  stm32h7xx_it.o
    0x0800b2ec   0x0800b2ec   0x00000004   PAD
    0x0800b2f0   0x0800b2f0   0x00000074   Code   RO         1968    .text.IFFT_Process  fft.o
    0x0800b364   0x0800b364   0x00000004   PAD
    0x0800b368   0x0800b368   0x0000001c   Code   RO          302    .text.LL_ADC_Disable  stm32h7xx_hal_adc.o
    0x0800b384   0x0800b384   0x00000004   PAD
    0x0800b388   0x0800b388   0x00000018   Code   RO          178    .text.LL_ADC_DisableDeepPowerDown  stm32h7xx_hal_adc.o
    0x0800b3a0   0x0800b3a0   0x0000001c   Code   RO          300    .text.LL_ADC_Enable  stm32h7xx_hal_adc.o
    0x0800b3bc   0x0800b3bc   0x00000004   PAD
    0x0800b3c0   0x0800b3c0   0x0000001e   Code   RO          182    .text.LL_ADC_EnableInternalRegulator  stm32h7xx_hal_adc.o
    0x0800b3de   0x0800b3de   0x00000002   PAD
    0x0800b3e0   0x0800b3e0   0x00000010   Code   RO          264    .text.LL_ADC_GetCommonPathInternalCh  stm32h7xx_hal_adc.o
    0x0800b3f0   0x0800b3f0   0x00000010   Code   RO          204    .text.LL_ADC_GetMultimode  stm32h7xx_hal_adc.o
    0x0800b400   0x0800b400   0x00000010   Code   RO          190    .text.LL_ADC_INJ_IsConversionOngoing  stm32h7xx_hal_adc.o
    0x0800b410   0x0800b410   0x0000000e   Code   RO          315    .text.LL_ADC_IsCalibrationOnGoing  stm32h7xx_hal_adc_ex.o
    0x0800b41e   0x0800b41e   0x00000002   PAD
    0x0800b420   0x0800b420   0x00000010   Code   RO          176    .text.LL_ADC_IsDeepPowerDownEnabled  stm32h7xx_hal_adc.o
    0x0800b430   0x0800b430   0x00000010   Code   RO          294    .text.LL_ADC_IsDisableOngoing  stm32h7xx_hal_adc.o
    0x0800b440   0x0800b440   0x00000010   Code   RO          186    .text.LL_ADC_IsEnabled  stm32h7xx_hal_adc.o
    0x0800b450   0x0800b450   0x00000010   Code   RO          323    .text.LL_ADC_IsEnabled  stm32h7xx_hal_adc_ex.o
    0x0800b460   0x0800b460   0x00000010   Code   RO          180    .text.LL_ADC_IsInternalRegulatorEnabled  stm32h7xx_hal_adc.o
    0x0800b470   0x0800b470   0x00000010   Code   RO          184    .text.LL_ADC_REG_IsConversionOngoing  stm32h7xx_hal_adc.o
    0x0800b480   0x0800b480   0x00000010   Code   RO          325    .text.LL_ADC_REG_IsConversionOngoing  stm32h7xx_hal_adc_ex.o
    0x0800b490   0x0800b490   0x00000016   Code   RO          216    .text.LL_ADC_REG_IsTriggerSourceSWStart  stm32h7xx_hal_adc.o
    0x0800b4a6   0x0800b4a6   0x00000002   PAD
    0x0800b4a8   0x0800b4a8   0x0000001a   Code   RO          232    .text.LL_ADC_REG_SetDataTransferMode  stm32h7xx_hal_adc.o
    0x0800b4c2   0x0800b4c2   0x00000006   PAD
    0x0800b4c8   0x0800b4c8   0x0000003a   Code   RO          252    .text.LL_ADC_REG_SetSequencerRanks  stm32h7xx_hal_adc.o
    0x0800b502   0x0800b502   0x00000006   PAD
    0x0800b508   0x0800b508   0x0000001c   Code   RO          208    .text.LL_ADC_REG_StartConversion  stm32h7xx_hal_adc.o
    0x0800b524   0x0800b524   0x00000004   PAD
    0x0800b528   0x0800b528   0x00000036   Code   RO          254    .text.LL_ADC_SetChannelSamplingTime  stm32h7xx_hal_adc.o
    0x0800b55e   0x0800b55e   0x00000002   PAD
    0x0800b560   0x0800b560   0x00000034   Code   RO          262    .text.LL_ADC_SetChannelSingleDiff  stm32h7xx_hal_adc.o
    0x0800b594   0x0800b594   0x00000004   PAD
    0x0800b598   0x0800b598   0x0000001a   Code   RO          188    .text.LL_ADC_SetCommonClock  stm32h7xx_hal_adc.o
    0x0800b5b2   0x0800b5b2   0x00000006   PAD
    0x0800b5b8   0x0800b5b8   0x0000001a   Code   RO          266    .text.LL_ADC_SetCommonPathInternalCh  stm32h7xx_hal_adc.o
    0x0800b5d2   0x0800b5d2   0x00000006   PAD
    0x0800b5d8   0x0800b5d8   0x00000024   Code   RO          260    .text.LL_ADC_SetDataRightShift  stm32h7xx_hal_adc.o
    0x0800b5fc   0x0800b5fc   0x00000004   PAD
    0x0800b600   0x0800b600   0x00000032   Code   RO          256    .text.LL_ADC_SetOffset  stm32h7xx_hal_adc.o
    0x0800b632   0x0800b632   0x00000006   PAD
    0x0800b638   0x0800b638   0x00000028   Code   RO          258    .text.LL_ADC_SetOffsetSignedSaturation  stm32h7xx_hal_adc.o
    0x0800b660   0x0800b660   0x00000032   Code   RO          313    .text.LL_ADC_StartCalibration  stm32h7xx_hal_adc_ex.o
    0x0800b692   0x0800b692   0x00000006   PAD
    0x0800b698   0x0800b698   0x000000e0   Code   RO           56    .text.MX_ADC1_Init  adc.o
    0x0800b778   0x0800b778   0x00000074   Code   RO           71    .text.MX_DAC1_Init  dac.o
    0x0800b7ec   0x0800b7ec   0x00000004   PAD
    0x0800b7f0   0x0800b7f0   0x00000090   Code   RO           87    .text.MX_DMA_Init   dma.o
    0x0800b880   0x0800b880   0x000000a4   Code   RO           48    .text.MX_GPIO_Init  gpio.o
    0x0800b924   0x0800b924   0x00000004   PAD
    0x0800b928   0x0800b928   0x00000084   Code   RO           96    .text.MX_TIM4_Init  tim.o
    0x0800b9ac   0x0800b9ac   0x00000004   PAD
    0x0800b9b0   0x0800b9b0   0x0000008e   Code   RO          110    .text.MX_USART3_UART_Init  usart.o
    0x0800ba3e   0x0800ba3e   0x00000002   PAD
    0x0800ba40   0x0800ba40   0x00000004   Code   RO          133    .text.MemManage_Handler  stm32h7xx_it.o
    0x0800ba44   0x0800ba44   0x00000004   PAD
    0x0800ba48   0x0800ba48   0x00000004   Code   RO          129    .text.NMI_Handler   stm32h7xx_it.o
    0x0800ba4c   0x0800ba4c   0x00000004   PAD
    0x0800ba50   0x0800ba50   0x0000006c   Code   RO          933    .text.NVIC_EncodePriority  stm32h7xx_hal_cortex.o
    0x0800babc   0x0800babc   0x00000004   PAD
    0x0800bac0   0x0800bac0   0x00000002   Code   RO          143    .text.PendSV_Handler  stm32h7xx_it.o
    0x0800bac2   0x0800bac2   0x00000006   PAD
    0x0800bac8   0x0800bac8   0x000005da   Code   RO         1972    .text.ProcessFFTData  fft.o
    0x0800c0a2   0x0800c0a2   0x00000006   PAD
    0x0800c0a8   0x0800c0a8   0x000001ca   Code   RO          467    .text.RCCEx_PLL2_Config  stm32h7xx_hal_rcc_ex.o
    0x0800c272   0x0800c272   0x00000006   PAD
    0x0800c278   0x0800c278   0x000001ca   Code   RO          469    .text.RCCEx_PLL3_Config  stm32h7xx_hal_rcc_ex.o
    0x0800c442   0x0800c442   0x00000006   PAD
    0x0800c448   0x0800c448   0x00000002   Code   RO          139    .text.SVC_Handler   stm32h7xx_it.o
    0x0800c44a   0x0800c44a   0x00000006   PAD
    0x0800c450   0x0800c450   0x00000052   Code   RO          949    .text.SysTick_Config  stm32h7xx_hal_cortex.o
    0x0800c4a2   0x0800c4a2   0x00000006   PAD
    0x0800c4a8   0x0800c4a8   0x00000008   Code   RO          145    .text.SysTick_Handler  stm32h7xx_it.o
    0x0800c4b0   0x0800c4b0   0x000000e8   Code   RO           17    .text.SystemClock_Config  main.o
    0x0800c598   0x0800c598   0x00000160   Code   RO         1952    .text.SystemInit    system_stm32h7xx.o
    0x0800c6f8   0x0800c6f8   0x000001b0   Code   RO         1415    .text.TIM_Base_SetConfig  stm32h7xx_hal_tim.o
    0x0800c8a8   0x0800c8a8   0x00000034   Code   RO         1605    .text.TIM_ETR_SetConfig  stm32h7xx_hal_tim.o
    0x0800c8dc   0x0800c8dc   0x00000004   PAD
    0x0800c8e0   0x0800c8e0   0x00000030   Code   RO         1611    .text.TIM_ITRx_SetConfig  stm32h7xx_hal_tim.o
    0x0800c910   0x0800c910   0x00000050   Code   RO         1609    .text.TIM_TI1_ConfigInputStage  stm32h7xx_hal_tim.o
    0x0800c960   0x0800c960   0x00000052   Code   RO         1613    .text.TIM_TI2_ConfigInputStage  stm32h7xx_hal_tim.o
    0x0800c9b2   0x0800c9b2   0x00000006   PAD
    0x0800c9b8   0x0800c9b8   0x00000086   Code   RO         1927    .text.UARTEx_SetNbDataToProcess  stm32h7xx_hal_uart_ex.o
    0x0800ca3e   0x0800ca3e   0x00000002   PAD
    0x0800ca40   0x0800ca40   0x00000148   Code   RO         1763    .text.UART_AdvFeatureConfig  stm32h7xx_hal_uart.o
    0x0800cb88   0x0800cb88   0x00000146   Code   RO         1767    .text.UART_CheckIdleState  stm32h7xx_hal_uart.o
    0x0800ccce   0x0800ccce   0x00000002   PAD
    0x0800ccd0   0x0800ccd0   0x00000024   Code   RO         1849    .text.UART_DMAAbortOnError  stm32h7xx_hal_uart.o
    0x0800ccf4   0x0800ccf4   0x00000004   PAD
    0x0800ccf8   0x0800ccf8   0x00000080   Code   RO         1805    .text.UART_DMAError  stm32h7xx_hal_uart.o
    0x0800cd78   0x0800cd78   0x000000f6   Code   RO         1895    .text.UART_DMAReceiveCplt  stm32h7xx_hal_uart.o
    0x0800ce6e   0x0800ce6e   0x00000002   PAD
    0x0800ce70   0x0800ce70   0x00000036   Code   RO         1897    .text.UART_DMARxHalfCplt  stm32h7xx_hal_uart.o
    0x0800cea6   0x0800cea6   0x00000002   PAD
    0x0800cea8   0x0800cea8   0x0000009e   Code   RO         1819    .text.UART_EndRxTransfer  stm32h7xx_hal_uart.o
    0x0800cf46   0x0800cf46   0x00000002   PAD
    0x0800cf48   0x0800cf48   0x00000044   Code   RO         1855    .text.UART_EndTransmit_IT  stm32h7xx_hal_uart.o
    0x0800cf8c   0x0800cf8c   0x00000004   PAD
    0x0800cf90   0x0800cf90   0x0000005c   Code   RO         1817    .text.UART_EndTxTransfer  stm32h7xx_hal_uart.o
    0x0800cfec   0x0800cfec   0x00000004   PAD
    0x0800cff0   0x0800cff0   0x00000922   Code   RO         1765    .text.UART_SetConfig  stm32h7xx_hal_uart.o
    0x0800d912   0x0800d912   0x00000006   PAD
    0x0800d918   0x0800d918   0x0000012e   Code   RO         1809    .text.UART_Start_Receive_DMA  stm32h7xx_hal_uart.o
    0x0800da46   0x0800da46   0x00000002   PAD
    0x0800da48   0x0800da48   0x0000010c   Code   RO         1781    .text.UART_WaitOnFlagUntilTimeout  stm32h7xx_hal_uart.o
    0x0800db54   0x0800db54   0x00000004   PAD
    0x0800db58   0x0800db58   0x00000010   Code   RO          153    .text.USART3_IRQHandler  stm32h7xx_it.o
    0x0800db68   0x0800db68   0x00000004   Code   RO          137    .text.UsageFault_Handler  stm32h7xx_it.o
    0x0800db6c   0x0800db6c   0x00000004   PAD
    0x0800db70   0x0800db70   0x00000030   Code   RO          937    .text.__NVIC_EnableIRQ  stm32h7xx_hal_cortex.o
    0x0800dba0   0x0800dba0   0x00000010   Code   RO          929    .text.__NVIC_GetPriorityGrouping  stm32h7xx_hal_cortex.o
    0x0800dbb0   0x0800dbb0   0x00000042   Code   RO          931    .text.__NVIC_SetPriority  stm32h7xx_hal_cortex.o
    0x0800dbf2   0x0800dbf2   0x00000006   PAD
    0x0800dbf8   0x0800dbf8   0x0000003c   Code   RO          925    .text.__NVIC_SetPriorityGrouping  stm32h7xx_hal_cortex.o
    0x0800dc34   0x0800dc34   0x00000004   PAD
    0x0800dc38   0x0800dc38   0x0000001e   Code   RO         2432    .text._sqrtf        complexmathfunctions.o
    0x0800dc56   0x0800dc56   0x00000002   PAD
    0x0800dc58   0x0800dc58   0x0000006c   Code   RO         1974    .text.add_phase     fft.o
    0x0800dcc4   0x0800dcc4   0x00000004   PAD
    0x0800dcc8   0x0800dcc8   0x0000008e   Code   RO         3515    .text.arm_bitreversal_32  transformfunctions.o
    0x0800dd56   0x0800dd56   0x00000002   PAD
    0x0800dd58   0x0800dd58   0x00000156   Code   RO         3519    .text.arm_cfft_f32  transformfunctions.o
    0x0800deae   0x0800deae   0x00000002   PAD
    0x0800deb0   0x0800deb0   0x000003ea   Code   RO         3521    .text.arm_cfft_radix8by2_f32  transformfunctions.o
    0x0800e29a   0x0800e29a   0x00000006   PAD
    0x0800e2a0   0x0800e2a0   0x00000a60   Code   RO         3523    .text.arm_cfft_radix8by4_f32  transformfunctions.o
    0x0800ed00   0x0800ed00   0x00000086   Code   RO         2400    .text.arm_cmplx_mag_f32  complexmathfunctions.o
    0x0800ed86   0x0800ed86   0x00000002   PAD
    0x0800ed88   0x0800ed88   0x00000e04   Code   RO         3525    .text.arm_radix8_butterfly_f32  transformfunctions.o
    0x0800fb8c   0x0800fb8c   0x00000004   PAD
    0x0800fb90   0x0800fb90   0x0000014c   Code   RO           15    .text.main          main.o
    0x0800fcdc   0x0800fcdc   0x00000004   PAD
    0x0800fce0   0x0800fce0   0x0000006e   Code   RO           11    .text.setup_buffers  main.o
    0x0800fd4e   0x0800fd4e   0x00000002   PAD
    0x0800fd50   0x0800fd50   0x000000a0   Code   RO           13    .text.swap_buffers  main.o
    0x0800fdf0   0x0800fdf0   0x00000030   Code   RO         4158    i.__ARM_fpclassify  m_wv.l(fpclassify.o)
    0x0800fe20   0x0800fe20   0x00000026   Code   RO         4160    i.__ARM_fpclassifyf  m_wv.l(fpclassifyf.o)
    0x0800fe46   0x0800fe46   0x00000002   PAD
    0x0800fe48   0x0800fe48   0x000002ac   Code   RO         4041    i.__hardfp_atan2f   m_wv.l(atan2f.o)
    0x080100f4   0x080100f4   0x00000004   PAD
    0x080100f8   0x080100f8   0x000000b0   Code   RO         4047    i.__hardfp_cos      m_wv.l(cos.o)
    0x080101a8   0x080101a8   0x00000150   Code   RO         4053    i.__hardfp_cosf     m_wv.l(cosf.o)
    0x080102f8   0x080102f8   0x000000b0   Code   RO         4094    i.__hardfp_sin      m_wv.l(sin.o)
    0x080103a8   0x080103a8   0x00000190   Code   RO         4100    i.__hardfp_sinf     m_wv.l(sinf.o)
    0x08010538   0x08010538   0x0000003a   Code   RO         4112    i.__hardfp_sqrtf    m_wv.l(sqrtf.o)
    0x08010572   0x08010572   0x00000006   PAD
    0x08010578   0x08010578   0x00000308   Code   RO         4179    i.__ieee754_rem_pio2  m_wv.l(rred.o)
    0x08010880   0x08010880   0x000000c4   Code   RO         4141    i.__kernel_cos      m_wv.l(cos_i.o)
    0x08010944   0x08010944   0x00000070   Code   RO         4176    i.__kernel_poly     m_wv.l(poly.o)
    0x080109b4   0x080109b4   0x00000004   PAD
    0x080109b8   0x080109b8   0x000000a0   Code   RO         4187    i.__kernel_sin      m_wv.l(sin_i.o)
    0x08010a58   0x08010a58   0x00000018   Code   RO         4147    i.__mathlib_dbl_invalid  m_wv.l(dunder.o)
    0x08010a70   0x08010a70   0x00000018   Code   RO         4150    i.__mathlib_dbl_underflow  m_wv.l(dunder.o)
    0x08010a88   0x08010a88   0x00000006   Code   RO         4163    i.__mathlib_flt_infnan  m_wv.l(funder.o)
    0x08010a8e   0x08010a8e   0x00000006   Code   RO         4164    i.__mathlib_flt_infnan2  m_wv.l(funder.o)
    0x08010a94   0x08010a94   0x00000010   Code   RO         4165    i.__mathlib_flt_invalid  m_wv.l(funder.o)
    0x08010aa4   0x08010aa4   0x00000010   Code   RO         4168    i.__mathlib_flt_underflow  m_wv.l(funder.o)
    0x08010ab4   0x08010ab4   0x00000154   Code   RO         4184    i.__mathlib_rredf2  m_wv.l(rredf.o)
    0x08010c08   0x08010c08   0x0000000e   Code   RO         4228    i.__scatterload_copy  mc_w.l(handlers.o)
    0x08010c16   0x08010c16   0x00000002   Code   RO         4229    i.__scatterload_null  mc_w.l(handlers.o)
    0x08010c18   0x08010c18   0x0000000e   Code   RO         4230    i.__scatterload_zeroinit  mc_w.l(handlers.o)
    0x08010c26   0x08010c26   0x00000002   PAD
    0x08010c28   0x08010c28   0x0000000c   Code   RO         4210    i.__set_errno       mc_w.l(errno.o)
    0x08010c34   0x08010c34   0x00000018   Code   RO         4220    i.fabs              m_wv.l(fabs.o)
    0x08010c4c   0x08010c4c   0x00000004   PAD
    0x08010c50   0x08010c50   0x00000030   Data   RO         4142    .constdata          m_wv.l(cos_i.o)
    0x08010c80   0x08010c80   0x000000cc   Data   RO         4181    .constdata          m_wv.l(rred.o)
    0x08010d4c   0x08010d4c   0x00000020   Data   RO         4185    .constdata          m_wv.l(rredf.o)
    0x08010d6c   0x08010d6c   0x00000004   PAD
    0x08010d70   0x08010d70   0x00000028   Data   RO         4188    .constdata          m_wv.l(sin_i.o)
    0x08010d98   0x08010d98   0x00000010   Data   RO         1958    .rodata.D1CorePrescTable  system_stm32h7xx.o
    0x08010da8   0x08010da8   0x00000008   Data   RO          713    .rodata.DMA_CalcBaseAndBitshift.flagBitshiftOffset  stm32h7xx_hal_dma.o
    0x08010db0   0x08010db0   0x00000008   Data   RO         1944    .rodata.UARTEx_SetNbDataToProcess.denominator  stm32h7xx_hal_uart_ex.o
    0x08010db8   0x08010db8   0x00000008   Data   RO         1943    .rodata.UARTEx_SetNbDataToProcess.numerator  stm32h7xx_hal_uart_ex.o
    0x08010dc0   0x08010dc0   0x00000018   Data   RO         1899    .rodata.UARTPrescTable  stm32h7xx_hal_uart.o
    0x08010dd8   0x08010dd8   0x00000e10   Data   RO         2217    .rodata.armBitRevIndexTable1024  commontables.o
    0x08011be8   0x08011be8   0x00000010   Data   RO         2297    .rodata.arm_cfft_sR_f32_len1024  commontables.o
    0x08011bf8   0x08011bf8   0x00002000   Data   RO         2181    .rodata.twiddleCoef_1024  commontables.o
    0x08013bf8   0x08013bf8   0x00000020   Data   RO         4227    Region$$Table       anon$$obj.o


    Execution Region RW_IRAM1 (Exec base: 0x20000000, Load base: 0x08013c18, Size: 0x00000000, Max: 0x00020000, ABSOLUTE)

    **** No section assigned to this execution region ****


    Execution Region RW_IRAM2 (Exec base: 0x24000000, Load base: 0x08013c18, Size: 0x0000a7b8, Max: 0x00080000, ABSOLUTE)

    Exec Addr    Load Addr    Size         Type   Attr      Idx    E Section Name        Object

    0x24000000   0x08013c18   0x00000004   Data   RW         4211    .data               mc_w.l(errno.o)
    0x24000004   0x08013c1c   0x00000004   Data   RW         1956    .data.SystemCoreClock  system_stm32h7xx.o
    0x24000008   0x08013c20   0x00000004   Data   RW         1957    .data.SystemD2Clock  system_stm32h7xx.o
    0x2400000c   0x08013c24   0x00000008   Data   RW         1982    .data.a             fft.o
    0x24000014   0x08013c2c   0x00000008   Data   RW         1983    .data.b             fft.o
    0x2400001c   0x08013c34   0x00000001   Data   RW         1097    .data.uwTickFreq    stm32h7xx_hal.o
    0x2400001d   0x08013c35   0x00000003   PAD
    0x24000020   0x08013c38   0x00000004   Data   RW         1096    .data.uwTickPrio    stm32h7xx_hal.o
    0x24000024   0x08013c3c   0x0000000c   Data   RW         1984    .data.y             fft.o
    0x24000030        -       0x00001000   Zero   RW         1989    .bss.ADC_Buffer     fft.o
    0x24001030        -       0x00000001   Zero   RW           27    .bss.ADC_ConvEnd    main.o
    0x24001031   0x08013c48   0x00000003   PAD
    0x24001034        -       0x00000004   Zero   RW           32    .bss.CurrADC_Buffer  main.o
    0x24001038        -       0x00000004   Zero   RW           34    .bss.CurrDAC_Buffer1  main.o
    0x2400103c        -       0x00000004   Zero   RW           36    .bss.CurrDAC_Buffer2  main.o
    0x24001040        -       0x00001000   Zero   RW         1980    .bss.DAC_Buffer1    fft.o
    0x24002040        -       0x00001000   Zero   RW         1981    .bss.DAC_Buffer2    fft.o
    0x24003040        -       0x00002000   Zero   RW         1985    .bss.FFT_Data       fft.o
    0x24005040        -       0x00002000   Zero   RW         1987    .bss.FFT_Data1      fft.o
    0x24007040        -       0x00002000   Zero   RW         1988    .bss.FFT_Data2      fft.o
    0x24009040        -       0x00001000   Zero   RW         1986    .bss.FFT_Mag        fft.o
    0x2400a040        -       0x00000004   Zero   RW           33    .bss.NextADC_Buffer  main.o
    0x2400a044        -       0x00000004   Zero   RW           35    .bss.NextDAC_Buffer1  main.o
    0x2400a048        -       0x00000004   Zero   RW           37    .bss.NextDAC_Buffer2  main.o
    0x2400a04c        -       0x00000010   Zero   RW           39    .bss.Wave           main.o
    0x2400a05c        -       0x00000001   Zero   RW           38    .bss.buffer_in_use  main.o
    0x2400a05d   0x08013c48   0x00000003   PAD
    0x2400a060        -       0x00000064   Zero   RW           62    .bss.hadc1          adc.o
    0x2400a0c4        -       0x00000014   Zero   RW           77    .bss.hdac1          dac.o
    0x2400a0d8        -       0x00000078   Zero   RW           63    .bss.hdma_adc1      adc.o
    0x2400a150        -       0x00000078   Zero   RW           78    .bss.hdma_dac1_ch1  dac.o
    0x2400a1c8        -       0x00000078   Zero   RW           79    .bss.hdma_dac1_ch2  dac.o
    0x2400a240        -       0x00000078   Zero   RW          121    .bss.hdma_usart3_rx  usart.o
    0x2400a2b8        -       0x0000004c   Zero   RW          102    .bss.htim4          tim.o
    0x2400a304        -       0x00000094   Zero   RW          120    .bss.huart3         usart.o
    0x2400a398        -       0x00000014   Zero   RW           30    .bss.rx_buffer      main.o
    0x2400a3ac        -       0x00000001   Zero   RW           29    .bss.target_d_angle  main.o
    0x2400a3ad   0x08013c48   0x00000003   PAD
    0x2400a3b0        -       0x00000004   Zero   RW         1098    .bss.uwTick         stm32h7xx_hal.o
    0x2400a3b4   0x08013c48   0x00000004   PAD
    0x2400a3b8        -       0x00000400   Zero   RW            1    STACK               startup_stm32h743xx.o


==============================================================================

Image component sizes


      Code (inc. data)   RO Data    RW Data    ZI Data      Debug   Object Name

       502          0          0          0        220       8923   adc.o
         0          0      11808          0          0      10663   commontables.o
       164          0          0          0          0       9348   complexmathfunctions.o
       432          0          0          0        260       6322   dac.o
       144          0          0          0          0       5371   dma.o
      2612         48          0         28      40960       5159   fft.o
       164          0          0          0          0       2842   gpio.o
       982          4          0          0         63       9410   main.o
        36          8        664          0       1024        848   startup_stm32h743xx.o
       308          0          0          5          4      13774   stm32h7xx_hal.o
      5532          0          0          0          0      22066   stm32h7xx_hal_adc.o
       982          0          0          0          0      21621   stm32h7xx_hal_adc_ex.o
       478          0          0          0          0      11575   stm32h7xx_hal_cortex.o
      1294          0          0          0          0       8164   stm32h7xx_hal_dac.o
       112          0          0          0          0       7713   stm32h7xx_hal_dac_ex.o
     15542          8          8          0          0      12800   stm32h7xx_hal_dma.o
       964          0          0          0          0       7001   stm32h7xx_hal_gpio.o
        36          0          0          0          0       2236   stm32h7xx_hal_msp.o
       162          0          0          0          0      10377   stm32h7xx_hal_pwr_ex.o
      5026         66          0          0          0      11903   stm32h7xx_hal_rcc.o
     10408        118          0          0          0      19281   stm32h7xx_hal_rcc_ex.o
      1574          0          0          0          0      37574   stm32h7xx_hal_tim.o
       344          0          0          0          0      17498   stm32h7xx_hal_tim_ex.o
      6282        258         24          0          0      29242   stm32h7xx_hal_uart.o
       738          0         16          0          0       8898   stm32h7xx_hal_uart_ex.o
       114          0          0          0          0       1534   stm32h7xx_it.o
       352          0         16          8          0       5813   system_stm32h7xx.o
       190          0          0          0         76       6457   tim.o
      7730          8          0          0          0      92918   transformfunctions.o
       412          0          0          0        268      11851   usart.o

    ----------------------------------------------------------------------
     64076        546      12568         44      42888     419182   Object Totals
         0          0         32          0          0          0   (incl. Generated)
       460         28          0          3         13          0   (incl. Padding)

    ----------------------------------------------------------------------

      Code (inc. data)   RO Data    RW Data    ZI Data      Debug   Library Member Name

       684         90          0          0          0        208   atan2f.o
       176         18          0          0          0        156   cos.o
       196         14         48          0          0        176   cos_i.o
       336         56          0          0          0        136   cosf.o
        48         28          0          0          0        232   dunder.o
        24          0          0          0          0        124   fabs.o
        48          0          0          0          0        124   fpclassify.o
        38          0          0          0          0        116   fpclassifyf.o
        44         12          0          0          0        464   funder.o
       112          0          0          0          0        116   poly.o
       776        130        204          0          0        172   rred.o
       340         24         32          0          0        160   rredf.o
       176         18          0          0          0        160   sin.o
       160         16         40          0          0        196   sin_i.o
       400         56          0          0          0        212   sinf.o
        58          0          0          0          0        136   sqrtf.o
         0          0          0          0          0          0   entry.o
         0          0          0          0          0          0   entry10a.o
         0          0          0          0          0          0   entry11a.o
         8          4          0          0          0          0   entry2.o
         4          0          0          0          0          0   entry5.o
         0          0          0          0          0          0   entry7b.o
         0          0          0          0          0          0   entry8b.o
         8          4          0          0          0          0   entry9a.o
        12          6          0          4          0         68   errno.o
        30          0          0          0          0          0   handlers.o
        48         10          0          0          0         68   init.o
         0          0          0          0          0          0   iusefp.o
        30          0          0          0          0         68   llshl.o
        32          0          0          0          0         68   llushr.o
        36          0          0          0          0        108   memseta.o
        98          0          0          0          0         92   uldiv.o

    ----------------------------------------------------------------------
      3948        494        328          4          0       3360   Library Totals
        26          8          4          0          0          0   (incl. Padding)

    ----------------------------------------------------------------------

      Code (inc. data)   RO Data    RW Data    ZI Data      Debug   Library Name

      3616        462        324          0          0       2888   m_wv.l
       306         24          0          4          0        472   mc_w.l

    ----------------------------------------------------------------------
      3948        494        328          4          0       3360   Library Totals

    ----------------------------------------------------------------------

==============================================================================


      Code (inc. data)   RO Data    RW Data    ZI Data      Debug   

     68024       1040      12896         48      42888     420202   Grand Totals
     68024       1040      12896         48      42888     420202   ELF Image Totals
     68024       1040      12896         48          0          0   ROM Totals

==============================================================================

    Total RO  Size (Code + RO Data)                80920 (  79.02kB)
    Total RW  Size (RW Data + ZI Data)             42936 (  41.93kB)
    Total ROM Size (Code + RO Data + RW Data)      80968 (  79.07kB)

==============================================================================

