Component: Arm Compiler for Embedded 6.22 Tool: armlink [5ee90200]

==============================================================================

Section Cross References

    startup_stm32h743xx.o(STACK) refers (Special) to heapauxi.o(.text) for __use_two_region_memory
    startup_stm32h743xx.o(HEAP) refers (Special) to heapauxi.o(.text) for __use_two_region_memory
    startup_stm32h743xx.o(RESET) refers (Special) to heapauxi.o(.text) for __use_two_region_memory
    startup_stm32h743xx.o(RESET) refers to startup_stm32h743xx.o(STACK) for __initial_sp
    startup_stm32h743xx.o(RESET) refers to startup_stm32h743xx.o(.text) for Reset_Handler
    startup_stm32h743xx.o(RESET) refers to stm32h7xx_it.o(.text.NMI_Handler) for NMI_Handler
    startup_stm32h743xx.o(RESET) refers to stm32h7xx_it.o(.text.HardFault_Handler) for HardFault_Handler
    startup_stm32h743xx.o(RESET) refers to stm32h7xx_it.o(.text.MemManage_Handler) for MemManage_Handler
    startup_stm32h743xx.o(RESET) refers to stm32h7xx_it.o(.text.BusFault_Handler) for BusFault_Handler
    startup_stm32h743xx.o(RESET) refers to stm32h7xx_it.o(.text.UsageFault_Handler) for UsageFault_Handler
    startup_stm32h743xx.o(RESET) refers to stm32h7xx_it.o(.text.SVC_Handler) for SVC_Handler
    startup_stm32h743xx.o(RESET) refers to stm32h7xx_it.o(.text.DebugMon_Handler) for DebugMon_Handler
    startup_stm32h743xx.o(RESET) refers to stm32h7xx_it.o(.text.PendSV_Handler) for PendSV_Handler
    startup_stm32h743xx.o(RESET) refers to stm32h7xx_it.o(.text.SysTick_Handler) for SysTick_Handler
    startup_stm32h743xx.o(.text) refers (Special) to heapauxi.o(.text) for __use_two_region_memory
    startup_stm32h743xx.o(.text) refers to system_stm32h7xx.o(.text.SystemInit) for SystemInit
    startup_stm32h743xx.o(.text) refers to __main.o(!!!main) for __main
    startup_stm32h743xx.o(.text) refers to startup_stm32h743xx.o(HEAP) for Heap_Mem
    startup_stm32h743xx.o(.text) refers to startup_stm32h743xx.o(STACK) for Stack_Mem
    main.o(.text.main) refers to stm32h7xx_hal.o(.text.HAL_Init) for HAL_Init
    main.o(.text.main) refers to main.o(.text.SystemClock_Config) for SystemClock_Config
    main.o(.text.main) refers to gpio.o(.text.MX_GPIO_Init) for MX_GPIO_Init
    main.o(.text.main) refers to myad9910.o(.text.AD9910_Init) for AD9910_Init
    main.o(.text.main) refers to myad9910.o(.text.AD9910_RAM_PLO_WAVE_Set) for AD9910_RAM_PLO_WAVE_Set
    main.o(.ARM.exidx.text.main) refers to main.o(.text.main) for [Anonymous Symbol]
    main.o(.text.SystemClock_Config) refers to rt_memclr_w.o(.text) for __aeabi_memclr4
    main.o(.text.SystemClock_Config) refers to stm32h7xx_hal_pwr_ex.o(.text.HAL_PWREx_ConfigSupply) for HAL_PWREx_ConfigSupply
    main.o(.text.SystemClock_Config) refers to stm32h7xx_hal_rcc.o(.text.HAL_RCC_OscConfig) for HAL_RCC_OscConfig
    main.o(.text.SystemClock_Config) refers to main.o(.text.Error_Handler) for Error_Handler
    main.o(.text.SystemClock_Config) refers to stm32h7xx_hal_rcc.o(.text.HAL_RCC_ClockConfig) for HAL_RCC_ClockConfig
    main.o(.ARM.exidx.text.SystemClock_Config) refers to main.o(.text.SystemClock_Config) for [Anonymous Symbol]
    main.o(.ARM.exidx.text.Error_Handler) refers to main.o(.text.Error_Handler) for [Anonymous Symbol]
    gpio.o(.text.MX_GPIO_Init) refers to stm32h7xx_hal_gpio.o(.text.HAL_GPIO_WritePin) for HAL_GPIO_WritePin
    gpio.o(.text.MX_GPIO_Init) refers to stm32h7xx_hal_gpio.o(.text.HAL_GPIO_Init) for HAL_GPIO_Init
    gpio.o(.ARM.exidx.text.MX_GPIO_Init) refers to gpio.o(.text.MX_GPIO_Init) for [Anonymous Symbol]
    stm32h7xx_it.o(.ARM.exidx.text.NMI_Handler) refers to stm32h7xx_it.o(.text.NMI_Handler) for [Anonymous Symbol]
    stm32h7xx_it.o(.ARM.exidx.text.HardFault_Handler) refers to stm32h7xx_it.o(.text.HardFault_Handler) for [Anonymous Symbol]
    stm32h7xx_it.o(.ARM.exidx.text.MemManage_Handler) refers to stm32h7xx_it.o(.text.MemManage_Handler) for [Anonymous Symbol]
    stm32h7xx_it.o(.ARM.exidx.text.BusFault_Handler) refers to stm32h7xx_it.o(.text.BusFault_Handler) for [Anonymous Symbol]
    stm32h7xx_it.o(.ARM.exidx.text.UsageFault_Handler) refers to stm32h7xx_it.o(.text.UsageFault_Handler) for [Anonymous Symbol]
    stm32h7xx_it.o(.ARM.exidx.text.SVC_Handler) refers to stm32h7xx_it.o(.text.SVC_Handler) for [Anonymous Symbol]
    stm32h7xx_it.o(.ARM.exidx.text.DebugMon_Handler) refers to stm32h7xx_it.o(.text.DebugMon_Handler) for [Anonymous Symbol]
    stm32h7xx_it.o(.ARM.exidx.text.PendSV_Handler) refers to stm32h7xx_it.o(.text.PendSV_Handler) for [Anonymous Symbol]
    stm32h7xx_it.o(.text.SysTick_Handler) refers to stm32h7xx_hal.o(.text.HAL_IncTick) for HAL_IncTick
    stm32h7xx_it.o(.ARM.exidx.text.SysTick_Handler) refers to stm32h7xx_it.o(.text.SysTick_Handler) for [Anonymous Symbol]
    stm32h7xx_hal_msp.o(.ARM.exidx.text.HAL_MspInit) refers to stm32h7xx_hal_msp.o(.text.HAL_MspInit) for [Anonymous Symbol]
[...]
    Removing stm32h7xx_hal.o(.ARM.exidx.text.HAL_GetUIDw1), (8 bytes).
    Removing stm32h7xx_hal.o(.text.HAL_GetUIDw2), (12 bytes).
    Removing stm32h7xx_hal.o(.ARM.exidx.text.HAL_GetUIDw2), (8 bytes).
    Removing stm32h7xx_hal.o(.text.HAL_SYSCFG_VREFBUF_VoltageScalingConfig), (28 bytes).
    Removing stm32h7xx_hal.o(.ARM.exidx.text.HAL_SYSCFG_VREFBUF_VoltageScalingConfig), (8 bytes).
    Removing stm32h7xx_hal.o(.text.HAL_SYSCFG_VREFBUF_HighImpedanceConfig), (28 bytes).
    Removing stm32h7xx_hal.o(.ARM.exidx.text.HAL_SYSCFG_VREFBUF_HighImpedanceConfig), (8 bytes).
    Removing stm32h7xx_hal.o(.text.HAL_SYSCFG_VREFBUF_TrimmingConfig), (28 bytes).
    Removing stm32h7xx_hal.o(.ARM.exidx.text.HAL_SYSCFG_VREFBUF_TrimmingConfig), (8 bytes).
    Removing stm32h7xx_hal.o(.text.HAL_SYSCFG_EnableVREFBUF), (86 bytes).
    Removing stm32h7xx_hal.o(.ARM.exidx.text.HAL_SYSCFG_EnableVREFBUF), (8 bytes).
    Removing stm32h7xx_hal.o(.text.HAL_SYSCFG_DisableVREFBUF), (18 bytes).
    Removing stm32h7xx_hal.o(.ARM.exidx.text.HAL_SYSCFG_DisableVREFBUF), (8 bytes).
    Removing stm32h7xx_hal.o(.text.HAL_SYSCFG_ETHInterfaceSelect), (28 bytes).
    Removing stm32h7xx_hal.o(.ARM.exidx.text.HAL_SYSCFG_ETHInterfaceSelect), (8 bytes).
    Removing stm32h7xx_hal.o(.text.HAL_SYSCFG_AnalogSwitchConfig), (30 bytes).
    Removing stm32h7xx_hal.o(.ARM.exidx.text.HAL_SYSCFG_AnalogSwitchConfig), (8 bytes).
    Removing stm32h7xx_hal.o(.text.HAL_SYSCFG_EnableBOOST), (18 bytes).
    Removing stm32h7xx_hal.o(.ARM.exidx.text.HAL_SYSCFG_EnableBOOST), (8 bytes).
    Removing stm32h7xx_hal.o(.text.HAL_SYSCFG_DisableBOOST), (18 bytes).
    Removing stm32h7xx_hal.o(.ARM.exidx.text.HAL_SYSCFG_DisableBOOST), (8 bytes).
    Removing stm32h7xx_hal.o(.text.HAL_SYSCFG_CM7BootAddConfig), (64 bytes).
    Removing stm32h7xx_hal.o(.ARM.exidx.text.HAL_SYSCFG_CM7BootAddConfig), (8 bytes).
    Removing stm32h7xx_hal.o(.text.HAL_EnableCompensationCell), (18 bytes).
    Removing stm32h7xx_hal.o(.ARM.exidx.text.HAL_EnableCompensationCell), (8 bytes).
    Removing stm32h7xx_hal.o(.text.HAL_DisableCompensationCell), (18 bytes).
    Removing stm32h7xx_hal.o(.ARM.exidx.text.HAL_DisableCompensationCell), (8 bytes).
    Removing stm32h7xx_hal.o(.text.HAL_SYSCFG_EnableIOSpeedOptimize), (18 bytes).
    Removing stm32h7xx_hal.o(.ARM.exidx.text.HAL_SYSCFG_EnableIOSpeedOptimize), (8 bytes).
    Removing stm32h7xx_hal.o(.text.HAL_SYSCFG_DisableIOSpeedOptimize), (18 bytes).
    Removing stm32h7xx_hal.o(.ARM.exidx.text.HAL_SYSCFG_DisableIOSpeedOptimize), (8 bytes).
    Removing stm32h7xx_hal.o(.text.HAL_SYSCFG_CompensationCodeSelect), (28 bytes).
    Removing stm32h7xx_hal.o(.ARM.exidx.text.HAL_SYSCFG_CompensationCodeSelect), (8 bytes).
    Removing stm32h7xx_hal.o(.text.HAL_SYSCFG_CompensationCodeConfig), (36 bytes).
    Removing stm32h7xx_hal.o(.ARM.exidx.text.HAL_SYSCFG_CompensationCodeConfig), (8 bytes).
    Removing stm32h7xx_hal.o(.text.HAL_DBGMCU_EnableDBGSleepMode), (18 bytes).
    Removing stm32h7xx_hal.o(.ARM.exidx.text.HAL_DBGMCU_EnableDBGSleepMode), (8 bytes).
    Removing stm32h7xx_hal.o(.text.HAL_DBGMCU_DisableDBGSleepMode), (18 bytes).
    Removing stm32h7xx_hal.o(.ARM.exidx.text.HAL_DBGMCU_DisableDBGSleepMode), (8 bytes).
    Removing stm32h7xx_hal.o(.text.HAL_DBGMCU_EnableDBGStopMode), (18 bytes).
    Removing stm32h7xx_hal.o(.ARM.exidx.text.HAL_DBGMCU_EnableDBGStopMode), (8 bytes).
    Removing stm32h7xx_hal.o(.text.HAL_DBGMCU_DisableDBGStopMode), (18 bytes).
    Removing stm32h7xx_hal.o(.ARM.exidx.text.HAL_DBGMCU_DisableDBGStopMode), (8 bytes).
    Removing stm32h7xx_hal.o(.text.HAL_DBGMCU_EnableDBGStandbyMode), (18 bytes).
    Removing stm32h7xx_hal.o(.ARM.exidx.text.HAL_DBGMCU_EnableDBGStandbyMode), (8 bytes).
    Removing stm32h7xx_hal.o(.text.HAL_DBGMCU_DisableDBGStandbyMode), (18 bytes).
    Removing stm32h7xx_hal.o(.ARM.exidx.text.HAL_DBGMCU_DisableDBGStandbyMode), (8 bytes).
    Removing stm32h7xx_hal.o(.text.HAL_SetFMCMemorySwappingConfig), (28 bytes).
    Removing stm32h7xx_hal.o(.ARM.exidx.text.HAL_SetFMCMemorySwappingConfig), (8 bytes).
    Removing stm32h7xx_hal.o(.text.HAL_GetFMCMemorySwappingConfig), (16 bytes).
    Removing stm32h7xx_hal.o(.ARM.exidx.text.HAL_GetFMCMemorySwappingConfig), (8 bytes).
    Removing stm32h7xx_hal.o(.text.HAL_EXTI_EdgeConfig), (146 bytes).
    Removing stm32h7xx_hal.o(.ARM.exidx.text.HAL_EXTI_EdgeConfig), (8 bytes).
    Removing stm32h7xx_hal.o(.text.HAL_EXTI_GenerateSWInterrupt), (36 bytes).
    Removing stm32h7xx_hal.o(.ARM.exidx.text.HAL_EXTI_GenerateSWInterrupt), (8 bytes).
    Removing stm32h7xx_hal.o(.text.HAL_EXTI_D1_ClearFlag), (34 bytes).
    Removing stm32h7xx_hal.o(.ARM.exidx.text.HAL_EXTI_D1_ClearFlag), (8 bytes).
    Removing stm32h7xx_hal.o(.text.HAL_EXTI_D1_EventInputConfig), (186 bytes).
    Removing stm32h7xx_hal.o(.ARM.exidx.text.HAL_EXTI_D1_EventInputConfig), (8 bytes).
    Removing stm32h7xx_hal.o(.text.HAL_EXTI_D3_EventInputConfig), (152 bytes).
    Removing stm32h7xx_hal.o(.ARM.exidx.text.HAL_EXTI_D3_EventInputConfig), (8 bytes).
    Removing stm32h7xx_hal_i2c.o(.text), (0 bytes).
    Removing stm32h7xx_hal_i2c.o(.text.HAL_I2C_Init), (276 bytes).
    Removing stm32h7xx_hal_i2c.o(.ARM.exidx.text.HAL_I2C_Init), (8 bytes).
    Removing stm32h7xx_hal_i2c.o(.text.HAL_I2C_MspInit), (8 bytes).
    Removing stm32h7xx_hal_i2c.o(.ARM.exidx.text.HAL_I2C_MspInit), (8 bytes).
    Removing stm32h7xx_hal_i2c.o(.text.HAL_I2C_DeInit), (96 bytes).
    Removing stm32h7xx_hal_i2c.o(.ARM.exidx.text.HAL_I2C_DeInit), (8 bytes).
    Removing stm32h7xx_hal_i2c.o(.text.HAL_I2C_MspDeInit), (8 bytes).
    Removing stm32h7xx_hal_i2c.o(.ARM.exidx.text.HAL_I2C_MspDeInit), (8 bytes).
    Removing stm32h7xx_hal_i2c.o(.text.HAL_I2C_Master_Transmit), (594 bytes).
    Removing stm32h7xx_hal_i2c.o(.ARM.exidx.text.HAL_I2C_Master_Transmit), (8 bytes).
    Removing stm32h7xx_hal_i2c.o(.text.I2C_WaitOnFlagUntilTimeout), (196 bytes).
    Removing stm32h7xx_hal_i2c.o(.ARM.exidx.text.I2C_WaitOnFlagUntilTimeout), (8 bytes).
    Removing stm32h7xx_hal_i2c.o(.text.I2C_TransferConfig), (84 bytes).
    Removing stm32h7xx_hal_i2c.o(.ARM.exidx.text.I2C_TransferConfig), (8 bytes).
    Removing stm32h7xx_hal_i2c.o(.text.I2C_WaitOnTXISFlagUntilTimeout), (172 bytes).
    Removing stm32h7xx_hal_i2c.o(.ARM.exidx.text.I2C_WaitOnTXISFlagUntilTimeout), (8 bytes).
    Removing stm32h7xx_hal_i2c.o(.text.I2C_WaitOnSTOPFlagUntilTimeout), (162 bytes).
    Removing stm32h7xx_hal_i2c.o(.ARM.exidx.text.I2C_WaitOnSTOPFlagUntilTimeout), (8 bytes).
    Removing stm32h7xx_hal_i2c.o(.text.HAL_I2C_Master_Receive), (540 bytes).
    Removing stm32h7xx_hal_i2c.o(.ARM.exidx.text.HAL_I2C_Master_Receive), (8 bytes).
    Removing stm32h7xx_hal_i2c.o(.text.I2C_WaitOnRXNEFlagUntilTimeout), (360 bytes).
    Removing stm32h7xx_hal_i2c.o(.ARM.exidx.text.I2C_WaitOnRXNEFlagUntilTimeout), (8 bytes).
    Removing stm32h7xx_hal_i2c.o(.text.HAL_I2C_Slave_Transmit), (670 bytes).
    Removing stm32h7xx_hal_i2c.o(.ARM.exidx.text.HAL_I2C_Slave_Transmit), (8 bytes).
    Removing stm32h7xx_hal_i2c.o(.text.I2C_Flush_TXDR), (64 bytes).
    Removing stm32h7xx_hal_i2c.o(.ARM.exidx.text.I2C_Flush_TXDR), (8 bytes).
    Removing stm32h7xx_hal_i2c.o(.text.HAL_I2C_Slave_Receive), (544 bytes).
    Removing stm32h7xx_hal_i2c.o(.ARM.exidx.text.HAL_I2C_Slave_Receive), (8 bytes).
    Removing stm32h7xx_hal_i2c.o(.text.HAL_I2C_Master_Transmit_IT), (342 bytes).
    Removing stm32h7xx_hal_i2c.o(.ARM.exidx.text.HAL_I2C_Master_Transmit_IT), (8 bytes).
    Removing stm32h7xx_hal_i2c.o(.text.I2C_Master_ISR_IT), (720 bytes).
    Removing stm32h7xx_hal_i2c.o(.ARM.exidx.text.I2C_Master_ISR_IT), (8 bytes).
    Removing stm32h7xx_hal_i2c.o(.text.I2C_Enable_IRQ), (314 bytes).
    Removing stm32h7xx_hal_i2c.o(.ARM.exidx.text.I2C_Enable_IRQ), (8 bytes).
    Removing stm32h7xx_hal_i2c.o(.text.HAL_I2C_Master_Receive_IT), (262 bytes).
    Removing stm32h7xx_hal_i2c.o(.ARM.exidx.text.HAL_I2C_Master_Receive_IT), (8 bytes).
    Removing stm32h7xx_hal_i2c.o(.text.HAL_I2C_Slave_Transmit_IT), (230 bytes).
    Removing stm32h7xx_hal_i2c.o(.ARM.exidx.text.HAL_I2C_Slave_Transmit_IT), (8 bytes).
    Removing stm32h7xx_hal_i2c.o(.text.I2C_Slave_ISR_IT), (584 bytes).
    Removing stm32h7xx_hal_i2c.o(.ARM.exidx.text.I2C_Slave_ISR_IT), (8 bytes).
    Removing stm32h7xx_hal_i2c.o(.text.HAL_I2C_Slave_Receive_IT), (182 bytes).
    Removing stm32h7xx_hal_i2c.o(.ARM.exidx.text.HAL_I2C_Slave_Receive_IT), (8 bytes).
    Removing stm32h7xx_hal_i2c.o(.text.HAL_I2C_Master_Transmit_DMA), (594 bytes).
    Removing stm32h7xx_hal_i2c.o(.ARM.exidx.text.HAL_I2C_Master_Transmit_DMA), (8 bytes).
    Removing stm32h7xx_hal_i2c.o(.text.I2C_Master_ISR_DMA), (558 bytes).
    Removing stm32h7xx_hal_i2c.o(.ARM.exidx.text.I2C_Master_ISR_DMA), (8 bytes).
    Removing stm32h7xx_hal_i2c.o(.text.I2C_DMAMasterTransmitCplt), (128 bytes).
    Removing stm32h7xx_hal_i2c.o(.ARM.exidx.text.I2C_DMAMasterTransmitCplt), (8 bytes).
    Removing stm32h7xx_hal_i2c.o(.text.I2C_DMAError), (776 bytes).
    Removing stm32h7xx_hal_i2c.o(.ARM.exidx.text.I2C_DMAError), (8 bytes).
    Removing stm32h7xx_hal_i2c.o(.text.HAL_I2C_Master_Receive_DMA), (538 bytes).
    Removing stm32h7xx_hal_i2c.o(.ARM.exidx.text.HAL_I2C_Master_Receive_DMA), (8 bytes).
    Removing stm32h7xx_hal_i2c.o(.text.I2C_DMAMasterReceiveCplt), (128 bytes).
    Removing stm32h7xx_hal_i2c.o(.ARM.exidx.text.I2C_DMAMasterReceiveCplt), (8 bytes).
    Removing stm32h7xx_hal_i2c.o(.text.HAL_I2C_Slave_Transmit_DMA), (496 bytes).
    Removing stm32h7xx_hal_i2c.o(.ARM.exidx.text.HAL_I2C_Slave_Transmit_DMA), (8 bytes).
    Removing stm32h7xx_hal_i2c.o(.text.I2C_Slave_ISR_DMA), (1238 bytes).
    Removing stm32h7xx_hal_i2c.o(.ARM.exidx.text.I2C_Slave_ISR_DMA), (8 bytes).
    Removing stm32h7xx_hal_i2c.o(.text.I2C_DMASlaveTransmitCplt), (60 bytes).
    Removing stm32h7xx_hal_i2c.o(.ARM.exidx.text.I2C_DMASlaveTransmitCplt), (8 bytes).
    Removing stm32h7xx_hal_i2c.o(.text.HAL_I2C_Slave_Receive_DMA), (400 bytes).
    Removing stm32h7xx_hal_i2c.o(.ARM.exidx.text.HAL_I2C_Slave_Receive_DMA), (8 bytes).
    Removing stm32h7xx_hal_i2c.o(.text.I2C_DMASlaveReceiveCplt), (392 bytes).
    Removing stm32h7xx_hal_i2c.o(.ARM.exidx.text.I2C_DMASlaveReceiveCplt), (8 bytes).
    Removing stm32h7xx_hal_i2c.o(.text.HAL_I2C_Mem_Write), (628 bytes).
    Removing stm32h7xx_hal_i2c.o(.ARM.exidx.text.HAL_I2C_Mem_Write), (8 bytes).
    Removing stm32h7xx_hal_i2c.o(.text.I2C_RequestMemoryWrite), (192 bytes).
    Removing stm32h7xx_hal_i2c.o(.ARM.exidx.text.I2C_RequestMemoryWrite), (8 bytes).
    Removing stm32h7xx_hal_i2c.o(.text.HAL_I2C_Mem_Read), (650 bytes).
    Removing stm32h7xx_hal_i2c.o(.ARM.exidx.text.HAL_I2C_Mem_Read), (8 bytes).
    Removing stm32h7xx_hal_i2c.o(.text.I2C_RequestMemoryRead), (190 bytes).
    Removing stm32h7xx_hal_i2c.o(.ARM.exidx.text.I2C_RequestMemoryRead), (8 bytes).
    Removing stm32h7xx_hal_i2c.o(.text.HAL_I2C_Mem_Write_IT), (332 bytes).
    Removing stm32h7xx_hal_i2c.o(.ARM.exidx.text.HAL_I2C_Mem_Write_IT), (8 bytes).
    Removing stm32h7xx_hal_i2c.o(.text.I2C_Mem_ISR_IT), (702 bytes).
    Removing stm32h7xx_hal_i2c.o(.ARM.exidx.text.I2C_Mem_ISR_IT), (8 bytes).
    Removing stm32h7xx_hal_i2c.o(.text.HAL_I2C_Mem_Read_IT), (326 bytes).
    Removing stm32h7xx_hal_i2c.o(.ARM.exidx.text.HAL_I2C_Mem_Read_IT), (8 bytes).
    Removing stm32h7xx_hal_i2c.o(.text.HAL_I2C_Mem_Write_DMA), (532 bytes).
    Removing stm32h7xx_hal_i2c.o(.ARM.exidx.text.HAL_I2C_Mem_Write_DMA), (8 bytes).
    Removing stm32h7xx_hal_i2c.o(.text.I2C_Mem_ISR_DMA), (686 bytes).
    Removing stm32h7xx_hal_i2c.o(.ARM.exidx.text.I2C_Mem_ISR_DMA), (8 bytes).
    Removing stm32h7xx_hal_i2c.o(.text.HAL_I2C_Mem_Read_DMA), (530 bytes).
    Removing stm32h7xx_hal_i2c.o(.ARM.exidx.text.HAL_I2C_Mem_Read_DMA), (8 bytes).
    Removing stm32h7xx_hal_i2c.o(.text.HAL_I2C_IsDeviceReady), (534 bytes).
    Removing stm32h7xx_hal_i2c.o(.ARM.exidx.text.HAL_I2C_IsDeviceReady), (8 bytes).
    Removing stm32h7xx_hal_i2c.o(.text.HAL_I2C_Master_Seq_Transmit_IT), (438 bytes).
    Removing stm32h7xx_hal_i2c.o(.ARM.exidx.text.HAL_I2C_Master_Seq_Transmit_IT), (8 bytes).
    Removing stm32h7xx_hal_i2c.o(.text.I2C_ConvertOtherXferOptions), (52 bytes).
    Removing stm32h7xx_hal_i2c.o(.ARM.exidx.text.I2C_ConvertOtherXferOptions), (8 bytes).
    Removing stm32h7xx_hal_i2c.o(.text.HAL_I2C_Master_Seq_Transmit_DMA), (754 bytes).
    Removing stm32h7xx_hal_i2c.o(.ARM.exidx.text.HAL_I2C_Master_Seq_Transmit_DMA), (8 bytes).
    Removing stm32h7xx_hal_i2c.o(.text.HAL_I2C_Master_Seq_Receive_IT), (322 bytes).
    Removing stm32h7xx_hal_i2c.o(.ARM.exidx.text.HAL_I2C_Master_Seq_Receive_IT), (8 bytes).
    Removing stm32h7xx_hal_i2c.o(.text.HAL_I2C_Master_Seq_Receive_DMA), (596 bytes).
    Removing stm32h7xx_hal_i2c.o(.ARM.exidx.text.HAL_I2C_Master_Seq_Receive_DMA), (8 bytes).
    Removing stm32h7xx_hal_i2c.o(.text.HAL_I2C_Slave_Seq_Transmit_IT), (374 bytes).
    Removing stm32h7xx_hal_i2c.o(.ARM.exidx.text.HAL_I2C_Slave_Seq_Transmit_IT), (8 bytes).
    Removing stm32h7xx_hal_i2c.o(.text.I2C_Disable_IRQ), (204 bytes).
    Removing stm32h7xx_hal_i2c.o(.ARM.exidx.text.I2C_Disable_IRQ), (8 bytes).
    Removing stm32h7xx_hal_i2c.o(.text.I2C_DMAAbort), (58 bytes).
    Removing stm32h7xx_hal_i2c.o(.ARM.exidx.text.I2C_DMAAbort), (8 bytes).
    Removing stm32h7xx_hal_i2c.o(.text.HAL_I2C_Slave_Seq_Transmit_DMA), (668 bytes).
    Removing stm32h7xx_hal_i2c.o(.ARM.exidx.text.HAL_I2C_Slave_Seq_Transmit_DMA), (8 bytes).
    Removing stm32h7xx_hal_i2c.o(.text.HAL_I2C_Slave_Seq_Receive_IT), (372 bytes).
    Removing stm32h7xx_hal_i2c.o(.ARM.exidx.text.HAL_I2C_Slave_Seq_Receive_IT), (8 bytes).
    Removing stm32h7xx_hal_i2c.o(.text.HAL_I2C_Slave_Seq_Receive_DMA), (668 bytes).
    Removing stm32h7xx_hal_i2c.o(.ARM.exidx.text.HAL_I2C_Slave_Seq_Receive_DMA), (8 bytes).
    Removing stm32h7xx_hal_i2c.o(.text.HAL_I2C_EnableListen_IT), (72 bytes).
    Removing stm32h7xx_hal_i2c.o(.ARM.exidx.text.HAL_I2C_EnableListen_IT), (8 bytes).
    Removing stm32h7xx_hal_i2c.o(.text.HAL_I2C_DisableListen_IT), (100 bytes).
    Removing stm32h7xx_hal_i2c.o(.ARM.exidx.text.HAL_I2C_DisableListen_IT), (8 bytes).
    Removing stm32h7xx_hal_i2c.o(.text.HAL_I2C_Master_Abort_IT), (196 bytes).
    Removing stm32h7xx_hal_i2c.o(.ARM.exidx.text.HAL_I2C_Master_Abort_IT), (8 bytes).
    Removing stm32h7xx_hal_i2c.o(.text.HAL_I2C_EV_IRQHandler), (46 bytes).
    Removing stm32h7xx_hal_i2c.o(.ARM.exidx.text.HAL_I2C_EV_IRQHandler), (8 bytes).
    Removing stm32h7xx_hal_i2c.o(.text.HAL_I2C_ER_IRQHandler), (208 bytes).
    Removing stm32h7xx_hal_i2c.o(.ARM.exidx.text.HAL_I2C_ER_IRQHandler), (8 bytes).
    Removing stm32h7xx_hal_i2c.o(.text.I2C_ITError), (498 bytes).
    Removing stm32h7xx_hal_i2c.o(.ARM.exidx.text.I2C_ITError), (8 bytes).
    Removing stm32h7xx_hal_i2c.o(.text.HAL_I2C_MasterTxCpltCallback), (8 bytes).
    Removing stm32h7xx_hal_i2c.o(.ARM.exidx.text.HAL_I2C_MasterTxCpltCallback), (8 bytes).
    Removing stm32h7xx_hal_i2c.o(.text.HAL_I2C_MasterRxCpltCallback), (8 bytes).
    Removing stm32h7xx_hal_i2c.o(.ARM.exidx.text.HAL_I2C_MasterRxCpltCallback), (8 bytes).
    Removing stm32h7xx_hal_i2c.o(.text.HAL_I2C_SlaveTxCpltCallback), (8 bytes).
    Removing stm32h7xx_hal_i2c.o(.ARM.exidx.text.HAL_I2C_SlaveTxCpltCallback), (8 bytes).
    Removing stm32h7xx_hal_i2c.o(.text.HAL_I2C_SlaveRxCpltCallback), (8 bytes).
    Removing stm32h7xx_hal_i2c.o(.ARM.exidx.text.HAL_I2C_SlaveRxCpltCallback), (8 bytes).
    Removing stm32h7xx_hal_i2c.o(.text.HAL_I2C_AddrCallback), (16 bytes).
    Removing stm32h7xx_hal_i2c.o(.ARM.exidx.text.HAL_I2C_AddrCallback), (8 bytes).
    Removing stm32h7xx_hal_i2c.o(.text.HAL_I2C_ListenCpltCallback), (8 bytes).
    Removing stm32h7xx_hal_i2c.o(.ARM.exidx.text.HAL_I2C_ListenCpltCallback), (8 bytes).
    Removing stm32h7xx_hal_i2c.o(.text.HAL_I2C_MemTxCpltCallback), (8 bytes).
    Removing stm32h7xx_hal_i2c.o(.ARM.exidx.text.HAL_I2C_MemTxCpltCallback), (8 bytes).
    Removing stm32h7xx_hal_i2c.o(.text.HAL_I2C_MemRxCpltCallback), (8 bytes).
    Removing stm32h7xx_hal_i2c.o(.ARM.exidx.text.HAL_I2C_MemRxCpltCallback), (8 bytes).
    Removing stm32h7xx_hal_i2c.o(.text.HAL_I2C_ErrorCallback), (8 bytes).
    Removing stm32h7xx_hal_i2c.o(.ARM.exidx.text.HAL_I2C_ErrorCallback), (8 bytes).
    Removing stm32h7xx_hal_i2c.o(.text.HAL_I2C_AbortCpltCallback), (8 bytes).
    Removing stm32h7xx_hal_i2c.o(.ARM.exidx.text.HAL_I2C_AbortCpltCallback), (8 bytes).
    Removing stm32h7xx_hal_i2c.o(.text.HAL_I2C_GetState), (14 bytes).
    Removing stm32h7xx_hal_i2c.o(.ARM.exidx.text.HAL_I2C_GetState), (8 bytes).
    Removing stm32h7xx_hal_i2c.o(.text.HAL_I2C_GetMode), (14 bytes).
    Removing stm32h7xx_hal_i2c.o(.ARM.exidx.text.HAL_I2C_GetMode), (8 bytes).
    Removing stm32h7xx_hal_i2c.o(.text.HAL_I2C_GetError), (12 bytes).
    Removing stm32h7xx_hal_i2c.o(.ARM.exidx.text.HAL_I2C_GetError), (8 bytes).
    Removing stm32h7xx_hal_i2c.o(.text.I2C_ITMasterSeqCplt), (126 bytes).
    Removing stm32h7xx_hal_i2c.o(.ARM.exidx.text.I2C_ITMasterSeqCplt), (8 bytes).
    Removing stm32h7xx_hal_i2c.o(.text.I2C_ITMasterCplt), (436 bytes).
    Removing stm32h7xx_hal_i2c.o(.ARM.exidx.text.I2C_ITMasterCplt), (8 bytes).
    Removing stm32h7xx_hal_i2c.o(.text.I2C_ITSlaveCplt), (1440 bytes).
    Removing stm32h7xx_hal_i2c.o(.ARM.exidx.text.I2C_ITSlaveCplt), (8 bytes).
    Removing stm32h7xx_hal_i2c.o(.text.I2C_ITListenCplt), (156 bytes).
    Removing stm32h7xx_hal_i2c.o(.ARM.exidx.text.I2C_ITListenCplt), (8 bytes).
    Removing stm32h7xx_hal_i2c.o(.text.I2C_ITSlaveSeqCplt), (200 bytes).
    Removing stm32h7xx_hal_i2c.o(.ARM.exidx.text.I2C_ITSlaveSeqCplt), (8 bytes).
    Removing stm32h7xx_hal_i2c.o(.text.I2C_ITAddrCplt), (300 bytes).
    Removing stm32h7xx_hal_i2c.o(.ARM.exidx.text.I2C_ITAddrCplt), (8 bytes).
    Removing stm32h7xx_hal_i2c.o(.text.I2C_TreatErrorCallback), (82 bytes).
    Removing stm32h7xx_hal_i2c.o(.ARM.exidx.text.I2C_TreatErrorCallback), (8 bytes).
    Removing stm32h7xx_hal_i2c.o(.text.I2C_IsErrorOccurred), (510 bytes).
    Removing stm32h7xx_hal_i2c.o(.ARM.exidx.text.I2C_IsErrorOccurred), (8 bytes).
    Removing stm32h7xx_hal_i2c_ex.o(.text), (0 bytes).
    Removing stm32h7xx_hal_i2c_ex.o(.text.HAL_I2CEx_ConfigAnalogFilter), (152 bytes).
    Removing stm32h7xx_hal_i2c_ex.o(.ARM.exidx.text.HAL_I2CEx_ConfigAnalogFilter), (8 bytes).
    Removing stm32h7xx_hal_i2c_ex.o(.text.HAL_I2CEx_ConfigDigitalFilter), (162 bytes).
    Removing stm32h7xx_hal_i2c_ex.o(.ARM.exidx.text.HAL_I2CEx_ConfigDigitalFilter), (8 bytes).
    Removing stm32h7xx_hal_i2c_ex.o(.text.HAL_I2CEx_EnableWakeUp), (138 bytes).
    Removing stm32h7xx_hal_i2c_ex.o(.ARM.exidx.text.HAL_I2CEx_EnableWakeUp), (8 bytes).
    Removing stm32h7xx_hal_i2c_ex.o(.text.HAL_I2CEx_DisableWakeUp), (138 bytes).
    Removing stm32h7xx_hal_i2c_ex.o(.ARM.exidx.text.HAL_I2CEx_DisableWakeUp), (8 bytes).
    Removing stm32h7xx_hal_i2c_ex.o(.text.HAL_I2CEx_EnableFastModePlus), (54 bytes).
    Removing stm32h7xx_hal_i2c_ex.o(.ARM.exidx.text.HAL_I2CEx_EnableFastModePlus), (8 bytes).
    Removing stm32h7xx_hal_i2c_ex.o(.text.HAL_I2CEx_DisableFastModePlus), (54 bytes).
    Removing stm32h7xx_hal_i2c_ex.o(.ARM.exidx.text.HAL_I2CEx_DisableFastModePlus), (8 bytes).
    Removing stm32h7xx_hal_exti.o(.text), (0 bytes).
    Removing stm32h7xx_hal_exti.o(.text.HAL_EXTI_SetConfigLine), (576 bytes).
    Removing stm32h7xx_hal_exti.o(.ARM.exidx.text.HAL_EXTI_SetConfigLine), (8 bytes).
    Removing stm32h7xx_hal_exti.o(.text.HAL_EXTI_GetConfigLine), (458 bytes).
    Removing stm32h7xx_hal_exti.o(.ARM.exidx.text.HAL_EXTI_GetConfigLine), (8 bytes).
    Removing stm32h7xx_hal_exti.o(.text.HAL_EXTI_ClearConfigLine), (380 bytes).
    Removing stm32h7xx_hal_exti.o(.ARM.exidx.text.HAL_EXTI_ClearConfigLine), (8 bytes).
    Removing stm32h7xx_hal_exti.o(.text.HAL_EXTI_RegisterCallback), (72 bytes).
    Removing stm32h7xx_hal_exti.o(.ARM.exidx.text.HAL_EXTI_RegisterCallback), (8 bytes).
    Removing stm32h7xx_hal_exti.o(.text.HAL_EXTI_GetHandle), (42 bytes).
    Removing stm32h7xx_hal_exti.o(.ARM.exidx.text.HAL_EXTI_GetHandle), (8 bytes).
    Removing stm32h7xx_hal_exti.o(.text.HAL_EXTI_IRQHandler), (88 bytes).
    Removing stm32h7xx_hal_exti.o(.ARM.exidx.text.HAL_EXTI_IRQHandler), (8 bytes).
    Removing stm32h7xx_hal_exti.o(.text.HAL_EXTI_GetPending), (68 bytes).
    Removing stm32h7xx_hal_exti.o(.ARM.exidx.text.HAL_EXTI_GetPending), (8 bytes).
    Removing stm32h7xx_hal_exti.o(.text.HAL_EXTI_ClearPending), (54 bytes).
    Removing stm32h7xx_hal_exti.o(.ARM.exidx.text.HAL_EXTI_ClearPending), (8 bytes).
    Removing stm32h7xx_hal_exti.o(.text.HAL_EXTI_GenerateSWI), (52 bytes).
    Removing stm32h7xx_hal_exti.o(.ARM.exidx.text.HAL_EXTI_GenerateSWI), (8 bytes).
    Removing stm32h7xx_hal_tim.o(.text), (0 bytes).
    Removing stm32h7xx_hal_tim_ex.o(.text), (0 bytes).
    Removing system_stm32h7xx.o(.text), (0 bytes).
    Removing system_stm32h7xx.o(.ARM.exidx.text.SystemInit), (8 bytes).
    Removing system_stm32h7xx.o(.text.SystemCoreClockUpdate), (756 bytes).
    Removing system_stm32h7xx.o(.ARM.exidx.text.SystemCoreClockUpdate), (8 bytes).
    Removing myad9910.o(.text), (0 bytes).
    Removing myad9910.o(.ARM.exidx.text.Delay_ns), (8 bytes).
    Removing myad9910.o(.ARM.exidx.text.Write_8bit), (8 bytes).
    Removing myad9910.o(.ARM.exidx.text.Write_32bit), (8 bytes).
    Removing myad9910.o(.ARM.exidx.text.AD9910_Init), (8 bytes).
    Removing myad9910.o(.text.AD9910_Singal_Profile_Set), (464 bytes).
    Removing myad9910.o(.ARM.exidx.text.AD9910_Singal_Profile_Set), (8 bytes).
    Removing myad9910.o(.text.Set_Profile), (532 bytes).
    Removing myad9910.o(.ARM.exidx.text.Set_Profile), (8 bytes).
    Removing myad9910.o(.text.AD9910_DRG_Freq_set), (720 bytes).
    Removing myad9910.o(.ARM.exidx.text.AD9910_DRG_Freq_set), (8 bytes).
    Removing myad9910.o(.text.AD9910_DRG_Amp_Set), (616 bytes).
    Removing myad9910.o(.ARM.exidx.text.AD9910_DRG_Amp_Set), (8 bytes).
    Removing myad9910.o(.text.AD9910_RAM_AMP_WAVE_Set), (540 bytes).
    Removing myad9910.o(.ARM.exidx.text.AD9910_RAM_AMP_WAVE_Set), (8 bytes).
    Removing myad9910.o(.ARM.exidx.text.AD9910_RAM_PLO_WAVE_Set), (8 bytes).
    Removing myad9910.o(.rodata.RAM_AMP_SQUARE_WAVE), (4096 bytes).
    Removing myad9910.o(.rodata.RAM_AMP_SINC_WAVE), (4096 bytes).
    Removing myad9910.o(.rodata.cst4), (20 bytes).
    Removing myad9910.o(.bss.Profile_All), (8 bytes).
    Removing myad9910.o(.rodata.cst8), (16 bytes).

818 unused section(s) (total 104206 bytes) removed from the image.

==============================================================================

Image Symbol Table

    Local Symbols

    Symbol Name                              Value     Ov Type        Size  Object(Section)

    ../clib/angel/boardlib.s                 0x00000000   Number         0  boardinit1.o ABSOLUTE
    ../clib/angel/boardlib.s                 0x00000000   Number         0  boardinit2.o ABSOLUTE
    ../clib/angel/boardlib.s                 0x00000000   Number         0  boardinit3.o ABSOLUTE
    ../clib/angel/boardlib.s                 0x00000000   Number         0  boardshut.o ABSOLUTE
    ../clib/angel/dclz77c.s                  0x00000000   Number         0  __dclz77c.o ABSOLUTE
    ../clib/angel/handlers.s                 0x00000000   Number         0  __scatter_zi.o ABSOLUTE
    ../clib/angel/kernel.s                   0x00000000   Number         0  __rtentry.o ABSOLUTE
    ../clib/angel/kernel.s                   0x00000000   Number         0  __rtentry2.o ABSOLUTE
    ../clib/angel/kernel.s                   0x00000000   Number         0  __rtentry4.o ABSOLUTE
    ../clib/angel/kernel.s                   0x00000000   Number         0  rtexit.o ABSOLUTE
    ../clib/angel/kernel.s                   0x00000000   Number         0  rtexit2.o ABSOLUTE
    ../clib/angel/rt.s                       0x00000000   Number         0  rt_raise.o ABSOLUTE
    ../clib/angel/scatter.s                  0x00000000   Number         0  __scatter.o ABSOLUTE
    ../clib/angel/startup.s                  0x00000000   Number         0  __main.o ABSOLUTE
    ../clib/angel/sys.s                      0x00000000   Number         0  sys_stackheap_outer.o ABSOLUTE
    ../clib/angel/sys.s                      0x00000000   Number         0  libspace.o ABSOLUTE
    ../clib/angel/sys.s                      0x00000000   Number         0  use_no_semi.o ABSOLUTE
    ../clib/angel/sys.s                      0x00000000   Number         0  indicate_semi.o ABSOLUTE
    ../clib/angel/sysapp.c                   0x00000000   Number         0  sys_exit.o ABSOLUTE
    ../clib/angel/sysapp.c                   0x00000000   Number         0  sys_exit_hlt.o ABSOLUTE
    ../clib/angel/sysapp.c                   0x00000000   Number         0  sys_command.o ABSOLUTE
    ../clib/angel/sysapp.c                   0x00000000   Number         0  sys_command_hlt.o ABSOLUTE
    ../clib/angel/sysapp.c                   0x00000000   Number         0  sys_wrch.o ABSOLUTE
    ../clib/angel/sysapp.c                   0x00000000   Number         0  sys_wrch_hlt.o ABSOLUTE
    ../clib/armsys.c                         0x00000000   Number         0  argv_veneer.o ABSOLUTE
    ../clib/armsys.c                         0x00000000   Number         0  argv_veneer.o ABSOLUTE
    ../clib/armsys.c                         0x00000000   Number         0  _get_argv_nomalloc.o ABSOLUTE
    ../clib/armsys.c                         0x00000000   Number         0  no_argv.o ABSOLUTE
    ../clib/heapalloc.c                      0x00000000   Number         0  hrguard.o ABSOLUTE
    ../clib/heapaux.c                        0x00000000   Number         0  heapauxi.o ABSOLUTE
    ../clib/libinit.s                        0x00000000   Number         0  libinit.o ABSOLUTE
    ../clib/libinit.s                        0x00000000   Number         0  libinit2.o ABSOLUTE
    ../clib/libinit.s                        0x00000000   Number         0  libshutdown.o ABSOLUTE
    ../clib/libinit.s                        0x00000000   Number         0  libshutdown2.o ABSOLUTE
    ../clib/memcpset.s                       0x00000000   Number         0  rt_memclr_w.o ABSOLUTE
    ../clib/signal.c                         0x00000000   Number         0  defsig_rtmem_outer.o ABSOLUTE
    ../clib/signal.c                         0x00000000   Number         0  defsig_rtmem_formal.o ABSOLUTE
    ../clib/signal.c                         0x00000000   Number         0  defsig_exit.o ABSOLUTE
    ../clib/signal.c                         0x00000000   Number         0  defsig_rtmem_inner.o ABSOLUTE
    ../clib/signal.c                         0x00000000   Number         0  __raise.o ABSOLUTE
    ../clib/signal.c                         0x00000000   Number         0  defsig_general.o ABSOLUTE
    ../clib/signal.c                         0x00000000   Number         0  defsig_abrt_inner.o ABSOLUTE
    ../clib/signal.c                         0x00000000   Number         0  defsig_fpe_inner.o ABSOLUTE
    ../clib/signal.c                         0x00000000   Number         0  defsig_rtred_inner.o ABSOLUTE
    ../clib/signal.c                         0x00000000   Number         0  defsig_stak_inner.o ABSOLUTE
    ../clib/signal.c                         0x00000000   Number         0  defsig_pvfn_inner.o ABSOLUTE
    ../clib/signal.c                         0x00000000   Number         0  defsig_cppl_inner.o ABSOLUTE
    ../clib/signal.c                         0x00000000   Number         0  defsig_segv_inner.o ABSOLUTE
    ../clib/signal.c                         0x00000000   Number         0  defsig_other.o ABSOLUTE
    ../clib/signal.s                         0x00000000   Number         0  defsig.o ABSOLUTE
    ../clib/stdlib.c                         0x00000000   Number         0  exit.o ABSOLUTE
    ../fplib/fpinit.s                        0x00000000   Number         0  fpinit.o ABSOLUTE
    MyAD9910.c                               0x00000000   Number         0  myad9910.o ABSOLUTE
    dc.s                                     0x00000000   Number         0  dc.o ABSOLUTE
    gpio.c                                   0x00000000   Number         0  gpio.o ABSOLUTE
    main.c                                   0x00000000   Number         0  main.o ABSOLUTE
    memorymap.c                              0x00000000   Number         0  memorymap.o ABSOLUTE
    startup_stm32h743xx.s                    0x00000000   Number         0  startup_stm32h743xx.o ABSOLUTE
    stm32h7xx_hal.c                          0x00000000   Number         0  stm32h7xx_hal.o ABSOLUTE
    stm32h7xx_hal_cortex.c                   0x00000000   Number         0  stm32h7xx_hal_cortex.o ABSOLUTE
    stm32h7xx_hal_dma.c                      0x00000000   Number         0  stm32h7xx_hal_dma.o ABSOLUTE
    stm32h7xx_hal_dma_ex.c                   0x00000000   Number         0  stm32h7xx_hal_dma_ex.o ABSOLUTE
    stm32h7xx_hal_exti.c                     0x00000000   Number         0  stm32h7xx_hal_exti.o ABSOLUTE
    stm32h7xx_hal_flash.c                    0x00000000   Number         0  stm32h7xx_hal_flash.o ABSOLUTE
    stm32h7xx_hal_flash_ex.c                 0x00000000   Number         0  stm32h7xx_hal_flash_ex.o ABSOLUTE
    stm32h7xx_hal_gpio.c                     0x00000000   Number         0  stm32h7xx_hal_gpio.o ABSOLUTE
    stm32h7xx_hal_hsem.c                     0x00000000   Number         0  stm32h7xx_hal_hsem.o ABSOLUTE
    stm32h7xx_hal_i2c.c                      0x00000000   Number         0  stm32h7xx_hal_i2c.o ABSOLUTE
    stm32h7xx_hal_i2c_ex.c                   0x00000000   Number         0  stm32h7xx_hal_i2c_ex.o ABSOLUTE
    stm32h7xx_hal_mdma.c                     0x00000000   Number         0  stm32h7xx_hal_mdma.o ABSOLUTE
    stm32h7xx_hal_msp.c                      0x00000000   Number         0  stm32h7xx_hal_msp.o ABSOLUTE
    stm32h7xx_hal_pwr.c                      0x00000000   Number         0  stm32h7xx_hal_pwr.o ABSOLUTE
    stm32h7xx_hal_pwr_ex.c                   0x00000000   Number         0  stm32h7xx_hal_pwr_ex.o ABSOLUTE
    stm32h7xx_hal_rcc.c                      0x00000000   Number         0  stm32h7xx_hal_rcc.o ABSOLUTE
    stm32h7xx_hal_rcc_ex.c                   0x00000000   Number         0  stm32h7xx_hal_rcc_ex.o ABSOLUTE
    stm32h7xx_hal_tim.c                      0x00000000   Number         0  stm32h7xx_hal_tim.o ABSOLUTE
    stm32h7xx_hal_tim_ex.c                   0x00000000   Number         0  stm32h7xx_hal_tim_ex.o ABSOLUTE
    stm32h7xx_it.c                           0x00000000   Number         0  stm32h7xx_it.o ABSOLUTE
    system_stm32h7xx.c                       0x00000000   Number         0  system_stm32h7xx.o ABSOLUTE
    RESET                                    0x08000000   Section      664  startup_stm32h743xx.o(RESET)
    !!!main                                  0x08000298   Section        8  __main.o(!!!main)
    !!!scatter                               0x080002a0   Section       92  __scatter.o(!!!scatter)
    !!dclz77c                                0x080002fc   Section      100  __dclz77c.o(!!dclz77c)
    !!handler_null                           0x08000360   Section        2  __scatter.o(!!handler_null)
    !!handler_zi                             0x08000364   Section       28  __scatter_zi.o(!!handler_zi)
    .ARM.Collect$$libinit$$00000000          0x08000380   Section        2  libinit.o(.ARM.Collect$$libinit$$00000000)
    .ARM.Collect$$libinit$$00000001          0x08000382   Section        4  libinit2.o(.ARM.Collect$$libinit$$00000001)
    .ARM.Collect$$libinit$$00000004          0x08000386   Section        0  libinit2.o(.ARM.Collect$$libinit$$00000004)
    .ARM.Collect$$libinit$$00000006          0x08000386   Section        0  libinit2.o(.ARM.Collect$$libinit$$00000006)
    .ARM.Collect$$libinit$$0000000C          0x08000386   Section        0  libinit2.o(.ARM.Collect$$libinit$$0000000C)
    .ARM.Collect$$libinit$$0000000E          0x08000386   Section        0  libinit2.o(.ARM.Collect$$libinit$$0000000E)
    .ARM.Collect$$libinit$$00000010          0x08000386   Section        0  libinit2.o(.ARM.Collect$$libinit$$00000010)
    .ARM.Collect$$libinit$$00000013          0x08000386   Section        0  libinit2.o(.ARM.Collect$$libinit$$00000013)
    .ARM.Collect$$libinit$$00000015          0x08000386   Section        0  libinit2.o(.ARM.Collect$$libinit$$00000015)
    .ARM.Collect$$libinit$$00000017          0x08000386   Section        0  libinit2.o(.ARM.Collect$$libinit$$00000017)
    .ARM.Collect$$libinit$$00000019          0x08000386   Section        0  libinit2.o(.ARM.Collect$$libinit$$00000019)
    .ARM.Collect$$libinit$$0000001B          0x08000386   Section        0  libinit2.o(.ARM.Collect$$libinit$$0000001B)
    .ARM.Collect$$libinit$$0000001D          0x08000386   Section        0  libinit2.o(.ARM.Collect$$libinit$$0000001D)
    .ARM.Collect$$libinit$$0000001F          0x08000386   Section        0  libinit2.o(.ARM.Collect$$libinit$$0000001F)
    .ARM.Collect$$libinit$$00000021          0x08000386   Section        0  libinit2.o(.ARM.Collect$$libinit$$00000021)
    .ARM.Collect$$libinit$$00000023          0x08000386   Section        0  libinit2.o(.ARM.Collect$$libinit$$00000023)
    .ARM.Collect$$libinit$$00000025          0x08000386   Section        0  libinit2.o(.ARM.Collect$$libinit$$00000025)
    .ARM.Collect$$libinit$$00000027          0x08000386   Section        0  libinit2.o(.ARM.Collect$$libinit$$00000027)
    .ARM.Collect$$libinit$$0000002E          0x08000386   Section        0  libinit2.o(.ARM.Collect$$libinit$$0000002E)
    .ARM.Collect$$libinit$$00000030          0x08000386   Section        0  libinit2.o(.ARM.Collect$$libinit$$00000030)
    .ARM.Collect$$libinit$$00000032          0x08000386   Section        0  libinit2.o(.ARM.Collect$$libinit$$00000032)
    .ARM.Collect$$libinit$$00000034          0x08000386   Section        0  libinit2.o(.ARM.Collect$$libinit$$00000034)
    .ARM.Collect$$libinit$$00000035          0x08000386   Section        2  libinit2.o(.ARM.Collect$$libinit$$00000035)
    .ARM.Collect$$libshutdown$$00000000      0x08000388   Section        2  libshutdown.o(.ARM.Collect$$libshutdown$$00000000)
    .ARM.Collect$$libshutdown$$00000002      0x0800038a   Section        0  libshutdown2.o(.ARM.Collect$$libshutdown$$00000002)
    .ARM.Collect$$libshutdown$$00000004      0x0800038a   Section        0  libshutdown2.o(.ARM.Collect$$libshutdown$$00000004)
    .ARM.Collect$$libshutdown$$00000007      0x0800038a   Section        0  libshutdown2.o(.ARM.Collect$$libshutdown$$00000007)
    .ARM.Collect$$libshutdown$$0000000A      0x0800038a   Section        0  libshutdown2.o(.ARM.Collect$$libshutdown$$0000000A)
    .ARM.Collect$$libshutdown$$0000000C      0x0800038a   Section        0  libshutdown2.o(.ARM.Collect$$libshutdown$$0000000C)
    .ARM.Collect$$libshutdown$$0000000F      0x0800038a   Section        0  libshutdown2.o(.ARM.Collect$$libshutdown$$0000000F)
    .ARM.Collect$$libshutdown$$00000010      0x0800038a   Section        2  libshutdown2.o(.ARM.Collect$$libshutdown$$00000010)
    .ARM.Collect$$rtentry$$00000000          0x0800038c   Section        0  __rtentry.o(.ARM.Collect$$rtentry$$00000000)
    .ARM.Collect$$rtentry$$00000002          0x0800038c   Section        0  __rtentry2.o(.ARM.Collect$$rtentry$$00000002)
    .ARM.Collect$$rtentry$$00000004          0x0800038c   Section        6  __rtentry4.o(.ARM.Collect$$rtentry$$00000004)
    .ARM.Collect$$rtentry$$00000009          0x08000392   Section        0  __rtentry2.o(.ARM.Collect$$rtentry$$00000009)
    .ARM.Collect$$rtentry$$0000000A          0x08000392   Section        4  __rtentry2.o(.ARM.Collect$$rtentry$$0000000A)
    .ARM.Collect$$rtentry$$0000000C          0x08000396   Section        0  __rtentry2.o(.ARM.Collect$$rtentry$$0000000C)
    .ARM.Collect$$rtentry$$0000000D          0x08000396   Section        8  __rtentry2.o(.ARM.Collect$$rtentry$$0000000D)
    .ARM.Collect$$rtexit$$00000000           0x0800039e   Section        2  rtexit.o(.ARM.Collect$$rtexit$$00000000)
    .ARM.Collect$$rtexit$$00000002           0x080003a0   Section        0  rtexit2.o(.ARM.Collect$$rtexit$$00000002)
    .ARM.Collect$$rtexit$$00000003           0x080003a0   Section        4  rtexit2.o(.ARM.Collect$$rtexit$$00000003)
    .ARM.Collect$$rtexit$$00000004           0x080003a4   Section        6  rtexit2.o(.ARM.Collect$$rtexit$$00000004)
    $v0                                      0x080003ac   Number         0  startup_stm32h743xx.o(.text)
    .text                                    0x080003ac   Section       64  startup_stm32h743xx.o(.text)
    .text                                    0x080003ec   Section       78  rt_memclr_w.o(.text)
    .text                                    0x0800043a   Section        0  heapauxi.o(.text)
    .text                                    0x08000440   Section       74  sys_stackheap_outer.o(.text)
    .text                                    0x0800048a   Section        0  exit.o(.text)
    .text                                    0x0800049c   Section        8  libspace.o(.text)
    .text                                    0x080004a4   Section        0  sys_exit.o(.text)
    .text                                    0x080004b0   Section        2  use_no_semi.o(.text)
    .text                                    0x080004b2   Section        0  indicate_semi.o(.text)
    [Anonymous Symbol]                       0x080004b8   Section        0  myad9910.o(.text.AD9910_Init)
    [Anonymous Symbol]                       0x08000620   Section        0  myad9910.o(.text.AD9910_RAM_PLO_WAVE_Set)
    [Anonymous Symbol]                       0x08000840   Section        0  stm32h7xx_it.o(.text.BusFault_Handler)
    [Anonymous Symbol]                       0x08000848   Section        0  stm32h7xx_it.o(.text.DebugMon_Handler)
    [Anonymous Symbol]                       0x08000850   Section        0  myad9910.o(.text.Delay_ns)
    [Anonymous Symbol]                       0x08000870   Section        0  main.o(.text.Error_Handler)
    [Anonymous Symbol]                       0x08000880   Section        0  stm32h7xx_hal_gpio.o(.text.HAL_GPIO_Init)
    [Anonymous Symbol]                       0x08000c48   Section        0  stm32h7xx_hal_gpio.o(.text.HAL_GPIO_WritePin)
    [Anonymous Symbol]                       0x08000c78   Section        0  stm32h7xx_hal.o(.text.HAL_GetREVID)
    [Anonymous Symbol]                       0x08000c88   Section        0  stm32h7xx_hal.o(.text.HAL_GetTick)
    [Anonymous Symbol]                       0x08000c98   Section        0  stm32h7xx_hal.o(.text.HAL_IncTick)
    [Anonymous Symbol]                       0x08000cb8   Section        0  stm32h7xx_hal.o(.text.HAL_Init)
    [Anonymous Symbol]                       0x08000d38   Section        0  stm32h7xx_hal.o(.text.HAL_InitTick)
    [Anonymous Symbol]                       0x08000dc0   Section        0  stm32h7xx_hal_msp.o(.text.HAL_MspInit)
    [Anonymous Symbol]                       0x08000de8   Section        0  stm32h7xx_hal_cortex.o(.text.HAL_NVIC_SetPriority)
    [Anonymous Symbol]                       0x08000e18   Section        0  stm32h7xx_hal_cortex.o(.text.HAL_NVIC_SetPriorityGrouping)
    [Anonymous Symbol]                       0x08000e28   Section        0  stm32h7xx_hal_pwr_ex.o(.text.HAL_PWREx_ConfigSupply)
    [Anonymous Symbol]                       0x08000ed0   Section        0  stm32h7xx_hal_rcc.o(.text.HAL_RCC_ClockConfig)
    [Anonymous Symbol]                       0x08001368   Section        0  stm32h7xx_hal_rcc.o(.text.HAL_RCC_GetSysClockFreq)
    [Anonymous Symbol]                       0x08001678   Section        0  stm32h7xx_hal_rcc.o(.text.HAL_RCC_OscConfig)
    [Anonymous Symbol]                       0x080021d0   Section        0  stm32h7xx_hal_cortex.o(.text.HAL_SYSTICK_Config)
    [Anonymous Symbol]                       0x080021e0   Section        0  stm32h7xx_it.o(.text.HardFault_Handler)
    [Anonymous Symbol]                       0x080021e8   Section        0  gpio.o(.text.MX_GPIO_Init)
    [Anonymous Symbol]                       0x08002358   Section        0  stm32h7xx_it.o(.text.MemManage_Handler)
    [Anonymous Symbol]                       0x08002360   Section        0  stm32h7xx_it.o(.text.NMI_Handler)
    NVIC_EncodePriority                      0x08002369   Thumb Code   108  stm32h7xx_hal_cortex.o(.text.NVIC_EncodePriority)
    [Anonymous Symbol]                       0x08002368   Section        0  stm32h7xx_hal_cortex.o(.text.NVIC_EncodePriority)
    [Anonymous Symbol]                       0x080023d8   Section        0  stm32h7xx_it.o(.text.PendSV_Handler)
    [Anonymous Symbol]                       0x080023e0   Section        0  stm32h7xx_it.o(.text.SVC_Handler)
    SysTick_Config                           0x080023e9   Thumb Code    82  stm32h7xx_hal_cortex.o(.text.SysTick_Config)
    [Anonymous Symbol]                       0x080023e8   Section        0  stm32h7xx_hal_cortex.o(.text.SysTick_Config)
    [Anonymous Symbol]                       0x08002440   Section        0  stm32h7xx_it.o(.text.SysTick_Handler)
    [Anonymous Symbol]                       0x08002448   Section        0  main.o(.text.SystemClock_Config)
    [Anonymous Symbol]                       0x080025a0   Section        0  system_stm32h7xx.o(.text.SystemInit)
    [Anonymous Symbol]                       0x08002700   Section        0  stm32h7xx_it.o(.text.UsageFault_Handler)
    [Anonymous Symbol]                       0x08002708   Section        0  myad9910.o(.text.Write_32bit)
    [Anonymous Symbol]                       0x080027a0   Section        0  myad9910.o(.text.Write_8bit)
    __NVIC_GetPriorityGrouping               0x08002841   Thumb Code    16  stm32h7xx_hal_cortex.o(.text.__NVIC_GetPriorityGrouping)
    [Anonymous Symbol]                       0x08002840   Section        0  stm32h7xx_hal_cortex.o(.text.__NVIC_GetPriorityGrouping)
    __NVIC_SetPriority                       0x08002851   Thumb Code    66  stm32h7xx_hal_cortex.o(.text.__NVIC_SetPriority)
    [Anonymous Symbol]                       0x08002850   Section        0  stm32h7xx_hal_cortex.o(.text.__NVIC_SetPriority)
    __NVIC_SetPriorityGrouping               0x08002899   Thumb Code    60  stm32h7xx_hal_cortex.o(.text.__NVIC_SetPriorityGrouping)
    [Anonymous Symbol]                       0x08002898   Section        0  stm32h7xx_hal_cortex.o(.text.__NVIC_SetPriorityGrouping)
    [Anonymous Symbol]                       0x080028d8   Section        0  main.o(.text.main)
    $v0                                      0x080028fa   Number         0  fpinit.o(x$fpl$fpinit)
    x$fpl$fpinit                             0x080028fa   Section       26  fpinit.o(x$fpl$fpinit)
    .bss                                     0x24003020   Section       96  libspace.o(.bss)
    Heap_Mem                                 0x24003088   Data         512  startup_stm32h743xx.o(HEAP)
    HEAP                                     0x24003088   Section      512  startup_stm32h743xx.o(HEAP)
    Stack_Mem                                0x24003288   Data        1024  startup_stm32h743xx.o(STACK)
    STACK                                    0x24003288   Section     1024  startup_stm32h743xx.o(STACK)
    __initial_sp                             0x24003688   Data           0  startup_stm32h743xx.o(STACK)

    Global Symbols

    Symbol Name                              Value     Ov Type        Size  Object(Section)

    BuildAttributes$$THM_ISAv4$E$P$D$K$B$S$7EM$VFPv5_D16$PE$PLD8$A:L22UL41UL21$X:L11$S22US41US21$IEEE1$IW$~IW$USESV6$~STKCKD$USESV7$~SHL$OSPACE$ROPI$EBA8$UX$STANDARDLIB$REQ8$PRES8$EABIv2 0x00000000   Number         0  anon$$obj.o ABSOLUTE
    __ARM_exceptions_init                     - Undefined Weak Reference
    __alloca_initialize                       - Undefined Weak Reference
    __arm_preinit_                            - Undefined Weak Reference
    __arm_relocate_pie_                       - Undefined Weak Reference
    __cpp_initialize__aeabi_                  - Undefined Weak Reference
    __cxa_finalize                            - Undefined Weak Reference
    __rt_locale                               - Undefined Weak Reference
    __sigvec_lookup                           - Undefined Weak Reference
    _atexit_init                              - Undefined Weak Reference
    _call_atexit_fns                          - Undefined Weak Reference
    _clock_init                               - Undefined Weak Reference
    _fp_trap_init                             - Undefined Weak Reference
    _fp_trap_shutdown                         - Undefined Weak Reference
    _get_lc_collate                           - Undefined Weak Reference
    _get_lc_ctype                             - Undefined Weak Reference
    _get_lc_monetary                          - Undefined Weak Reference
    _get_lc_numeric                           - Undefined Weak Reference
    _get_lc_time                              - Undefined Weak Reference
    _getenv_init                              - Undefined Weak Reference
    _handle_redirection                       - Undefined Weak Reference
    _init_alloc                               - Undefined Weak Reference
    _init_user_alloc                          - Undefined Weak Reference
    _initio                                   - Undefined Weak Reference
    _rand_init                                - Undefined Weak Reference
    _signal_finish                            - Undefined Weak Reference
    _signal_init                              - Undefined Weak Reference
    _terminate_alloc                          - Undefined Weak Reference
    _terminate_user_alloc                     - Undefined Weak Reference
    _terminateio                              - Undefined Weak Reference
    __Vectors_Size                           0x00000298   Number         0  startup_stm32h743xx.o ABSOLUTE
    __Vectors                                0x08000000   Data           4  startup_stm32h743xx.o(RESET)
    __Vectors_End                            0x08000298   Data           0  startup_stm32h743xx.o(RESET)
    __main                                   0x08000299   Thumb Code     8  __main.o(!!!main)
    __scatterload                            0x080002a1   Thumb Code     0  __scatter.o(!!!scatter)
    __scatterload_rt2                        0x080002a1   Thumb Code    84  __scatter.o(!!!scatter)
    __scatterload_rt2_thumb_only             0x080002a1   Thumb Code     0  __scatter.o(!!!scatter)
    __scatterload_loop                       0x080002ab   Thumb Code     0  __scatter.o(!!!scatter)
    __decompress                             0x080002fd   Thumb Code   100  __dclz77c.o(!!dclz77c)
    __decompress2                            0x080002fd   Thumb Code     0  __dclz77c.o(!!dclz77c)
    __scatterload_null                       0x08000361   Thumb Code     2  __scatter.o(!!handler_null)
    __scatterload_zeroinit                   0x08000365   Thumb Code    28  __scatter_zi.o(!!handler_zi)
    __rt_lib_init                            0x08000381   Thumb Code     0  libinit.o(.ARM.Collect$$libinit$$00000000)
    __rt_lib_init_fp_1                       0x08000383   Thumb Code     0  libinit2.o(.ARM.Collect$$libinit$$00000001)
    __rt_lib_init_alloca_1                   0x08000387   Thumb Code     0  libinit2.o(.ARM.Collect$$libinit$$00000030)
    __rt_lib_init_argv_1                     0x08000387   Thumb Code     0  libinit2.o(.ARM.Collect$$libinit$$0000002E)
    __rt_lib_init_atexit_1                   0x08000387   Thumb Code     0  libinit2.o(.ARM.Collect$$libinit$$0000001D)
    __rt_lib_init_clock_1                    0x08000387   Thumb Code     0  libinit2.o(.ARM.Collect$$libinit$$00000023)
    __rt_lib_init_cpp_1                      0x08000387   Thumb Code     0  libinit2.o(.ARM.Collect$$libinit$$00000034)
    __rt_lib_init_exceptions_1               0x08000387   Thumb Code     0  libinit2.o(.ARM.Collect$$libinit$$00000032)
    __rt_lib_init_fp_trap_1                  0x08000387   Thumb Code     0  libinit2.o(.ARM.Collect$$libinit$$00000021)
    __rt_lib_init_getenv_1                   0x08000387   Thumb Code     0  libinit2.o(.ARM.Collect$$libinit$$00000025)
    __rt_lib_init_heap_1                     0x08000387   Thumb Code     0  libinit2.o(.ARM.Collect$$libinit$$0000000C)
    __rt_lib_init_lc_collate_1               0x08000387   Thumb Code     0  libinit2.o(.ARM.Collect$$libinit$$00000013)
    __rt_lib_init_lc_ctype_1                 0x08000387   Thumb Code     0  libinit2.o(.ARM.Collect$$libinit$$00000015)
    __rt_lib_init_lc_monetary_1              0x08000387   Thumb Code     0  libinit2.o(.ARM.Collect$$libinit$$00000017)
    __rt_lib_init_lc_numeric_1               0x08000387   Thumb Code     0  libinit2.o(.ARM.Collect$$libinit$$00000019)
    __rt_lib_init_lc_time_1                  0x08000387   Thumb Code     0  libinit2.o(.ARM.Collect$$libinit$$0000001B)
    __rt_lib_init_preinit_1                  0x08000387   Thumb Code     0  libinit2.o(.ARM.Collect$$libinit$$00000006)
    __rt_lib_init_rand_1                     0x08000387   Thumb Code     0  libinit2.o(.ARM.Collect$$libinit$$00000010)
    __rt_lib_init_relocate_pie_1             0x08000387   Thumb Code     0  libinit2.o(.ARM.Collect$$libinit$$00000004)
    __rt_lib_init_return                     0x08000387   Thumb Code     0  libinit2.o(.ARM.Collect$$libinit$$00000035)
    __rt_lib_init_signal_1                   0x08000387   Thumb Code     0  libinit2.o(.ARM.Collect$$libinit$$0000001F)
    __rt_lib_init_stdio_1                    0x08000387   Thumb Code     0  libinit2.o(.ARM.Collect$$libinit$$00000027)
    __rt_lib_init_user_alloc_1               0x08000387   Thumb Code     0  libinit2.o(.ARM.Collect$$libinit$$0000000E)
    __rt_lib_shutdown                        0x08000389   Thumb Code     0  libshutdown.o(.ARM.Collect$$libshutdown$$00000000)
    __rt_lib_shutdown_cpp_1                  0x0800038b   Thumb Code     0  libshutdown2.o(.ARM.Collect$$libshutdown$$00000002)
    __rt_lib_shutdown_fp_trap_1              0x0800038b   Thumb Code     0  libshutdown2.o(.ARM.Collect$$libshutdown$$00000007)
    __rt_lib_shutdown_heap_1                 0x0800038b   Thumb Code     0  libshutdown2.o(.ARM.Collect$$libshutdown$$0000000F)
    __rt_lib_shutdown_return                 0x0800038b   Thumb Code     0  libshutdown2.o(.ARM.Collect$$libshutdown$$00000010)
    __rt_lib_shutdown_signal_1               0x0800038b   Thumb Code     0  libshutdown2.o(.ARM.Collect$$libshutdown$$0000000A)
    __rt_lib_shutdown_stdio_1                0x0800038b   Thumb Code     0  libshutdown2.o(.ARM.Collect$$libshutdown$$00000004)
    __rt_lib_shutdown_user_alloc_1           0x0800038b   Thumb Code     0  libshutdown2.o(.ARM.Collect$$libshutdown$$0000000C)
    __rt_entry                               0x0800038d   Thumb Code     0  __rtentry.o(.ARM.Collect$$rtentry$$00000000)
    __rt_entry_presh_1                       0x0800038d   Thumb Code     0  __rtentry2.o(.ARM.Collect$$rtentry$$00000002)
    __rt_entry_sh                            0x0800038d   Thumb Code     0  __rtentry4.o(.ARM.Collect$$rtentry$$00000004)
    __rt_entry_li                            0x08000393   Thumb Code     0  __rtentry2.o(.ARM.Collect$$rtentry$$0000000A)
    __rt_entry_postsh_1                      0x08000393   Thumb Code     0  __rtentry2.o(.ARM.Collect$$rtentry$$00000009)
    __rt_entry_main                          0x08000397   Thumb Code     0  __rtentry2.o(.ARM.Collect$$rtentry$$0000000D)
    __rt_entry_postli_1                      0x08000397   Thumb Code     0  __rtentry2.o(.ARM.Collect$$rtentry$$0000000C)
    __rt_exit                                0x0800039f   Thumb Code     0  rtexit.o(.ARM.Collect$$rtexit$$00000000)
    __rt_exit_ls                             0x080003a1   Thumb Code     0  rtexit2.o(.ARM.Collect$$rtexit$$00000003)
    __rt_exit_prels_1                        0x080003a1   Thumb Code     0  rtexit2.o(.ARM.Collect$$rtexit$$00000002)
    __rt_exit_exit                           0x080003a5   Thumb Code     0  rtexit2.o(.ARM.Collect$$rtexit$$00000004)
    Reset_Handler                            0x080003ad   Thumb Code     8  startup_stm32h743xx.o(.text)
    ADC3_IRQHandler                          0x080003c7   Thumb Code     0  startup_stm32h743xx.o(.text)
    ADC_IRQHandler                           0x080003c7   Thumb Code     0  startup_stm32h743xx.o(.text)
    BDMA_Channel0_IRQHandler                 0x080003c7   Thumb Code     0  startup_stm32h743xx.o(.text)
    BDMA_Channel1_IRQHandler                 0x080003c7   Thumb Code     0  startup_stm32h743xx.o(.text)
    BDMA_Channel2_IRQHandler                 0x080003c7   Thumb Code     0  startup_stm32h743xx.o(.text)
    BDMA_Channel3_IRQHandler                 0x080003c7   Thumb Code     0  startup_stm32h743xx.o(.text)
    BDMA_Channel4_IRQHandler                 0x080003c7   Thumb Code     0  startup_stm32h743xx.o(.text)
    BDMA_Channel5_IRQHandler                 0x080003c7   Thumb Code     0  startup_stm32h743xx.o(.text)
    BDMA_Channel6_IRQHandler                 0x080003c7   Thumb Code     0  startup_stm32h743xx.o(.text)
    BDMA_Channel7_IRQHandler                 0x080003c7   Thumb Code     0  startup_stm32h743xx.o(.text)
    CEC_IRQHandler                           0x080003c7   Thumb Code     0  startup_stm32h743xx.o(.text)
    COMP1_IRQHandler                         0x080003c7   Thumb Code     0  startup_stm32h743xx.o(.text)
    CRS_IRQHandler                           0x080003c7   Thumb Code     0  startup_stm32h743xx.o(.text)
    DCMI_IRQHandler                          0x080003c7   Thumb Code     0  startup_stm32h743xx.o(.text)
    DFSDM1_FLT0_IRQHandler                   0x080003c7   Thumb Code     0  startup_stm32h743xx.o(.text)
    DFSDM1_FLT1_IRQHandler                   0x080003c7   Thumb Code     0  startup_stm32h743xx.o(.text)
    DFSDM1_FLT2_IRQHandler                   0x080003c7   Thumb Code     0  startup_stm32h743xx.o(.text)
    DFSDM1_FLT3_IRQHandler                   0x080003c7   Thumb Code     0  startup_stm32h743xx.o(.text)
    DMA1_Stream0_IRQHandler                  0x080003c7   Thumb Code     0  startup_stm32h743xx.o(.text)
    DMA1_Stream1_IRQHandler                  0x080003c7   Thumb Code     0  startup_stm32h743xx.o(.text)
    DMA1_Stream2_IRQHandler                  0x080003c7   Thumb Code     0  startup_stm32h743xx.o(.text)
    DMA1_Stream3_IRQHandler                  0x080003c7   Thumb Code     0  startup_stm32h743xx.o(.text)
    DMA1_Stream4_IRQHandler                  0x080003c7   Thumb Code     0  startup_stm32h743xx.o(.text)
    DMA1_Stream5_IRQHandler                  0x080003c7   Thumb Code     0  startup_stm32h743xx.o(.text)
    DMA1_Stream6_IRQHandler                  0x080003c7   Thumb Code     0  startup_stm32h743xx.o(.text)
    DMA1_Stream7_IRQHandler                  0x080003c7   Thumb Code     0  startup_stm32h743xx.o(.text)
    DMA2D_IRQHandler                         0x080003c7   Thumb Code     0  startup_stm32h743xx.o(.text)
    DMA2_Stream0_IRQHandler                  0x080003c7   Thumb Code     0  startup_stm32h743xx.o(.text)
    DMA2_Stream1_IRQHandler                  0x080003c7   Thumb Code     0  startup_stm32h743xx.o(.text)
    DMA2_Stream2_IRQHandler                  0x080003c7   Thumb Code     0  startup_stm32h743xx.o(.text)
    DMA2_Stream3_IRQHandler                  0x080003c7   Thumb Code     0  startup_stm32h743xx.o(.text)
    DMA2_Stream4_IRQHandler                  0x080003c7   Thumb Code     0  startup_stm32h743xx.o(.text)
    DMA2_Stream5_IRQHandler                  0x080003c7   Thumb Code     0  startup_stm32h743xx.o(.text)
    DMA2_Stream6_IRQHandler                  0x080003c7   Thumb Code     0  startup_stm32h743xx.o(.text)
    DMA2_Stream7_IRQHandler                  0x080003c7   Thumb Code     0  startup_stm32h743xx.o(.text)
    DMAMUX1_OVR_IRQHandler                   0x080003c7   Thumb Code     0  startup_stm32h743xx.o(.text)
    DMAMUX2_OVR_IRQHandler                   0x080003c7   Thumb Code     0  startup_stm32h743xx.o(.text)
    ECC_IRQHandler                           0x080003c7   Thumb Code     0  startup_stm32h743xx.o(.text)
    ETH_IRQHandler                           0x080003c7   Thumb Code     0  startup_stm32h743xx.o(.text)
    ETH_WKUP_IRQHandler                      0x080003c7   Thumb Code     0  startup_stm32h743xx.o(.text)
    EXTI0_IRQHandler                         0x080003c7   Thumb Code     0  startup_stm32h743xx.o(.text)
    EXTI15_10_IRQHandler                     0x080003c7   Thumb Code     0  startup_stm32h743xx.o(.text)
    EXTI1_IRQHandler                         0x080003c7   Thumb Code     0  startup_stm32h743xx.o(.text)
    EXTI2_IRQHandler                         0x080003c7   Thumb Code     0  startup_stm32h743xx.o(.text)
    EXTI3_IRQHandler                         0x080003c7   Thumb Code     0  startup_stm32h743xx.o(.text)
    EXTI4_IRQHandler                         0x080003c7   Thumb Code     0  startup_stm32h743xx.o(.text)
    EXTI9_5_IRQHandler                       0x080003c7   Thumb Code     0  startup_stm32h743xx.o(.text)
    FDCAN1_IT0_IRQHandler                    0x080003c7   Thumb Code     0  startup_stm32h743xx.o(.text)
    FDCAN1_IT1_IRQHandler                    0x080003c7   Thumb Code     0  startup_stm32h743xx.o(.text)
    FDCAN2_IT0_IRQHandler                    0x080003c7   Thumb Code     0  startup_stm32h743xx.o(.text)
    FDCAN2_IT1_IRQHandler                    0x080003c7   Thumb Code     0  startup_stm32h743xx.o(.text)
    FDCAN_CAL_IRQHandler                     0x080003c7   Thumb Code     0  startup_stm32h743xx.o(.text)
    FLASH_IRQHandler                         0x080003c7   Thumb Code     0  startup_stm32h743xx.o(.text)
    FMC_IRQHandler                           0x080003c7   Thumb Code     0  startup_stm32h743xx.o(.text)
    FPU_IRQHandler                           0x080003c7   Thumb Code     0  startup_stm32h743xx.o(.text)
    HRTIM1_FLT_IRQHandler                    0x080003c7   Thumb Code     0  startup_stm32h743xx.o(.text)
    HRTIM1_Master_IRQHandler                 0x080003c7   Thumb Code     0  startup_stm32h743xx.o(.text)
    HRTIM1_TIMA_IRQHandler                   0x080003c7   Thumb Code     0  startup_stm32h743xx.o(.text)
    HRTIM1_TIMB_IRQHandler                   0x080003c7   Thumb Code     0  startup_stm32h743xx.o(.text)
    HRTIM1_TIMC_IRQHandler                   0x080003c7   Thumb Code     0  startup_stm32h743xx.o(.text)
    HRTIM1_TIMD_IRQHandler                   0x080003c7   Thumb Code     0  startup_stm32h743xx.o(.text)
    HRTIM1_TIME_IRQHandler                   0x080003c7   Thumb Code     0  startup_stm32h743xx.o(.text)
    HSEM1_IRQHandler                         0x080003c7   Thumb Code     0  startup_stm32h743xx.o(.text)
    I2C1_ER_IRQHandler                       0x080003c7   Thumb Code     0  startup_stm32h743xx.o(.text)
    I2C1_EV_IRQHandler                       0x080003c7   Thumb Code     0  startup_stm32h743xx.o(.text)
    I2C2_ER_IRQHandler                       0x080003c7   Thumb Code     0  startup_stm32h743xx.o(.text)
    I2C2_EV_IRQHandler                       0x080003c7   Thumb Code     0  startup_stm32h743xx.o(.text)
    I2C3_ER_IRQHandler                       0x080003c7   Thumb Code     0  startup_stm32h743xx.o(.text)
    I2C3_EV_IRQHandler                       0x080003c7   Thumb Code     0  startup_stm32h743xx.o(.text)
    I2C4_ER_IRQHandler                       0x080003c7   Thumb Code     0  startup_stm32h743xx.o(.text)
    I2C4_EV_IRQHandler                       0x080003c7   Thumb Code     0  startup_stm32h743xx.o(.text)
    JPEG_IRQHandler                          0x080003c7   Thumb Code     0  startup_stm32h743xx.o(.text)
    LPTIM1_IRQHandler                        0x080003c7   Thumb Code     0  startup_stm32h743xx.o(.text)
    LPTIM2_IRQHandler                        0x080003c7   Thumb Code     0  startup_stm32h743xx.o(.text)
    LPTIM3_IRQHandler                        0x080003c7   Thumb Code     0  startup_stm32h743xx.o(.text)
    LPTIM4_IRQHandler                        0x080003c7   Thumb Code     0  startup_stm32h743xx.o(.text)
    LPTIM5_IRQHandler                        0x080003c7   Thumb Code     0  startup_stm32h743xx.o(.text)
    LPUART1_IRQHandler                       0x080003c7   Thumb Code     0  startup_stm32h743xx.o(.text)
    LTDC_ER_IRQHandler                       0x080003c7   Thumb Code     0  startup_stm32h743xx.o(.text)
    LTDC_IRQHandler                          0x080003c7   Thumb Code     0  startup_stm32h743xx.o(.text)
    MDIOS_IRQHandler                         0x080003c7   Thumb Code     0  startup_stm32h743xx.o(.text)
    MDIOS_WKUP_IRQHandler                    0x080003c7   Thumb Code     0  startup_stm32h743xx.o(.text)
    MDMA_IRQHandler                          0x080003c7   Thumb Code     0  startup_stm32h743xx.o(.text)
    OTG_FS_EP1_IN_IRQHandler                 0x080003c7   Thumb Code     0  startup_stm32h743xx.o(.text)
    OTG_FS_EP1_OUT_IRQHandler                0x080003c7   Thumb Code     0  startup_stm32h743xx.o(.text)
    OTG_FS_IRQHandler                        0x080003c7   Thumb Code     0  startup_stm32h743xx.o(.text)
    OTG_FS_WKUP_IRQHandler                   0x080003c7   Thumb Code     0  startup_stm32h743xx.o(.text)
    OTG_HS_EP1_IN_IRQHandler                 0x080003c7   Thumb Code     0  startup_stm32h743xx.o(.text)
    OTG_HS_EP1_OUT_IRQHandler                0x080003c7   Thumb Code     0  startup_stm32h743xx.o(.text)
    OTG_HS_IRQHandler                        0x080003c7   Thumb Code     0  startup_stm32h743xx.o(.text)
    OTG_HS_WKUP_IRQHandler                   0x080003c7   Thumb Code     0  startup_stm32h743xx.o(.text)
    PVD_AVD_IRQHandler                       0x080003c7   Thumb Code     0  startup_stm32h743xx.o(.text)
    QUADSPI_IRQHandler                       0x080003c7   Thumb Code     0  startup_stm32h743xx.o(.text)
    RCC_IRQHandler                           0x080003c7   Thumb Code     0  startup_stm32h743xx.o(.text)
    RNG_IRQHandler                           0x080003c7   Thumb Code     0  startup_stm32h743xx.o(.text)
    RTC_Alarm_IRQHandler                     0x080003c7   Thumb Code     0  startup_stm32h743xx.o(.text)
    RTC_WKUP_IRQHandler                      0x080003c7   Thumb Code     0  startup_stm32h743xx.o(.text)
    SAI1_IRQHandler                          0x080003c7   Thumb Code     0  startup_stm32h743xx.o(.text)
    SAI2_IRQHandler                          0x080003c7   Thumb Code     0  startup_stm32h743xx.o(.text)
    SAI3_IRQHandler                          0x080003c7   Thumb Code     0  startup_stm32h743xx.o(.text)
    SAI4_IRQHandler                          0x080003c7   Thumb Code     0  startup_stm32h743xx.o(.text)
    SDMMC1_IRQHandler                        0x080003c7   Thumb Code     0  startup_stm32h743xx.o(.text)
    SDMMC2_IRQHandler                        0x080003c7   Thumb Code     0  startup_stm32h743xx.o(.text)
    SPDIF_RX_IRQHandler                      0x080003c7   Thumb Code     0  startup_stm32h743xx.o(.text)
    SPI1_IRQHandler                          0x080003c7   Thumb Code     0  startup_stm32h743xx.o(.text)
    SPI2_IRQHandler                          0x080003c7   Thumb Code     0  startup_stm32h743xx.o(.text)
    SPI3_IRQHandler                          0x080003c7   Thumb Code     0  startup_stm32h743xx.o(.text)
    SPI4_IRQHandler                          0x080003c7   Thumb Code     0  startup_stm32h743xx.o(.text)
    SPI5_IRQHandler                          0x080003c7   Thumb Code     0  startup_stm32h743xx.o(.text)
    SPI6_IRQHandler                          0x080003c7   Thumb Code     0  startup_stm32h743xx.o(.text)
    SWPMI1_IRQHandler                        0x080003c7   Thumb Code     0  startup_stm32h743xx.o(.text)
    TAMP_STAMP_IRQHandler                    0x080003c7   Thumb Code     0  startup_stm32h743xx.o(.text)
    TIM15_IRQHandler                         0x080003c7   Thumb Code     0  startup_stm32h743xx.o(.text)
    TIM16_IRQHandler                         0x080003c7   Thumb Code     0  startup_stm32h743xx.o(.text)
    TIM17_IRQHandler                         0x080003c7   Thumb Code     0  startup_stm32h743xx.o(.text)
    TIM1_BRK_IRQHandler                      0x080003c7   Thumb Code     0  startup_stm32h743xx.o(.text)
    TIM1_CC_IRQHandler                       0x080003c7   Thumb Code     0  startup_stm32h743xx.o(.text)
    TIM1_TRG_COM_IRQHandler                  0x080003c7   Thumb Code     0  startup_stm32h743xx.o(.text)
    TIM1_UP_IRQHandler                       0x080003c7   Thumb Code     0  startup_stm32h743xx.o(.text)
    TIM2_IRQHandler                          0x080003c7   Thumb Code     0  startup_stm32h743xx.o(.text)
    TIM3_IRQHandler                          0x080003c7   Thumb Code     0  startup_stm32h743xx.o(.text)
    TIM4_IRQHandler                          0x080003c7   Thumb Code     0  startup_stm32h743xx.o(.text)
    TIM5_IRQHandler                          0x080003c7   Thumb Code     0  startup_stm32h743xx.o(.text)
    TIM6_DAC_IRQHandler                      0x080003c7   Thumb Code     0  startup_stm32h743xx.o(.text)
    TIM7_IRQHandler                          0x080003c7   Thumb Code     0  startup_stm32h743xx.o(.text)
    TIM8_BRK_TIM12_IRQHandler                0x080003c7   Thumb Code     0  startup_stm32h743xx.o(.text)
    TIM8_CC_IRQHandler                       0x080003c7   Thumb Code     0  startup_stm32h743xx.o(.text)
    TIM8_TRG_COM_TIM14_IRQHandler            0x080003c7   Thumb Code     0  startup_stm32h743xx.o(.text)
    TIM8_UP_TIM13_IRQHandler                 0x080003c7   Thumb Code     0  startup_stm32h743xx.o(.text)
    UART4_IRQHandler                         0x080003c7   Thumb Code     0  startup_stm32h743xx.o(.text)
    UART5_IRQHandler                         0x080003c7   Thumb Code     0  startup_stm32h743xx.o(.text)
    UART7_IRQHandler                         0x080003c7   Thumb Code     0  startup_stm32h743xx.o(.text)
    UART8_IRQHandler                         0x080003c7   Thumb Code     0  startup_stm32h743xx.o(.text)
    USART1_IRQHandler                        0x080003c7   Thumb Code     0  startup_stm32h743xx.o(.text)
    USART2_IRQHandler                        0x080003c7   Thumb Code     0  startup_stm32h743xx.o(.text)
    USART3_IRQHandler                        0x080003c7   Thumb Code     0  startup_stm32h743xx.o(.text)
    USART6_IRQHandler                        0x080003c7   Thumb Code     0  startup_stm32h743xx.o(.text)
    WAKEUP_PIN_IRQHandler                    0x080003c7   Thumb Code     0  startup_stm32h743xx.o(.text)
    WWDG_IRQHandler                          0x080003c7   Thumb Code     0  startup_stm32h743xx.o(.text)
    __user_initial_stackheap                 0x080003c9   Thumb Code     0  startup_stm32h743xx.o(.text)
    __aeabi_memclr4                          0x080003ed   Thumb Code     0  rt_memclr_w.o(.text)
    __aeabi_memclr8                          0x080003ed   Thumb Code     0  rt_memclr_w.o(.text)
    __rt_memclr_w                            0x080003ed   Thumb Code     0  rt_memclr_w.o(.text)
    _memset_w                                0x080003f1   Thumb Code    74  rt_memclr_w.o(.text)
    __use_two_region_memory                  0x0800043b   Thumb Code     2  heapauxi.o(.text)
    __rt_heap_escrow$2region                 0x0800043d   Thumb Code     2  heapauxi.o(.text)
    __rt_heap_expand$2region                 0x0800043f   Thumb Code     2  heapauxi.o(.text)
    __user_setup_stackheap                   0x08000441   Thumb Code    74  sys_stackheap_outer.o(.text)
    exit                                     0x0800048b   Thumb Code    18  exit.o(.text)
    __user_libspace                          0x0800049d   Thumb Code     8  libspace.o(.text)
    __user_perproc_libspace                  0x0800049d   Thumb Code     0  libspace.o(.text)
    __user_perthread_libspace                0x0800049d   Thumb Code     0  libspace.o(.text)
    _sys_exit                                0x080004a5   Thumb Code     8  sys_exit.o(.text)
    __I$use$semihosting                      0x080004b1   Thumb Code     0  use_no_semi.o(.text)
    __use_no_semihosting_swi                 0x080004b1   Thumb Code     2  use_no_semi.o(.text)
    __semihosting_library_function           0x080004b3   Thumb Code     0  indicate_semi.o(.text)
    AD9910_Init                              0x080004b9   Thumb Code   354  myad9910.o(.text.AD9910_Init)
    AD9910_RAM_PLO_WAVE_Set                  0x08000621   Thumb Code   538  myad9910.o(.text.AD9910_RAM_PLO_WAVE_Set)
    BusFault_Handler                         0x08000841   Thumb Code     4  stm32h7xx_it.o(.text.BusFault_Handler)
    DebugMon_Handler                         0x08000849   Thumb Code     2  stm32h7xx_it.o(.text.DebugMon_Handler)
    Delay_ns                                 0x08000851   Thumb Code    32  myad9910.o(.text.Delay_ns)
    Error_Handler                            0x08000871   Thumb Code    14  main.o(.text.Error_Handler)
    HAL_GPIO_Init                            0x08000881   Thumb Code   964  stm32h7xx_hal_gpio.o(.text.HAL_GPIO_Init)
    HAL_GPIO_WritePin                        0x08000c49   Thumb Code    46  stm32h7xx_hal_gpio.o(.text.HAL_GPIO_WritePin)
    HAL_GetREVID                             0x08000c79   Thumb Code    14  stm32h7xx_hal.o(.text.HAL_GetREVID)
    HAL_GetTick                              0x08000c89   Thumb Code    12  stm32h7xx_hal.o(.text.HAL_GetTick)
    HAL_IncTick                              0x08000c99   Thumb Code    26  stm32h7xx_hal.o(.text.HAL_IncTick)
    HAL_Init                                 0x08000cb9   Thumb Code   122  stm32h7xx_hal.o(.text.HAL_Init)
    HAL_InitTick                             0x08000d39   Thumb Code   134  stm32h7xx_hal.o(.text.HAL_InitTick)
    HAL_MspInit                              0x08000dc1   Thumb Code    36  stm32h7xx_hal_msp.o(.text.HAL_MspInit)
    HAL_NVIC_SetPriority                     0x08000de9   Thumb Code    46  stm32h7xx_hal_cortex.o(.text.HAL_NVIC_SetPriority)
    HAL_NVIC_SetPriorityGrouping             0x08000e19   Thumb Code    16  stm32h7xx_hal_cortex.o(.text.HAL_NVIC_SetPriorityGrouping)
    HAL_PWREx_ConfigSupply                   0x08000e29   Thumb Code   162  stm32h7xx_hal_pwr_ex.o(.text.HAL_PWREx_ConfigSupply)
    HAL_RCC_ClockConfig                      0x08000ed1   Thumb Code  1176  stm32h7xx_hal_rcc.o(.text.HAL_RCC_ClockConfig)
    HAL_RCC_GetSysClockFreq                  0x08001369   Thumb Code   768  stm32h7xx_hal_rcc.o(.text.HAL_RCC_GetSysClockFreq)
    HAL_RCC_OscConfig                        0x08001679   Thumb Code  2904  stm32h7xx_hal_rcc.o(.text.HAL_RCC_OscConfig)
    HAL_SYSTICK_Config                       0x080021d1   Thumb Code    16  stm32h7xx_hal_cortex.o(.text.HAL_SYSTICK_Config)
    HardFault_Handler                        0x080021e1   Thumb Code     4  stm32h7xx_it.o(.text.HardFault_Handler)
    MX_GPIO_Init                             0x080021e9   Thumb Code   366  gpio.o(.text.MX_GPIO_Init)
    MemManage_Handler                        0x08002359   Thumb Code     4  stm32h7xx_it.o(.text.MemManage_Handler)
    NMI_Handler                              0x08002361   Thumb Code     4  stm32h7xx_it.o(.text.NMI_Handler)
    PendSV_Handler                           0x080023d9   Thumb Code     2  stm32h7xx_it.o(.text.PendSV_Handler)
    SVC_Handler                              0x080023e1   Thumb Code     2  stm32h7xx_it.o(.text.SVC_Handler)
    SysTick_Handler                          0x08002441   Thumb Code     8  stm32h7xx_it.o(.text.SysTick_Handler)
    SystemClock_Config                       0x08002449   Thumb Code   344  main.o(.text.SystemClock_Config)
    SystemInit                               0x080025a1   Thumb Code   352  system_stm32h7xx.o(.text.SystemInit)
    UsageFault_Handler                       0x08002701   Thumb Code     4  stm32h7xx_it.o(.text.UsageFault_Handler)
    Write_32bit                              0x08002709   Thumb Code   148  myad9910.o(.text.Write_32bit)
    Write_8bit                               0x080027a1   Thumb Code   158  myad9910.o(.text.Write_8bit)
    main                                     0x080028d9   Thumb Code    34  main.o(.text.main)
    _fp_init                                 0x080028fb   Thumb Code    26  fpinit.o(x$fpl$fpinit)
    __fplib_config_fpu_vfp                   0x08002913   Thumb Code     0  fpinit.o(x$fpl$fpinit)
    __fplib_config_pureend_doubles           0x08002913   Thumb Code     0  fpinit.o(x$fpl$fpinit)
    D1CorePrescTable                         0x08002914   Data          16  system_stm32h7xx.o(.rodata.D1CorePrescTable)
    RAM_AMP_TRIG_WAVE                        0x08002924   Data        4096  myad9910.o(.rodata.RAM_AMP_TRIG_WAVE)
    Region$$Table$$Base                      0x08003924   Number         0  anon$$obj.o(Region$$Table)
    Region$$Table$$Limit                     0x08003944   Number         0  anon$$obj.o(Region$$Table)
    CFR1                                     0x24000000   Data           4  myad9910.o(.data.CFR1)
    CFR2                                     0x24000004   Data           4  myad9910.o(.data.CFR2)
    CFR3                                     0x24000008   Data           4  myad9910.o(.data.CFR3)
    RAM_POL_SINE_WAVE                        0x2400000c   Data        4096  myad9910.o(.data.RAM_POL_SINE_WAVE)
    RAM_POL_SQUARE_WAVE                      0x2400100c   Data        4096  myad9910.o(.data.RAM_POL_SQUARE_WAVE)
    RAM_POL_TRIG_WAVE                        0x2400200c   Data        4096  myad9910.o(.data.RAM_POL_TRIG_WAVE)
    SystemCoreClock                          0x2400300c   Data           4  system_stm32h7xx.o(.data.SystemCoreClock)
    SystemD2Clock                            0x24003010   Data           4  system_stm32h7xx.o(.data.SystemD2Clock)
    uwTickFreq                               0x24003014   Data           1  stm32h7xx_hal.o(.data.uwTickFreq)
    uwTickPrio                               0x24003018   Data           4  stm32h7xx_hal.o(.data.uwTickPrio)
    __libspace_start                         0x24003020   Data          96  libspace.o(.bss)
    __temporary_stack_top$libspace           0x24003080   Data           0  libspace.o(.bss)
    uwTick                                   0x24003080   Data           4  stm32h7xx_hal.o(.bss.uwTick)



==============================================================================

Memory Map of the image

  Image Entry point : 0x08000299

  Load Region LR_IROM1 (Base: 0x08000000, Size: 0x00006968, Max: 0x00200000, ABSOLUTE, COMPRESSED[0x000051a8])

    Execution Region ER_IROM1 (Exec base: 0x08000000, Load base: 0x08000000, Size: 0x00003944, Max: 0x00200000, ABSOLUTE)

    Exec Addr    Load Addr    Size         Type   Attr      Idx    E Section Name        Object

    0x08000000   0x08000000   0x00000298   Data   RO            3    RESET               startup_stm32h743xx.o
    0x08000298   0x08000298   0x00000008   Code   RO         1016  * !!!main             c_w.l(__main.o)
    0x080002a0   0x080002a0   0x0000005c   Code   RO         1183    !!!scatter          c_w.l(__scatter.o)
    0x080002fc   0x080002fc   0x00000064   Code   RO         1181    !!dclz77c           c_w.l(__dclz77c.o)
    0x08000360   0x08000360   0x00000002   Code   RO         1184    !!handler_null      c_w.l(__scatter.o)
    0x08000362   0x08000362   0x00000002   PAD
    0x08000364   0x08000364   0x0000001c   Code   RO         1187    !!handler_zi        c_w.l(__scatter_zi.o)
    0x08000380   0x08000380   0x00000002   Code   RO         1043    .ARM.Collect$$libinit$$00000000  c_w.l(libinit.o)
    0x08000382   0x08000382   0x00000004   Code   RO         1049    .ARM.Collect$$libinit$$00000001  c_w.l(libinit2.o)
    0x08000386   0x08000386   0x00000000   Code   RO         1052    .ARM.Collect$$libinit$$00000004  c_w.l(libinit2.o)
    0x08000386   0x08000386   0x00000000   Code   RO         1054    .ARM.Collect$$libinit$$00000006  c_w.l(libinit2.o)
    0x08000386   0x08000386   0x00000000   Code   RO         1057    .ARM.Collect$$libinit$$0000000C  c_w.l(libinit2.o)
    0x08000386   0x08000386   0x00000000   Code   RO         1059    .ARM.Collect$$libinit$$0000000E  c_w.l(libinit2.o)
    0x08000386   0x08000386   0x00000000   Code   RO         1061    .ARM.Collect$$libinit$$00000010  c_w.l(libinit2.o)
    0x08000386   0x08000386   0x00000000   Code   RO         1064    .ARM.Collect$$libinit$$00000013  c_w.l(libinit2.o)
    0x08000386   0x08000386   0x00000000   Code   RO         1066    .ARM.Collect$$libinit$$00000015  c_w.l(libinit2.o)
    0x08000386   0x08000386   0x00000000   Code   RO         1068    .ARM.Collect$$libinit$$00000017  c_w.l(libinit2.o)
    0x08000386   0x08000386   0x00000000   Code   RO         1070    .ARM.Collect$$libinit$$00000019  c_w.l(libinit2.o)
    0x08000386   0x08000386   0x00000000   Code   RO         1072    .ARM.Collect$$libinit$$0000001B  c_w.l(libinit2.o)
    0x08000386   0x08000386   0x00000000   Code   RO         1074    .ARM.Collect$$libinit$$0000001D  c_w.l(libinit2.o)
    0x08000386   0x08000386   0x00000000   Code   RO         1076    .ARM.Collect$$libinit$$0000001F  c_w.l(libinit2.o)
    0x08000386   0x08000386   0x00000000   Code   RO         1078    .ARM.Collect$$libinit$$00000021  c_w.l(libinit2.o)
    0x08000386   0x08000386   0x00000000   Code   RO         1080    .ARM.Collect$$libinit$$00000023  c_w.l(libinit2.o)
    0x08000386   0x08000386   0x00000000   Code   RO         1082    .ARM.Collect$$libinit$$00000025  c_w.l(libinit2.o)
    0x08000386   0x08000386   0x00000000   Code   RO         1084    .ARM.Collect$$libinit$$00000027  c_w.l(libinit2.o)
    0x08000386   0x08000386   0x00000000   Code   RO         1088    .ARM.Collect$$libinit$$0000002E  c_w.l(libinit2.o)
    0x08000386   0x08000386   0x00000000   Code   RO         1090    .ARM.Collect$$libinit$$00000030  c_w.l(libinit2.o)
    0x08000386   0x08000386   0x00000000   Code   RO         1092    .ARM.Collect$$libinit$$00000032  c_w.l(libinit2.o)
    0x08000386   0x08000386   0x00000000   Code   RO         1094    .ARM.Collect$$libinit$$00000034  c_w.l(libinit2.o)
    0x08000386   0x08000386   0x00000002   Code   RO         1095    .ARM.Collect$$libinit$$00000035  c_w.l(libinit2.o)
    0x08000388   0x08000388   0x00000002   Code   RO         1117    .ARM.Collect$$libshutdown$$00000000  c_w.l(libshutdown.o)
    0x0800038a   0x0800038a   0x00000000   Code   RO         1132    .ARM.Collect$$libshutdown$$00000002  c_w.l(libshutdown2.o)
    0x0800038a   0x0800038a   0x00000000   Code   RO         1134    .ARM.Collect$$libshutdown$$00000004  c_w.l(libshutdown2.o)
    0x0800038a   0x0800038a   0x00000000   Code   RO         1137    .ARM.Collect$$libshutdown$$00000007  c_w.l(libshutdown2.o)
    0x0800038a   0x0800038a   0x00000000   Code   RO         1140    .ARM.Collect$$libshutdown$$0000000A  c_w.l(libshutdown2.o)
    0x0800038a   0x0800038a   0x00000000   Code   RO         1142    .ARM.Collect$$libshutdown$$0000000C  c_w.l(libshutdown2.o)
    0x0800038a   0x0800038a   0x00000000   Code   RO         1145    .ARM.Collect$$libshutdown$$0000000F  c_w.l(libshutdown2.o)
    0x0800038a   0x0800038a   0x00000002   Code   RO         1146    .ARM.Collect$$libshutdown$$00000010  c_w.l(libshutdown2.o)
    0x0800038c   0x0800038c   0x00000000   Code   RO         1018    .ARM.Collect$$rtentry$$00000000  c_w.l(__rtentry.o)
    0x0800038c   0x0800038c   0x00000000   Code   RO         1020    .ARM.Collect$$rtentry$$00000002  c_w.l(__rtentry2.o)
    0x0800038c   0x0800038c   0x00000006   Code   RO         1032    .ARM.Collect$$rtentry$$00000004  c_w.l(__rtentry4.o)
    0x08000392   0x08000392   0x00000000   Code   RO         1022    .ARM.Collect$$rtentry$$00000009  c_w.l(__rtentry2.o)
    0x08000392   0x08000392   0x00000004   Code   RO         1023    .ARM.Collect$$rtentry$$0000000A  c_w.l(__rtentry2.o)
    0x08000396   0x08000396   0x00000000   Code   RO         1025    .ARM.Collect$$rtentry$$0000000C  c_w.l(__rtentry2.o)
    0x08000396   0x08000396   0x00000008   Code   RO         1026    .ARM.Collect$$rtentry$$0000000D  c_w.l(__rtentry2.o)
    0x0800039e   0x0800039e   0x00000002   Code   RO         1047    .ARM.Collect$$rtexit$$00000000  c_w.l(rtexit.o)
    0x080003a0   0x080003a0   0x00000000   Code   RO         1097    .ARM.Collect$$rtexit$$00000002  c_w.l(rtexit2.o)
    0x080003a0   0x080003a0   0x00000004   Code   RO         1098    .ARM.Collect$$rtexit$$00000003  c_w.l(rtexit2.o)
    0x080003a4   0x080003a4   0x00000006   Code   RO         1099    .ARM.Collect$$rtexit$$00000004  c_w.l(rtexit2.o)
    0x080003aa   0x080003aa   0x00000002   PAD
    0x080003ac   0x080003ac   0x00000040   Code   RO            4    .text               startup_stm32h743xx.o
    0x080003ec   0x080003ec   0x0000004e   Code   RO         1012    .text               c_w.l(rt_memclr_w.o)
    0x0800043a   0x0800043a   0x00000006   Code   RO         1014    .text               c_w.l(heapauxi.o)
    0x08000440   0x08000440   0x0000004a   Code   RO         1034    .text               c_w.l(sys_stackheap_outer.o)
    0x0800048a   0x0800048a   0x00000012   Code   RO         1036    .text               c_w.l(exit.o)
    0x0800049c   0x0800049c   0x00000008   Code   RO         1044    .text               c_w.l(libspace.o)
    0x080004a4   0x080004a4   0x0000000c   Code   RO         1107    .text               c_w.l(sys_exit.o)
    0x080004b0   0x080004b0   0x00000002   Code   RO         1122    .text               c_w.l(use_no_semi.o)
    0x080004b2   0x080004b2   0x00000000   Code   RO         1124    .text               c_w.l(indicate_semi.o)
    0x080004b2   0x080004b2   0x00000006   PAD
    0x080004b8   0x080004b8   0x00000162   Code   RO          978    .text.AD9910_Init   myad9910.o
    0x0800061a   0x0800061a   0x00000006   PAD
    0x08000620   0x08000620   0x0000021a   Code   RO          990    .text.AD9910_RAM_PLO_WAVE_Set  myad9910.o
    0x0800083a   0x0800083a   0x00000006   PAD
    0x08000840   0x08000840   0x00000004   Code   RO           40    .text.BusFault_Handler  stm32h7xx_it.o
    0x08000844   0x08000844   0x00000004   PAD
    0x08000848   0x08000848   0x00000002   Code   RO           46    .text.DebugMon_Handler  stm32h7xx_it.o
    0x0800084a   0x0800084a   0x00000006   PAD
    0x08000850   0x08000850   0x00000020   Code   RO          972    .text.Delay_ns      myad9910.o
    0x08000870   0x08000870   0x0000000e   Code   RO           15    .text.Error_Handler  main.o
    0x0800087e   0x0800087e   0x00000002   PAD
    0x08000880   0x08000880   0x000003c4   Code   RO          341    .text.HAL_GPIO_Init  stm32h7xx_hal_gpio.o
    0x08000c44   0x08000c44   0x00000004   PAD
    0x08000c48   0x08000c48   0x0000002e   Code   RO          347    .text.HAL_GPIO_WritePin  stm32h7xx_hal_gpio.o
    0x08000c76   0x08000c76   0x00000002   PAD
    0x08000c78   0x08000c78   0x0000000e   Code   RO          665    .text.HAL_GetREVID  stm32h7xx_hal.o
    0x08000c86   0x08000c86   0x00000002   PAD
    0x08000c88   0x08000c88   0x0000000c   Code   RO          649    .text.HAL_GetTick   stm32h7xx_hal.o
    0x08000c94   0x08000c94   0x00000004   PAD
    0x08000c98   0x08000c98   0x0000001a   Code   RO          647    .text.HAL_IncTick   stm32h7xx_hal.o
    0x08000cb2   0x08000cb2   0x00000006   PAD
    0x08000cb8   0x08000cb8   0x0000007a   Code   RO          637    .text.HAL_Init      stm32h7xx_hal.o
    0x08000d32   0x08000d32   0x00000006   PAD
    0x08000d38   0x08000d38   0x00000086   Code   RO          639    .text.HAL_InitTick  stm32h7xx_hal.o
    0x08000dbe   0x08000dbe   0x00000002   PAD
    0x08000dc0   0x08000dc0   0x00000024   Code   RO           59    .text.HAL_MspInit   stm32h7xx_hal_msp.o
    0x08000de4   0x08000de4   0x00000004   PAD
    0x08000de8   0x08000de8   0x0000002e   Code   RO           71    .text.HAL_NVIC_SetPriority  stm32h7xx_hal_cortex.o
    0x08000e16   0x08000e16   0x00000002   PAD
    0x08000e18   0x08000e18   0x00000010   Code   RO           67    .text.HAL_NVIC_SetPriorityGrouping  stm32h7xx_hal_cortex.o
    0x08000e28   0x08000e28   0x000000a2   Code   RO          550    .text.HAL_PWREx_ConfigSupply  stm32h7xx_hal_pwr_ex.o
    0x08000eca   0x08000eca   0x00000006   PAD
    0x08000ed0   0x08000ed0   0x00000498   Code   RO          148    .text.HAL_RCC_ClockConfig  stm32h7xx_hal_rcc.o
    0x08001368   0x08001368   0x00000310   Code   RO          150    .text.HAL_RCC_GetSysClockFreq  stm32h7xx_hal_rcc.o
    0x08001678   0x08001678   0x00000b58   Code   RO          146    .text.HAL_RCC_OscConfig  stm32h7xx_hal_rcc.o
    0x080021d0   0x080021d0   0x00000010   Code   RO           91    .text.HAL_SYSTICK_Config  stm32h7xx_hal_cortex.o
    0x080021e0   0x080021e0   0x00000004   Code   RO           36    .text.HardFault_Handler  stm32h7xx_it.o
    0x080021e4   0x080021e4   0x00000004   PAD
    0x080021e8   0x080021e8   0x0000016e   Code   RO           25    .text.MX_GPIO_Init  gpio.o
    0x08002356   0x08002356   0x00000002   PAD
    0x08002358   0x08002358   0x00000004   Code   RO           38    .text.MemManage_Handler  stm32h7xx_it.o
    0x0800235c   0x0800235c   0x00000004   PAD
    0x08002360   0x08002360   0x00000004   Code   RO           34    .text.NMI_Handler   stm32h7xx_it.o
    0x08002364   0x08002364   0x00000004   PAD
    0x08002368   0x08002368   0x0000006c   Code   RO           77    .text.NVIC_EncodePriority  stm32h7xx_hal_cortex.o
    0x080023d4   0x080023d4   0x00000004   PAD
    0x080023d8   0x080023d8   0x00000002   Code   RO           48    .text.PendSV_Handler  stm32h7xx_it.o
    0x080023da   0x080023da   0x00000006   PAD
    0x080023e0   0x080023e0   0x00000002   Code   RO           44    .text.SVC_Handler   stm32h7xx_it.o
    0x080023e2   0x080023e2   0x00000006   PAD
    0x080023e8   0x080023e8   0x00000052   Code   RO           93    .text.SysTick_Config  stm32h7xx_hal_cortex.o
    0x0800243a   0x0800243a   0x00000006   PAD
    0x08002440   0x08002440   0x00000008   Code   RO           50    .text.SysTick_Handler  stm32h7xx_it.o
    0x08002448   0x08002448   0x00000158   Code   RO           13    .text.SystemClock_Config  main.o
    0x080025a0   0x080025a0   0x00000160   Code   RO          958    .text.SystemInit    system_stm32h7xx.o
    0x08002700   0x08002700   0x00000004   Code   RO           42    .text.UsageFault_Handler  stm32h7xx_it.o
    0x08002704   0x08002704   0x00000004   PAD
    0x08002708   0x08002708   0x00000094   Code   RO          976    .text.Write_32bit   myad9910.o
    0x0800279c   0x0800279c   0x00000004   PAD
    0x080027a0   0x080027a0   0x0000009e   Code   RO          974    .text.Write_8bit    myad9910.o
    0x0800283e   0x0800283e   0x00000002   PAD
    0x08002840   0x08002840   0x00000010   Code   RO           73    .text.__NVIC_GetPriorityGrouping  stm32h7xx_hal_cortex.o
    0x08002850   0x08002850   0x00000042   Code   RO           75    .text.__NVIC_SetPriority  stm32h7xx_hal_cortex.o
    0x08002892   0x08002892   0x00000006   PAD
    0x08002898   0x08002898   0x0000003c   Code   RO           69    .text.__NVIC_SetPriorityGrouping  stm32h7xx_hal_cortex.o
    0x080028d4   0x080028d4   0x00000004   PAD
    0x080028d8   0x080028d8   0x00000022   Code   RO           11    .text.main          main.o
    0x080028fa   0x080028fa   0x0000001a   Code   RO         1105    x$fpl$fpinit        fz_wv.l(fpinit.o)
    0x08002914   0x08002914   0x00000010   Data   RO          964    .rodata.D1CorePrescTable  system_stm32h7xx.o
    0x08002924   0x08002924   0x00001000   Data   RO          995    .rodata.RAM_AMP_TRIG_WAVE  myad9910.o
    0x08003924   0x08003924   0x00000020   Data   RO         1180    Region$$Table       anon$$obj.o


    Execution Region RW_IRAM1 (Exec base: 0x20000000, Load base: 0x08003944, Size: 0x00000000, Max: 0x00020000, ABSOLUTE)

    **** No section assigned to this execution region ****


    Execution Region RW_IRAM2 (Exec base: 0x24000000, Load base: 0x08003948, Size: 0x00003688, Max: 0x00080000, ABSOLUTE, COMPRESSED[0x00001860])

    Exec Addr    Load Addr    Size         Type   Attr      Idx    E Section Name        Object

    0x24000000   COMPRESSED   0x00000004   Data   RW          992    .data.CFR1          myad9910.o
    0x24000004   COMPRESSED   0x00000004   Data   RW          993    .data.CFR2          myad9910.o
    0x24000008   COMPRESSED   0x00000004   Data   RW          994    .data.CFR3          myad9910.o
    0x2400000c   COMPRESSED   0x00001000   Data   RW         1000    .data.RAM_POL_SINE_WAVE  myad9910.o
    0x2400100c   COMPRESSED   0x00001000   Data   RW          999    .data.RAM_POL_SQUARE_WAVE  myad9910.o
    0x2400200c   COMPRESSED   0x00001000   Data   RW          998    .data.RAM_POL_TRIG_WAVE  myad9910.o
    0x2400300c   COMPRESSED   0x00000004   Data   RW          962    .data.SystemCoreClock  system_stm32h7xx.o
    0x24003010   COMPRESSED   0x00000004   Data   RW          963    .data.SystemD2Clock  system_stm32h7xx.o
    0x24003014   COMPRESSED   0x00000001   Data   RW          734    .data.uwTickFreq    stm32h7xx_hal.o
    0x24003015   COMPRESSED   0x00000003   PAD
    0x24003018   COMPRESSED   0x00000004   Data   RW          733    .data.uwTickPrio    stm32h7xx_hal.o
    0x2400301c   COMPRESSED   0x00000004   PAD
    0x24003020        -       0x00000060   Zero   RW         1045    .bss                c_w.l(libspace.o)
    0x24003080        -       0x00000004   Zero   RW          735    .bss.uwTick         stm32h7xx_hal.o
    0x24003084   COMPRESSED   0x00000004   PAD
    0x24003088        -       0x00000200   Zero   RW            2    HEAP                startup_stm32h743xx.o
    0x24003288        -       0x00000400   Zero   RW            1    STACK               startup_stm32h743xx.o


==============================================================================

Image component sizes


      Code (inc. data)   RO Data    RW Data    ZI Data      Debug   Object Name

       366          0          0          0          0       3060   gpio.o
       392          0          0          0          0       4665   main.o
      1230          0       4096      12300          0       6208   myad9910.o
        64         26        664          0       1536        836   startup_stm32h743xx.o
       308          0          0          5          4      13784   stm32h7xx_hal.o
       410          0          0          0          0      11585   stm32h7xx_hal_cortex.o
      1010          0          0          0          0       7011   stm32h7xx_hal_gpio.o
        36          0          0          0          0       2246   stm32h7xx_hal_msp.o
       162          0          0          0          0      10387   stm32h7xx_hal_pwr_ex.o
      4864         66          0          0          0      11913   stm32h7xx_hal_rcc.o
        34          0          0          0          0       1017   stm32h7xx_it.o
       352          0         16          8          0       5823   system_stm32h7xx.o

    ----------------------------------------------------------------------
      9346         92       4808      12316       1548      78535   Object Totals
         0          0         32          0          0          0   (incl. Generated)
       118          0          0          3          8          0   (incl. Padding)

    ----------------------------------------------------------------------

      Code (inc. data)   RO Data    RW Data    ZI Data      Debug   Library Member Name

       100          0          0          0          0          0   __dclz77c.o
         8          0          0          0          0         68   __main.o
         0          0          0          0          0          0   __rtentry.o
        12          0          0          0          0          0   __rtentry2.o
         6          0          0          0          0          0   __rtentry4.o
        94          8          0          0          0          0   __scatter.o
        28          0          0          0          0          0   __scatter_zi.o
        18          0          0          0          0         80   exit.o
         6          0          0          0          0        152   heapauxi.o
         0          0          0          0          0          0   indicate_semi.o
         2          0          0          0          0          0   libinit.o
         6          0          0          0          0          0   libinit2.o
         2          0          0          0          0          0   libshutdown.o
         2          0          0          0          0          0   libshutdown2.o
         8          4          0          0         96         68   libspace.o
        78          0          0          0          0         80   rt_memclr_w.o
         2          0          0          0          0          0   rtexit.o
        10          0          0          0          0          0   rtexit2.o
        12          4          0          0          0         68   sys_exit.o
        74          0          0          0          0         80   sys_stackheap_outer.o
         2          0          0          0          0         68   use_no_semi.o
        26          0          0          0          0        116   fpinit.o

    ----------------------------------------------------------------------
       506         16          0          0         96        780   Library Totals
        10          0          0          0          0          0   (incl. Padding)

    ----------------------------------------------------------------------

      Code (inc. data)   RO Data    RW Data    ZI Data      Debug   Library Name

       470         16          0          0         96        664   c_w.l
        26          0          0          0          0        116   fz_wv.l

    ----------------------------------------------------------------------
       506         16          0          0         96        780   Library Totals

    ----------------------------------------------------------------------

==============================================================================


      Code (inc. data)   RO Data    RW Data    ZI Data      Debug   

      9852        108       4808      12316       1644      78975   Grand Totals
      9852        108       4808       6240       1644      78975   ELF Image Totals (compressed)
      9852        108       4808       6240          0          0   ROM Totals

==============================================================================

    Total RO  Size (Code + RO Data)                14660 (  14.32kB)
    Total RW  Size (RW Data + ZI Data)             13960 (  13.63kB)
    Total ROM Size (Code + RO Data + RW Data)      20900 (  20.41kB)

==============================================================================

