Component: Arm Compiler for Embedded 6.22 Tool: armlink [5ee90200]

==============================================================================

Section Cross References

    startup_stm32h743xx.o(RESET) refers to startup_stm32h743xx.o(STACK) for __initial_sp
    startup_stm32h743xx.o(RESET) refers to startup_stm32h743xx.o(.text) for Reset_Handler
    startup_stm32h743xx.o(RESET) refers to stm32h7xx_it.o(.text.NMI_Handler) for NMI_Handler
    startup_stm32h743xx.o(RESET) refers to stm32h7xx_it.o(.text.HardFault_Handler) for HardFault_Handler
    startup_stm32h743xx.o(RESET) refers to stm32h7xx_it.o(.text.MemManage_Handler) for MemManage_Handler
    startup_stm32h743xx.o(RESET) refers to stm32h7xx_it.o(.text.BusFault_Handler) for BusFault_Handler
    startup_stm32h743xx.o(RESET) refers to stm32h7xx_it.o(.text.UsageFault_Handler) for UsageFault_Handler
    startup_stm32h743xx.o(RESET) refers to stm32h7xx_it.o(.text.SVC_Handler) for SVC_Handler
    startup_stm32h743xx.o(RESET) refers to stm32h7xx_it.o(.text.DebugMon_Handler) for DebugMon_Handler
    startup_stm32h743xx.o(RESET) refers to stm32h7xx_it.o(.text.PendSV_Handler) for PendSV_Handler
    startup_stm32h743xx.o(RESET) refers to stm32h7xx_it.o(.text.SysTick_Handler) for SysTick_Handler
    startup_stm32h743xx.o(RESET) refers to stm32h7xx_it.o(.text.DMA1_Stream0_IRQHandler) for DMA1_Stream0_IRQHandler
    startup_stm32h743xx.o(RESET) refers to stm32h7xx_it.o(.text.DMA1_Stream1_IRQHandler) for DMA1_Stream1_IRQHandler
    startup_stm32h743xx.o(RESET) refers to stm32h7xx_it.o(.text.DMA1_Stream2_IRQHandler) for DMA1_Stream2_IRQHandler
    startup_stm32h743xx.o(RESET) refers to stm32h7xx_it.o(.text.TIM5_IRQHandler) for TIM5_IRQHandler
    startup_stm32h743xx.o(RESET) refers to stm32h7xx_it.o(.text.DMA2_Stream1_IRQHandler) for DMA2_Stream1_IRQHandler
    startup_stm32h743xx.o(.text) refers to system_stm32h7xx.o(.text.SystemInit) for SystemInit
    startup_stm32h743xx.o(.text) refers to entry.o(.ARM.Collect$$$$00000000) for __main
    main.o(.text.main) refers to stm32h7xx_hal.o(.text.HAL_Init) for HAL_Init
    main.o(.text.main) refers to main.o(.text.SystemClock_Config) for SystemClock_Config
    main.o(.text.main) refers to main.o(.text.PeriphCommonClock_Config) for PeriphCommonClock_Config
    main.o(.text.main) refers to gpio.o(.text.MX_GPIO_Init) for MX_GPIO_Init
    main.o(.text.main) refers to dma.o(.text.MX_DMA_Init) for MX_DMA_Init
    main.o(.text.main) refers to adc.o(.text.MX_ADC1_Init) for MX_ADC1_Init
    main.o(.text.main) refers to dac.o(.text.MX_DAC1_Init) for MX_DAC1_Init
    main.o(.text.main) refers to tim.o(.text.MX_TIM3_Init) for MX_TIM3_Init
    main.o(.text.main) refers to tim.o(.text.MX_TIM4_Init) for MX_TIM4_Init
    main.o(.text.main) refers to usart.o(.text.MX_USART3_UART_Init) for MX_USART3_UART_Init
    main.o(.text.main) refers to adc.o(.text.MX_ADC2_Init) for MX_ADC2_Init
    main.o(.text.main) refers to tim.o(.text.MX_TIM5_Init) for MX_TIM5_Init
    main.o(.text.main) refers to adc.o(.bss.hadc1) for hadc1
    main.o(.text.main) refers to stm32h7xx_hal_adc_ex.o(.text.HAL_ADCEx_Calibration_Start) for HAL_ADCEx_Calibration_Start
    main.o(.text.main) refers to adc.o(.bss.hadc2) for hadc2
    main.o(.text.main) refers to tim.o(.bss.htim5) for htim5
    main.o(.text.main) refers to stm32h7xx_hal_tim.o(.text.HAL_TIM_Base_Start_IT) for HAL_TIM_Base_Start_IT
    main.o(.text.main) refers to main.o(.bss.DAC_ConvFlag) for DAC_ConvFlag
    main.o(.text.main) refers to dds.o(.bss.place1) for place1
    main.o(.text.main) refers to dds.o(.bss.DAC_Buffer1) for DAC_Buffer1
    main.o(.text.main) refers to dds.o(.bss.pData1) for pData1
    main.o(.text.main) refers to dds.o(.bss.place2) for place2
    main.o(.text.main) refers to dds.o(.bss.DAC_Buffer2) for DAC_Buffer2
    main.o(.text.main) refers to dds.o(.bss.pData2) for pData2
    main.o(.text.main) refers to dds.o(.bss.ctrl_word1) for ctrl_word1
    main.o(.text.main) refers to dds.o(.bss.ctrl_word2) for ctrl_word2
    main.o(.text.main) refers to main.o(.bss.DAC_HalfConvFlag) for DAC_HalfConvFlag
    main.o(.text.main) refers to main.o(.bss.do_ADCFlag) for do_ADCFlag
    main.o(.text.main) refers to fft.o(.bss.ADC_Buffer) for ADC_Buffer
    main.o(.text.main) refers to stm32h7xx_hal_adc.o(.text.HAL_ADC_Start_DMA) for HAL_ADC_Start_DMA
    main.o(.text.main) refers to fft.o(.bss.ADC_Buffer1) for ADC_Buffer1
    main.o(.text.main) refers to tim.o(.bss.htim3) for htim3
    main.o(.text.main) refers to stm32h7xx_hal_tim.o(.text.HAL_TIM_Base_Start) for HAL_TIM_Base_Start
    main.o(.text.main) refers to main.o(.bss.ADC_ConvEndFlag) for ADC_ConvEndFlag
    main.o(.text.main) refers to stm32h7xx_hal_tim.o(.text.HAL_TIM_Base_Stop) for HAL_TIM_Base_Stop
    main.o(.text.main) refers to stm32h7xx_hal_adc.o(.text.HAL_ADC_Stop) for HAL_ADC_Stop
    main.o(.text.main) refers to main.o(.data.WaveTypeFlag) for WaveTypeFlag
    main.o(.text.main) refers to fft.o(.text.GetPhaseDiff) for GetPhaseDiff
[...]
    [Anonymous Symbol]                       0x0800b590   Section        0  stm32h7xx_it.o(.text.PendSV_Handler)
    [Anonymous Symbol]                       0x0800b598   Section        0  main.o(.text.PeriphCommonClock_Config)
    RCCEx_PLL2_Config                        0x0800b5e9   Thumb Code   458  stm32h7xx_hal_rcc_ex.o(.text.RCCEx_PLL2_Config)
    [Anonymous Symbol]                       0x0800b5e8   Section        0  stm32h7xx_hal_rcc_ex.o(.text.RCCEx_PLL2_Config)
    RCCEx_PLL3_Config                        0x0800b7b9   Thumb Code   458  stm32h7xx_hal_rcc_ex.o(.text.RCCEx_PLL3_Config)
    [Anonymous Symbol]                       0x0800b7b8   Section        0  stm32h7xx_hal_rcc_ex.o(.text.RCCEx_PLL3_Config)
    [Anonymous Symbol]                       0x0800b988   Section        0  stm32h7xx_it.o(.text.SVC_Handler)
    [Anonymous Symbol]                       0x0800b990   Section        0  myfunction.o(.text.Signal_Separation)
    SysTick_Config                           0x0800ba11   Thumb Code    82  stm32h7xx_hal_cortex.o(.text.SysTick_Config)
    [Anonymous Symbol]                       0x0800ba10   Section        0  stm32h7xx_hal_cortex.o(.text.SysTick_Config)
    [Anonymous Symbol]                       0x0800ba68   Section        0  stm32h7xx_it.o(.text.SysTick_Handler)
    [Anonymous Symbol]                       0x0800ba70   Section        0  main.o(.text.SystemClock_Config)
    [Anonymous Symbol]                       0x0800bb58   Section        0  system_stm32h7xx.o(.text.SystemInit)
    [Anonymous Symbol]                       0x0800bcb8   Section        0  stm32h7xx_it.o(.text.TIM5_IRQHandler)
    [Anonymous Symbol]                       0x0800bcc8   Section        0  stm32h7xx_hal_tim.o(.text.TIM_Base_SetConfig)
    [Anonymous Symbol]                       0x0800be78   Section        0  stm32h7xx_hal_tim.o(.text.TIM_ETR_SetConfig)
    TIM_ITRx_SetConfig                       0x0800beb1   Thumb Code    48  stm32h7xx_hal_tim.o(.text.TIM_ITRx_SetConfig)
    [Anonymous Symbol]                       0x0800beb0   Section        0  stm32h7xx_hal_tim.o(.text.TIM_ITRx_SetConfig)
    TIM_TI1_ConfigInputStage                 0x0800bee1   Thumb Code    80  stm32h7xx_hal_tim.o(.text.TIM_TI1_ConfigInputStage)
    [Anonymous Symbol]                       0x0800bee0   Section        0  stm32h7xx_hal_tim.o(.text.TIM_TI1_ConfigInputStage)
    TIM_TI2_ConfigInputStage                 0x0800bf31   Thumb Code    82  stm32h7xx_hal_tim.o(.text.TIM_TI2_ConfigInputStage)
    [Anonymous Symbol]                       0x0800bf30   Section        0  stm32h7xx_hal_tim.o(.text.TIM_TI2_ConfigInputStage)
    UARTEx_SetNbDataToProcess                0x0800bf89   Thumb Code   134  stm32h7xx_hal_uart_ex.o(.text.UARTEx_SetNbDataToProcess)
    [Anonymous Symbol]                       0x0800bf88   Section        0  stm32h7xx_hal_uart_ex.o(.text.UARTEx_SetNbDataToProcess)
    [Anonymous Symbol]                       0x0800c010   Section        0  stm32h7xx_hal_uart.o(.text.UART_AdvFeatureConfig)
    [Anonymous Symbol]                       0x0800c158   Section        0  stm32h7xx_hal_uart.o(.text.UART_CheckIdleState)
    UART_EndRxTransfer                       0x0800c2a1   Thumb Code   158  stm32h7xx_hal_uart.o(.text.UART_EndRxTransfer)
    [Anonymous Symbol]                       0x0800c2a0   Section        0  stm32h7xx_hal_uart.o(.text.UART_EndRxTransfer)
    [Anonymous Symbol]                       0x0800c340   Section        0  stm32h7xx_hal_uart.o(.text.UART_SetConfig)
    [Anonymous Symbol]                       0x0800cc68   Section        0  stm32h7xx_hal_uart.o(.text.UART_WaitOnFlagUntilTimeout)
    [Anonymous Symbol]                       0x0800cd78   Section        0  stm32h7xx_it.o(.text.UsageFault_Handler)
    __NVIC_EnableIRQ                         0x0800cd81   Thumb Code    48  stm32h7xx_hal_cortex.o(.text.__NVIC_EnableIRQ)
    [Anonymous Symbol]                       0x0800cd80   Section        0  stm32h7xx_hal_cortex.o(.text.__NVIC_EnableIRQ)
    __NVIC_GetPriorityGrouping               0x0800cdb1   Thumb Code    16  stm32h7xx_hal_cortex.o(.text.__NVIC_GetPriorityGrouping)
    [Anonymous Symbol]                       0x0800cdb0   Section        0  stm32h7xx_hal_cortex.o(.text.__NVIC_GetPriorityGrouping)
    __NVIC_SetPriority                       0x0800cdc1   Thumb Code    66  stm32h7xx_hal_cortex.o(.text.__NVIC_SetPriority)
    [Anonymous Symbol]                       0x0800cdc0   Section        0  stm32h7xx_hal_cortex.o(.text.__NVIC_SetPriority)
    __NVIC_SetPriorityGrouping               0x0800ce09   Thumb Code    60  stm32h7xx_hal_cortex.o(.text.__NVIC_SetPriorityGrouping)
    [Anonymous Symbol]                       0x0800ce08   Section        0  stm32h7xx_hal_cortex.o(.text.__NVIC_SetPriorityGrouping)
    _sqrtf                                   0x0800ce49   Thumb Code    30  complexmathfunctions.o(.text._sqrtf)
    [Anonymous Symbol]                       0x0800ce48   Section        0  complexmathfunctions.o(.text._sqrtf)
    [Anonymous Symbol]                       0x0800ce68   Section        0  transformfunctions.o(.text.arm_bitreversal_32)
    [Anonymous Symbol]                       0x0800cef8   Section        0  transformfunctions.o(.text.arm_cfft_f32)
    arm_cfft_radix8by2_f32                   0x0800d051   Thumb Code  1002  transformfunctions.o(.text.arm_cfft_radix8by2_f32)
    [Anonymous Symbol]                       0x0800d050   Section        0  transformfunctions.o(.text.arm_cfft_radix8by2_f32)
    arm_cfft_radix8by4_f32                   0x0800d441   Thumb Code  2656  transformfunctions.o(.text.arm_cfft_radix8by4_f32)
    [Anonymous Symbol]                       0x0800d440   Section        0  transformfunctions.o(.text.arm_cfft_radix8by4_f32)
    [Anonymous Symbol]                       0x0800dea0   Section        0  complexmathfunctions.o(.text.arm_cmplx_mag_f32)
    [Anonymous Symbol]                       0x0800df28   Section        0  transformfunctions.o(.text.arm_radix8_butterfly_f32)
    [Anonymous Symbol]                       0x0800ed30   Section        0  usart.o(.text.fputc)
    [Anonymous Symbol]                       0x0800ed58   Section        0  main.o(.text.main)
    i.__0printf                              0x0800f090   Section        0  printfa.o(i.__0printf)
    i.__ARM_fpclassifyf                      0x0800f0b0   Section        0  fpclassifyf.o(i.__ARM_fpclassifyf)
    i.__hardfp_atan2f                        0x0800f0d8   Section        0  atan2f.o(i.__hardfp_atan2f)
    i.__mathlib_flt_infnan2                  0x0800f384   Section        0  funder.o(i.__mathlib_flt_infnan2)
    i.__mathlib_flt_underflow                0x0800f38c   Section        0  funder.o(i.__mathlib_flt_underflow)
    i.__scatterload_copy                     0x0800f39c   Section       14  handlers.o(i.__scatterload_copy)
    i.__scatterload_null                     0x0800f3aa   Section        2  handlers.o(i.__scatterload_null)
    i.__scatterload_zeroinit                 0x0800f3ac   Section       14  handlers.o(i.__scatterload_zeroinit)
    i.__set_errno                            0x0800f3bc   Section        0  errno.o(i.__set_errno)
    _fp_digits                               0x0800f3c9   Thumb Code   366  printfa.o(i._fp_digits)
    i._fp_digits                             0x0800f3c8   Section        0  printfa.o(i._fp_digits)
    _printf_core                             0x0800f54d   Thumb Code  1744  printfa.o(i._printf_core)
    i._printf_core                           0x0800f54c   Section        0  printfa.o(i._printf_core)
    _printf_post_padding                     0x0800fc29   Thumb Code    36  printfa.o(i._printf_post_padding)
    i._printf_post_padding                   0x0800fc28   Section        0  printfa.o(i._printf_post_padding)
    _printf_pre_padding                      0x0800fc4d   Thumb Code    46  printfa.o(i._printf_pre_padding)
    i._printf_pre_padding                    0x0800fc4c   Section        0  printfa.o(i._printf_pre_padding)
    DMA_CalcBaseAndBitshift.flagBitshiftOffset 0x0800fc8a   Data           8  stm32h7xx_hal_dma.o(.rodata.DMA_CalcBaseAndBitshift.flagBitshiftOffset)
    [Anonymous Symbol]                       0x0800fc8a   Section        0  stm32h7xx_hal_dma.o(.rodata.DMA_CalcBaseAndBitshift.flagBitshiftOffset)
    UARTEx_SetNbDataToProcess.denominator    0x0800fc92   Data           8  stm32h7xx_hal_uart_ex.o(.rodata.UARTEx_SetNbDataToProcess.denominator)
    [Anonymous Symbol]                       0x0800fc92   Section        0  stm32h7xx_hal_uart_ex.o(.rodata.UARTEx_SetNbDataToProcess.denominator)
    UARTEx_SetNbDataToProcess.numerator      0x0800fc9a   Data           8  stm32h7xx_hal_uart_ex.o(.rodata.UARTEx_SetNbDataToProcess.numerator)
    [Anonymous Symbol]                       0x0800fc9a   Section        0  stm32h7xx_hal_uart_ex.o(.rodata.UARTEx_SetNbDataToProcess.numerator)
    .L.str                                   0x08010adc   Data           7  fft.o(.rodata.str1.1)
    [Anonymous Symbol]                       0x08010adc   Section        0  fft.o(.rodata.str1.1)
    .data                                    0x24000000   Section        4  stdout.o(.data)
    _errno                                   0x24000004   Data           4  errno.o(.data)
    .data                                    0x24000004   Section        4  errno.o(.data)
    HAL_RCC_ADC12_CLK_ENABLED                0x24008024   Data           4  adc.o(.bss.HAL_RCC_ADC12_CLK_ENABLED)
    [Anonymous Symbol]                       0x24008024   Section        0  adc.o(.bss.HAL_RCC_ADC12_CLK_ENABLED)
    STACK                                    0x2400a4b8   Section     1024  startup_stm32h743xx.o(STACK)

    Global Symbols

    Symbol Name                              Value     Ov Type        Size  Object(Section)

    BuildAttributes$$THM_ISAv4$E$P$D$K$B$S$7EM$VFPv5_D16$PE$PLD8$A:L22UL41UL21$X:L11$S22US41US21$IEEE1$IW$~IW$USESV6$~STKCKD$USESV7$~SHL$OTIME$ROPI$IEEEX$EBA8$MICROLIB$REQ8$PRES8$EABIv2 0x00000000   Number         0  anon$$obj.o ABSOLUTE
    __cpp_initialize__aeabi_                  - Undefined Weak Reference
    __cxa_finalize                            - Undefined Weak Reference
    _clock_init                               - Undefined Weak Reference
    _microlib_exit                            - Undefined Weak Reference
    __Vectors_Size                           0x00000298   Number         0  startup_stm32h743xx.o ABSOLUTE
    __Vectors                                0x08000000   Data           4  startup_stm32h743xx.o(RESET)
    __Vectors_End                            0x08000298   Data           0  startup_stm32h743xx.o(RESET)
    __main                                   0x08000299   Thumb Code     0  entry.o(.ARM.Collect$$$$00000000)
    _main_stk                                0x08000299   Thumb Code     0  entry2.o(.ARM.Collect$$$$00000001)
    _main_scatterload                        0x0800029d   Thumb Code     0  entry5.o(.ARM.Collect$$$$00000004)
    __main_after_scatterload                 0x080002a1   Thumb Code     0  entry5.o(.ARM.Collect$$$$00000004)
    _main_clock                              0x080002a1   Thumb Code     0  entry7b.o(.ARM.Collect$$$$00000008)
    _main_cpp_init                           0x080002a1   Thumb Code     0  entry8b.o(.ARM.Collect$$$$0000000A)
    _main_init                               0x080002a1   Thumb Code     0  entry9a.o(.ARM.Collect$$$$0000000B)
    __rt_final_cpp                           0x080002a9   Thumb Code     0  entry10a.o(.ARM.Collect$$$$0000000D)
    __rt_final_exit                          0x080002a9   Thumb Code     0  entry11a.o(.ARM.Collect$$$$0000000F)
    Reset_Handler                            0x080002ad   Thumb Code     8  startup_stm32h743xx.o(.text)
    ADC3_IRQHandler                          0x080002c7   Thumb Code     0  startup_stm32h743xx.o(.text)
    ADC_IRQHandler                           0x080002c7   Thumb Code     0  startup_stm32h743xx.o(.text)
    BDMA_Channel0_IRQHandler                 0x080002c7   Thumb Code     0  startup_stm32h743xx.o(.text)
    BDMA_Channel1_IRQHandler                 0x080002c7   Thumb Code     0  startup_stm32h743xx.o(.text)
    BDMA_Channel2_IRQHandler                 0x080002c7   Thumb Code     0  startup_stm32h743xx.o(.text)
    BDMA_Channel3_IRQHandler                 0x080002c7   Thumb Code     0  startup_stm32h743xx.o(.text)
    BDMA_Channel4_IRQHandler                 0x080002c7   Thumb Code     0  startup_stm32h743xx.o(.text)
    BDMA_Channel5_IRQHandler                 0x080002c7   Thumb Code     0  startup_stm32h743xx.o(.text)
    BDMA_Channel6_IRQHandler                 0x080002c7   Thumb Code     0  startup_stm32h743xx.o(.text)
    BDMA_Channel7_IRQHandler                 0x080002c7   Thumb Code     0  startup_stm32h743xx.o(.text)
    CEC_IRQHandler                           0x080002c7   Thumb Code     0  startup_stm32h743xx.o(.text)
    COMP1_IRQHandler                         0x080002c7   Thumb Code     0  startup_stm32h743xx.o(.text)
    CRS_IRQHandler                           0x080002c7   Thumb Code     0  startup_stm32h743xx.o(.text)
    DCMI_IRQHandler                          0x080002c7   Thumb Code     0  startup_stm32h743xx.o(.text)
    DFSDM1_FLT0_IRQHandler                   0x080002c7   Thumb Code     0  startup_stm32h743xx.o(.text)
    DFSDM1_FLT1_IRQHandler                   0x080002c7   Thumb Code     0  startup_stm32h743xx.o(.text)
    DFSDM1_FLT2_IRQHandler                   0x080002c7   Thumb Code     0  startup_stm32h743xx.o(.text)
    DFSDM1_FLT3_IRQHandler                   0x080002c7   Thumb Code     0  startup_stm32h743xx.o(.text)
    DMA1_Stream3_IRQHandler                  0x080002c7   Thumb Code     0  startup_stm32h743xx.o(.text)
    DMA1_Stream4_IRQHandler                  0x080002c7   Thumb Code     0  startup_stm32h743xx.o(.text)
    DMA1_Stream5_IRQHandler                  0x080002c7   Thumb Code     0  startup_stm32h743xx.o(.text)
    DMA1_Stream6_IRQHandler                  0x080002c7   Thumb Code     0  startup_stm32h743xx.o(.text)
    DMA1_Stream7_IRQHandler                  0x080002c7   Thumb Code     0  startup_stm32h743xx.o(.text)
    DMA2D_IRQHandler                         0x080002c7   Thumb Code     0  startup_stm32h743xx.o(.text)
    DMA2_Stream0_IRQHandler                  0x080002c7   Thumb Code     0  startup_stm32h743xx.o(.text)
    DMA2_Stream2_IRQHandler                  0x080002c7   Thumb Code     0  startup_stm32h743xx.o(.text)
    DMA2_Stream3_IRQHandler                  0x080002c7   Thumb Code     0  startup_stm32h743xx.o(.text)
    DMA2_Stream4_IRQHandler                  0x080002c7   Thumb Code     0  startup_stm32h743xx.o(.text)
    DMA2_Stream5_IRQHandler                  0x080002c7   Thumb Code     0  startup_stm32h743xx.o(.text)
    DMA2_Stream6_IRQHandler                  0x080002c7   Thumb Code     0  startup_stm32h743xx.o(.text)
    DMA2_Stream7_IRQHandler                  0x080002c7   Thumb Code     0  startup_stm32h743xx.o(.text)
    DMAMUX1_OVR_IRQHandler                   0x080002c7   Thumb Code     0  startup_stm32h743xx.o(.text)
    DMAMUX2_OVR_IRQHandler                   0x080002c7   Thumb Code     0  startup_stm32h743xx.o(.text)
    ECC_IRQHandler                           0x080002c7   Thumb Code     0  startup_stm32h743xx.o(.text)
    ETH_IRQHandler                           0x080002c7   Thumb Code     0  startup_stm32h743xx.o(.text)
    ETH_WKUP_IRQHandler                      0x080002c7   Thumb Code     0  startup_stm32h743xx.o(.text)
    EXTI0_IRQHandler                         0x080002c7   Thumb Code     0  startup_stm32h743xx.o(.text)
    EXTI15_10_IRQHandler                     0x080002c7   Thumb Code     0  startup_stm32h743xx.o(.text)
    EXTI1_IRQHandler                         0x080002c7   Thumb Code     0  startup_stm32h743xx.o(.text)
    EXTI2_IRQHandler                         0x080002c7   Thumb Code     0  startup_stm32h743xx.o(.text)
    EXTI3_IRQHandler                         0x080002c7   Thumb Code     0  startup_stm32h743xx.o(.text)
    EXTI4_IRQHandler                         0x080002c7   Thumb Code     0  startup_stm32h743xx.o(.text)
    EXTI9_5_IRQHandler                       0x080002c7   Thumb Code     0  startup_stm32h743xx.o(.text)
    FDCAN1_IT0_IRQHandler                    0x080002c7   Thumb Code     0  startup_stm32h743xx.o(.text)
    FDCAN1_IT1_IRQHandler                    0x080002c7   Thumb Code     0  startup_stm32h743xx.o(.text)
    FDCAN2_IT0_IRQHandler                    0x080002c7   Thumb Code     0  startup_stm32h743xx.o(.text)
    FDCAN2_IT1_IRQHandler                    0x080002c7   Thumb Code     0  startup_stm32h743xx.o(.text)
    FDCAN_CAL_IRQHandler                     0x080002c7   Thumb Code     0  startup_stm32h743xx.o(.text)
    FLASH_IRQHandler                         0x080002c7   Thumb Code     0  startup_stm32h743xx.o(.text)
    FMC_IRQHandler                           0x080002c7   Thumb Code     0  startup_stm32h743xx.o(.text)
    FPU_IRQHandler                           0x080002c7   Thumb Code     0  startup_stm32h743xx.o(.text)
    HRTIM1_FLT_IRQHandler                    0x080002c7   Thumb Code     0  startup_stm32h743xx.o(.text)
    HRTIM1_Master_IRQHandler                 0x080002c7   Thumb Code     0  startup_stm32h743xx.o(.text)
    HRTIM1_TIMA_IRQHandler                   0x080002c7   Thumb Code     0  startup_stm32h743xx.o(.text)
    HRTIM1_TIMB_IRQHandler                   0x080002c7   Thumb Code     0  startup_stm32h743xx.o(.text)
    HRTIM1_TIMC_IRQHandler                   0x080002c7   Thumb Code     0  startup_stm32h743xx.o(.text)
    HRTIM1_TIMD_IRQHandler                   0x080002c7   Thumb Code     0  startup_stm32h743xx.o(.text)
    HRTIM1_TIME_IRQHandler                   0x080002c7   Thumb Code     0  startup_stm32h743xx.o(.text)
    HSEM1_IRQHandler                         0x080002c7   Thumb Code     0  startup_stm32h743xx.o(.text)
    I2C1_ER_IRQHandler                       0x080002c7   Thumb Code     0  startup_stm32h743xx.o(.text)
    I2C1_EV_IRQHandler                       0x080002c7   Thumb Code     0  startup_stm32h743xx.o(.text)
    I2C2_ER_IRQHandler                       0x080002c7   Thumb Code     0  startup_stm32h743xx.o(.text)
    I2C2_EV_IRQHandler                       0x080002c7   Thumb Code     0  startup_stm32h743xx.o(.text)
    I2C3_ER_IRQHandler                       0x080002c7   Thumb Code     0  startup_stm32h743xx.o(.text)
    I2C3_EV_IRQHandler                       0x080002c7   Thumb Code     0  startup_stm32h743xx.o(.text)
    I2C4_ER_IRQHandler                       0x080002c7   Thumb Code     0  startup_stm32h743xx.o(.text)
    I2C4_EV_IRQHandler                       0x080002c7   Thumb Code     0  startup_stm32h743xx.o(.text)
    JPEG_IRQHandler                          0x080002c7   Thumb Code     0  startup_stm32h743xx.o(.text)
    LPTIM1_IRQHandler                        0x080002c7   Thumb Code     0  startup_stm32h743xx.o(.text)
    LPTIM2_IRQHandler                        0x080002c7   Thumb Code     0  startup_stm32h743xx.o(.text)
    LPTIM3_IRQHandler                        0x080002c7   Thumb Code     0  startup_stm32h743xx.o(.text)
    LPTIM4_IRQHandler                        0x080002c7   Thumb Code     0  startup_stm32h743xx.o(.text)
    LPTIM5_IRQHandler                        0x080002c7   Thumb Code     0  startup_stm32h743xx.o(.text)
    LPUART1_IRQHandler                       0x080002c7   Thumb Code     0  startup_stm32h743xx.o(.text)
    LTDC_ER_IRQHandler                       0x080002c7   Thumb Code     0  startup_stm32h743xx.o(.text)
    LTDC_IRQHandler                          0x080002c7   Thumb Code     0  startup_stm32h743xx.o(.text)
    MDIOS_IRQHandler                         0x080002c7   Thumb Code     0  startup_stm32h743xx.o(.text)
    MDIOS_WKUP_IRQHandler                    0x080002c7   Thumb Code     0  startup_stm32h743xx.o(.text)
    MDMA_IRQHandler                          0x080002c7   Thumb Code     0  startup_stm32h743xx.o(.text)
    OTG_FS_EP1_IN_IRQHandler                 0x080002c7   Thumb Code     0  startup_stm32h743xx.o(.text)
    OTG_FS_EP1_OUT_IRQHandler                0x080002c7   Thumb Code     0  startup_stm32h743xx.o(.text)
    OTG_FS_IRQHandler                        0x080002c7   Thumb Code     0  startup_stm32h743xx.o(.text)
    OTG_FS_WKUP_IRQHandler                   0x080002c7   Thumb Code     0  startup_stm32h743xx.o(.text)
    OTG_HS_EP1_IN_IRQHandler                 0x080002c7   Thumb Code     0  startup_stm32h743xx.o(.text)
    OTG_HS_EP1_OUT_IRQHandler                0x080002c7   Thumb Code     0  startup_stm32h743xx.o(.text)
    OTG_HS_IRQHandler                        0x080002c7   Thumb Code     0  startup_stm32h743xx.o(.text)
    OTG_HS_WKUP_IRQHandler                   0x080002c7   Thumb Code     0  startup_stm32h743xx.o(.text)
    PVD_AVD_IRQHandler                       0x080002c7   Thumb Code     0  startup_stm32h743xx.o(.text)
    QUADSPI_IRQHandler                       0x080002c7   Thumb Code     0  startup_stm32h743xx.o(.text)
    RCC_IRQHandler                           0x080002c7   Thumb Code     0  startup_stm32h743xx.o(.text)
    RNG_IRQHandler                           0x080002c7   Thumb Code     0  startup_stm32h743xx.o(.text)
    RTC_Alarm_IRQHandler                     0x080002c7   Thumb Code     0  startup_stm32h743xx.o(.text)
    RTC_WKUP_IRQHandler                      0x080002c7   Thumb Code     0  startup_stm32h743xx.o(.text)
    SAI1_IRQHandler                          0x080002c7   Thumb Code     0  startup_stm32h743xx.o(.text)
    SAI2_IRQHandler                          0x080002c7   Thumb Code     0  startup_stm32h743xx.o(.text)
    SAI3_IRQHandler                          0x080002c7   Thumb Code     0  startup_stm32h743xx.o(.text)
    SAI4_IRQHandler                          0x080002c7   Thumb Code     0  startup_stm32h743xx.o(.text)
    SDMMC1_IRQHandler                        0x080002c7   Thumb Code     0  startup_stm32h743xx.o(.text)
    SDMMC2_IRQHandler                        0x080002c7   Thumb Code     0  startup_stm32h743xx.o(.text)
    SPDIF_RX_IRQHandler                      0x080002c7   Thumb Code     0  startup_stm32h743xx.o(.text)
    SPI1_IRQHandler                          0x080002c7   Thumb Code     0  startup_stm32h743xx.o(.text)
    SPI2_IRQHandler                          0x080002c7   Thumb Code     0  startup_stm32h743xx.o(.text)
    SPI3_IRQHandler                          0x080002c7   Thumb Code     0  startup_stm32h743xx.o(.text)
    SPI4_IRQHandler                          0x080002c7   Thumb Code     0  startup_stm32h743xx.o(.text)
    SPI5_IRQHandler                          0x080002c7   Thumb Code     0  startup_stm32h743xx.o(.text)
    SPI6_IRQHandler                          0x080002c7   Thumb Code     0  startup_stm32h743xx.o(.text)
    SWPMI1_IRQHandler                        0x080002c7   Thumb Code     0  startup_stm32h743xx.o(.text)
    TAMP_STAMP_IRQHandler                    0x080002c7   Thumb Code     0  startup_stm32h743xx.o(.text)
    TIM15_IRQHandler                         0x080002c7   Thumb Code     0  startup_stm32h743xx.o(.text)
    TIM16_IRQHandler                         0x080002c7   Thumb Code     0  startup_stm32h743xx.o(.text)
    TIM17_IRQHandler                         0x080002c7   Thumb Code     0  startup_stm32h743xx.o(.text)
    TIM1_BRK_IRQHandler                      0x080002c7   Thumb Code     0  startup_stm32h743xx.o(.text)
    TIM1_CC_IRQHandler                       0x080002c7   Thumb Code     0  startup_stm32h743xx.o(.text)
    TIM1_TRG_COM_IRQHandler                  0x080002c7   Thumb Code     0  startup_stm32h743xx.o(.text)
    TIM1_UP_IRQHandler                       0x080002c7   Thumb Code     0  startup_stm32h743xx.o(.text)
    TIM2_IRQHandler                          0x080002c7   Thumb Code     0  startup_stm32h743xx.o(.text)
    TIM3_IRQHandler                          0x080002c7   Thumb Code     0  startup_stm32h743xx.o(.text)
    TIM4_IRQHandler                          0x080002c7   Thumb Code     0  startup_stm32h743xx.o(.text)
    TIM6_DAC_IRQHandler                      0x080002c7   Thumb Code     0  startup_stm32h743xx.o(.text)
    TIM7_IRQHandler                          0x080002c7   Thumb Code     0  startup_stm32h743xx.o(.text)
    TIM8_BRK_TIM12_IRQHandler                0x080002c7   Thumb Code     0  startup_stm32h743xx.o(.text)
    TIM8_CC_IRQHandler                       0x080002c7   Thumb Code     0  startup_stm32h743xx.o(.text)
    TIM8_TRG_COM_TIM14_IRQHandler            0x080002c7   Thumb Code     0  startup_stm32h743xx.o(.text)
    TIM8_UP_TIM13_IRQHandler                 0x080002c7   Thumb Code     0  startup_stm32h743xx.o(.text)
    UART4_IRQHandler                         0x080002c7   Thumb Code     0  startup_stm32h743xx.o(.text)
    UART5_IRQHandler                         0x080002c7   Thumb Code     0  startup_stm32h743xx.o(.text)
    UART7_IRQHandler                         0x080002c7   Thumb Code     0  startup_stm32h743xx.o(.text)
    UART8_IRQHandler                         0x080002c7   Thumb Code     0  startup_stm32h743xx.o(.text)
    USART1_IRQHandler                        0x080002c7   Thumb Code     0  startup_stm32h743xx.o(.text)
    USART2_IRQHandler                        0x080002c7   Thumb Code     0  startup_stm32h743xx.o(.text)
    USART3_IRQHandler                        0x080002c7   Thumb Code     0  startup_stm32h743xx.o(.text)
    USART6_IRQHandler                        0x080002c7   Thumb Code     0  startup_stm32h743xx.o(.text)
    WAKEUP_PIN_IRQHandler                    0x080002c7   Thumb Code     0  startup_stm32h743xx.o(.text)
    WWDG_IRQHandler                          0x080002c7   Thumb Code     0  startup_stm32h743xx.o(.text)
    __aeabi_uldivmod                         0x080002d1   Thumb Code    98  uldiv.o(.text)
    __aeabi_memset                           0x08000333   Thumb Code    14  memseta.o(.text)
    __aeabi_memset4                          0x08000333   Thumb Code     0  memseta.o(.text)
    __aeabi_memset8                          0x08000333   Thumb Code     0  memseta.o(.text)
    __aeabi_memclr                           0x08000341   Thumb Code     4  memseta.o(.text)
    __aeabi_memclr4                          0x08000341   Thumb Code     0  memseta.o(.text)
    __aeabi_memclr8                          0x08000341   Thumb Code     0  memseta.o(.text)
    _memset$wrapper                          0x08000345   Thumb Code    18  memseta.o(.text)
    __aeabi_uidiv                            0x08000357   Thumb Code     0  uidiv.o(.text)
    __aeabi_uidivmod                         0x08000357   Thumb Code    44  uidiv.o(.text)
    __aeabi_llsl                             0x08000383   Thumb Code    30  llshl.o(.text)
    _ll_shift_l                              0x08000383   Thumb Code     0  llshl.o(.text)
    __aeabi_llsr                             0x080003a1   Thumb Code    32  llushr.o(.text)
    _ll_ushift_r                             0x080003a1   Thumb Code     0  llushr.o(.text)
    __I$use$fp                               0x080003c1   Thumb Code     0  iusefp.o(.text)
    __aeabi_dadd                             0x080003c1   Thumb Code   322  dadd.o(.text)
    __aeabi_dsub                             0x08000503   Thumb Code     6  dadd.o(.text)
    __aeabi_drsub                            0x08000509   Thumb Code     6  dadd.o(.text)
    __aeabi_dmul                             0x0800050f   Thumb Code   228  dmul.o(.text)
    __aeabi_ddiv                             0x080005f3   Thumb Code   222  ddiv.o(.text)
    __aeabi_d2ulz                            0x080006d1   Thumb Code    48  dfixul.o(.text)
    __aeabi_cdrcmple                         0x08000701   Thumb Code    48  cdrcmple.o(.text)
    __scatterload                            0x08000731   Thumb Code    38  init.o(.text)
    __scatterload_rt2                        0x08000731   Thumb Code     0  init.o(.text)
    __aeabi_lasr                             0x08000761   Thumb Code    36  llsshr.o(.text)
    _ll_sshift_r                             0x08000761   Thumb Code     0  llsshr.o(.text)
    _double_round                            0x08000785   Thumb Code    30  depilogue.o(.text)
    _double_epilogue                         0x080007a3   Thumb Code   156  depilogue.o(.text)
    __decompress                             0x0800083f   Thumb Code     0  __dclz77c.o(.text)
    __decompress2                            0x0800083f   Thumb Code    94  __dclz77c.o(.text)
    ADC_ConfigureBoostMode                   0x080008a1   Thumb Code   536  stm32h7xx_hal_adc.o(.text.ADC_ConfigureBoostMode)
    ADC_ConversionStop                       0x08000ab9   Thumb Code   402  stm32h7xx_hal_adc.o(.text.ADC_ConversionStop)
    ADC_DMAConvCplt                          0x08000c51   Thumb Code   210  stm32h7xx_hal_adc.o(.text.ADC_DMAConvCplt)
    ADC_DMAError                             0x08000d29   Thumb Code    42  stm32h7xx_hal_adc.o(.text.ADC_DMAError)
    ADC_DMAHalfConvCplt                      0x08000d59   Thumb Code    22  stm32h7xx_hal_adc.o(.text.ADC_DMAHalfConvCplt)
    ADC_Disable                              0x08000d71   Thumb Code   196  stm32h7xx_hal_adc.o(.text.ADC_Disable)
    ADC_Enable                               0x08000e39   Thumb Code   328  stm32h7xx_hal_adc.o(.text.ADC_Enable)
    BusFault_Handler                         0x08000f81   Thumb Code     4  stm32h7xx_it.o(.text.BusFault_Handler)
    DAC_DMAConvCpltCh1                       0x08000f89   Thumb Code    28  stm32h7xx_hal_dac.o(.text.DAC_DMAConvCpltCh1)
    DAC_DMAConvCpltCh2                       0x08000fa9   Thumb Code    28  stm32h7xx_hal_dac_ex.o(.text.DAC_DMAConvCpltCh2)
    DAC_DMAErrorCh1                          0x08000fc9   Thumb Code    38  stm32h7xx_hal_dac.o(.text.DAC_DMAErrorCh1)
    DAC_DMAErrorCh2                          0x08000ff1   Thumb Code    38  stm32h7xx_hal_dac_ex.o(.text.DAC_DMAErrorCh2)
    DAC_DMAHalfConvCpltCh1                   0x08001019   Thumb Code    22  stm32h7xx_hal_dac.o(.text.DAC_DMAHalfConvCpltCh1)
    DAC_DMAHalfConvCpltCh2                   0x08001031   Thumb Code    22  stm32h7xx_hal_dac_ex.o(.text.DAC_DMAHalfConvCpltCh2)
    DDS_SetParameter                         0x08001049   Thumb Code   240  dds.o(.text.DDS_SetParameter)
    DDS_SetWaveform                          0x08001141   Thumb Code   178  dds.o(.text.DDS_SetWaveform)
    DMA1_Stream0_IRQHandler                  0x080011f9   Thumb Code    16  stm32h7xx_it.o(.text.DMA1_Stream0_IRQHandler)
    DMA1_Stream1_IRQHandler                  0x08001209   Thumb Code    16  stm32h7xx_it.o(.text.DMA1_Stream1_IRQHandler)
    DMA1_Stream2_IRQHandler                  0x08001219   Thumb Code    16  stm32h7xx_it.o(.text.DMA1_Stream2_IRQHandler)
    DMA2_Stream1_IRQHandler                  0x08001229   Thumb Code    16  stm32h7xx_it.o(.text.DMA2_Stream1_IRQHandler)
    DebugMon_Handler                         0x08001cb9   Thumb Code     2  stm32h7xx_it.o(.text.DebugMon_Handler)
    Detect_WaveType                          0x08001cc1   Thumb Code   408  fft.o(.text.Detect_WaveType)
    Error_Handler                            0x08001e71   Thumb Code    14  main.o(.text.Error_Handler)
    FFT_Process                              0x08001e81   Thumb Code   122  fft.o(.text.FFT_Process)
    Find_2BaseIndex                          0x08001f01   Thumb Code   222  fft.o(.text.Find_2BaseIndex)
    GetFreq                                  0x08001fe1   Thumb Code   432  fft.o(.text.GetFreq)
    GetPhaseDiff                             0x080021b9   Thumb Code   320  fft.o(.text.GetPhaseDiff)
    HAL_ADCEx_Calibration_Start              0x08002309   Thumb Code   228  stm32h7xx_hal_adc_ex.o(.text.HAL_ADCEx_Calibration_Start)
    HAL_ADCEx_MultiModeConfigChannel         0x080023f1   Thumb Code   658  stm32h7xx_hal_adc_ex.o(.text.HAL_ADCEx_MultiModeConfigChannel)
    HAL_ADC_ConfigChannel                    0x08002689   Thumb Code  2090  stm32h7xx_hal_adc.o(.text.HAL_ADC_ConfigChannel)
    HAL_ADC_ConvCpltCallback                 0x08002eb9   Thumb Code    74  main.o(.text.HAL_ADC_ConvCpltCallback)
    HAL_ADC_ConvHalfCpltCallback             0x08002f09   Thumb Code     8  stm32h7xx_hal_adc.o(.text.HAL_ADC_ConvHalfCpltCallback)
    HAL_ADC_ErrorCallback                    0x08002f11   Thumb Code     8  stm32h7xx_hal_adc.o(.text.HAL_ADC_ErrorCallback)
    HAL_ADC_Init                             0x08002f19   Thumb Code   968  stm32h7xx_hal_adc.o(.text.HAL_ADC_Init)
    HAL_ADC_MspInit                          0x080032e1   Thumb Code   456  adc.o(.text.HAL_ADC_MspInit)
    HAL_ADC_Start_DMA                        0x080034a9   Thumb Code   476  stm32h7xx_hal_adc.o(.text.HAL_ADC_Start_DMA)
    HAL_ADC_Stop                             0x08003689   Thumb Code   128  stm32h7xx_hal_adc.o(.text.HAL_ADC_Stop)
    HAL_DACEx_ConvCpltCallbackCh2            0x08003709   Thumb Code     8  stm32h7xx_hal_dac_ex.o(.text.HAL_DACEx_ConvCpltCallbackCh2)
    HAL_DACEx_ConvHalfCpltCallbackCh2        0x08003711   Thumb Code     8  stm32h7xx_hal_dac_ex.o(.text.HAL_DACEx_ConvHalfCpltCallbackCh2)
    HAL_DACEx_ErrorCallbackCh2               0x08003719   Thumb Code     8  stm32h7xx_hal_dac_ex.o(.text.HAL_DACEx_ErrorCallbackCh2)
    HAL_DAC_ConfigChannel                    0x08003721   Thumb Code   690  stm32h7xx_hal_dac.o(.text.HAL_DAC_ConfigChannel)
    HAL_DAC_ConvCpltCallbackCh1              0x080039d9   Thumb Code    20  main.o(.text.HAL_DAC_ConvCpltCallbackCh1)
    HAL_DAC_ConvHalfCpltCallbackCh1          0x080039f1   Thumb Code    20  main.o(.text.HAL_DAC_ConvHalfCpltCallbackCh1)
    HAL_DAC_ErrorCallbackCh1                 0x08003a09   Thumb Code     8  stm32h7xx_hal_dac.o(.text.HAL_DAC_ErrorCallbackCh1)
    HAL_DAC_Init                             0x08003a11   Thumb Code    74  stm32h7xx_hal_dac.o(.text.HAL_DAC_Init)
    HAL_DAC_MspInit                          0x08003a61   Thumb Code   316  dac.o(.text.HAL_DAC_MspInit)
    HAL_DAC_Start_DMA                        0x08003ba1   Thumb Code   418  stm32h7xx_hal_dac.o(.text.HAL_DAC_Start_DMA)
    HAL_DMA_IRQHandler                       0x08003d49   Thumb Code  4544  stm32h7xx_hal_dma.o(.text.HAL_DMA_IRQHandler)
    HAL_DMA_Init                             0x08004f09   Thumb Code  2402  stm32h7xx_hal_dma.o(.text.HAL_DMA_Init)
    HAL_DMA_Start_IT                         0x08005871   Thumb Code  1794  stm32h7xx_hal_dma.o(.text.HAL_DMA_Start_IT)
    HAL_GPIO_Init                            0x08005f79   Thumb Code   964  stm32h7xx_hal_gpio.o(.text.HAL_GPIO_Init)
    HAL_GetREVID                             0x08006341   Thumb Code    14  stm32h7xx_hal.o(.text.HAL_GetREVID)
    HAL_GetTick                              0x08006351   Thumb Code    12  stm32h7xx_hal.o(.text.HAL_GetTick)
    HAL_IncTick                              0x08006361   Thumb Code    26  stm32h7xx_hal.o(.text.HAL_IncTick)
    HAL_Init                                 0x08006381   Thumb Code   122  stm32h7xx_hal.o(.text.HAL_Init)
    HAL_InitTick                             0x08006401   Thumb Code   134  stm32h7xx_hal.o(.text.HAL_InitTick)
    HAL_MspInit                              0x08006489   Thumb Code    36  stm32h7xx_hal_msp.o(.text.HAL_MspInit)
    HAL_NVIC_EnableIRQ                       0x080064b1   Thumb Code    20  stm32h7xx_hal_cortex.o(.text.HAL_NVIC_EnableIRQ)
    HAL_NVIC_SetPriority                     0x080064c9   Thumb Code    46  stm32h7xx_hal_cortex.o(.text.HAL_NVIC_SetPriority)
    HAL_NVIC_SetPriorityGrouping             0x080064f9   Thumb Code    16  stm32h7xx_hal_cortex.o(.text.HAL_NVIC_SetPriorityGrouping)
    HAL_PWREx_ConfigSupply                   0x08006509   Thumb Code   162  stm32h7xx_hal_pwr_ex.o(.text.HAL_PWREx_ConfigSupply)
    HAL_RCCEx_GetD3PCLK1Freq                 0x080065b1   Thumb Code    38  stm32h7xx_hal_rcc_ex.o(.text.HAL_RCCEx_GetD3PCLK1Freq)
    HAL_RCCEx_GetPLL1ClockFreq               0x080065d9   Thumb Code   668  stm32h7xx_hal_rcc_ex.o(.text.HAL_RCCEx_GetPLL1ClockFreq)
    HAL_RCCEx_GetPLL2ClockFreq               0x08006889   Thumb Code   668  stm32h7xx_hal_rcc_ex.o(.text.HAL_RCCEx_GetPLL2ClockFreq)
    HAL_RCCEx_GetPLL3ClockFreq               0x08006b39   Thumb Code   668  stm32h7xx_hal_rcc_ex.o(.text.HAL_RCCEx_GetPLL3ClockFreq)
    HAL_RCCEx_GetPeriphCLKFreq               0x08006de9   Thumb Code  3146  stm32h7xx_hal_rcc_ex.o(.text.HAL_RCCEx_GetPeriphCLKFreq)
    HAL_RCCEx_PeriphCLKConfig                0x08007a39   Thumb Code  4256  stm32h7xx_hal_rcc_ex.o(.text.HAL_RCCEx_PeriphCLKConfig)
    HAL_RCC_ClockConfig                      0x08008ad9   Thumb Code  1176  stm32h7xx_hal_rcc.o(.text.HAL_RCC_ClockConfig)
    HAL_RCC_GetHCLKFreq                      0x08008f71   Thumb Code    86  stm32h7xx_hal_rcc.o(.text.HAL_RCC_GetHCLKFreq)
    HAL_RCC_GetPCLK1Freq                     0x08008fc9   Thumb Code    38  stm32h7xx_hal_rcc.o(.text.HAL_RCC_GetPCLK1Freq)
    HAL_RCC_GetPCLK2Freq                     0x08008ff1   Thumb Code    38  stm32h7xx_hal_rcc.o(.text.HAL_RCC_GetPCLK2Freq)
    HAL_RCC_GetSysClockFreq                  0x08009019   Thumb Code   768  stm32h7xx_hal_rcc.o(.text.HAL_RCC_GetSysClockFreq)
    HAL_RCC_OscConfig                        0x08009329   Thumb Code  2904  stm32h7xx_hal_rcc.o(.text.HAL_RCC_OscConfig)
    HAL_SYSTICK_Config                       0x08009e81   Thumb Code    16  stm32h7xx_hal_cortex.o(.text.HAL_SYSTICK_Config)
    HAL_TIMEx_Break2Callback                 0x08009e91   Thumb Code     8  stm32h7xx_hal_tim_ex.o(.text.HAL_TIMEx_Break2Callback)
    HAL_TIMEx_BreakCallback                  0x08009e99   Thumb Code     8  stm32h7xx_hal_tim_ex.o(.text.HAL_TIMEx_BreakCallback)
    HAL_TIMEx_CommutCallback                 0x08009ea1   Thumb Code     8  stm32h7xx_hal_tim_ex.o(.text.HAL_TIMEx_CommutCallback)
    HAL_TIMEx_MasterConfigSynchronization    0x08009ea9   Thumb Code   344  stm32h7xx_hal_tim_ex.o(.text.HAL_TIMEx_MasterConfigSynchronization)
    HAL_TIM_Base_Init                        0x0800a001   Thumb Code   168  stm32h7xx_hal_tim.o(.text.HAL_TIM_Base_Init)
    HAL_TIM_Base_MspInit                     0x0800a0a9   Thumb Code   182  tim.o(.text.HAL_TIM_Base_MspInit)
    HAL_TIM_Base_Start                       0x0800a161   Thumb Code   248  stm32h7xx_hal_tim.o(.text.HAL_TIM_Base_Start)
    HAL_TIM_Base_Start_IT                    0x0800a259   Thumb Code   260  stm32h7xx_hal_tim.o(.text.HAL_TIM_Base_Start_IT)
    HAL_TIM_Base_Stop                        0x0800a361   Thumb Code    70  stm32h7xx_hal_tim.o(.text.HAL_TIM_Base_Stop)
    HAL_TIM_ConfigClockSource                0x0800a3a9   Thumb Code   464  stm32h7xx_hal_tim.o(.text.HAL_TIM_ConfigClockSource)
    HAL_TIM_IC_CaptureCallback               0x0800a579   Thumb Code     8  stm32h7xx_hal_tim.o(.text.HAL_TIM_IC_CaptureCallback)
    HAL_TIM_IRQHandler                       0x0800a581   Thumb Code   592  stm32h7xx_hal_tim.o(.text.HAL_TIM_IRQHandler)
    HAL_TIM_OC_DelayElapsedCallback          0x0800a7d1   Thumb Code     8  stm32h7xx_hal_tim.o(.text.HAL_TIM_OC_DelayElapsedCallback)
    HAL_TIM_PWM_PulseFinishedCallback        0x0800a7d9   Thumb Code     8  stm32h7xx_hal_tim.o(.text.HAL_TIM_PWM_PulseFinishedCallback)
    HAL_TIM_PeriodElapsedCallback            0x0800a7e1   Thumb Code    38  main.o(.text.HAL_TIM_PeriodElapsedCallback)
    HAL_TIM_TriggerCallback                  0x0800a809   Thumb Code     8  stm32h7xx_hal_tim.o(.text.HAL_TIM_TriggerCallback)
    HAL_UARTEx_DisableFifoMode               0x0800a811   Thumb Code   124  stm32h7xx_hal_uart_ex.o(.text.HAL_UARTEx_DisableFifoMode)
    HAL_UARTEx_SetRxFifoThreshold            0x0800a891   Thumb Code   140  stm32h7xx_hal_uart_ex.o(.text.HAL_UARTEx_SetRxFifoThreshold)
    HAL_UARTEx_SetTxFifoThreshold            0x0800a921   Thumb Code   140  stm32h7xx_hal_uart_ex.o(.text.HAL_UARTEx_SetTxFifoThreshold)
    HAL_UART_Init                            0x0800a9b1   Thumb Code   170  stm32h7xx_hal_uart.o(.text.HAL_UART_Init)
    HAL_UART_MspInit                         0x0800aa61   Thumb Code   170  usart.o(.text.HAL_UART_MspInit)
    HAL_UART_Transmit                        0x0800ab11   Thumb Code   312  stm32h7xx_hal_uart.o(.text.HAL_UART_Transmit)
    HardFault_Handler                        0x0800ac49   Thumb Code     4  stm32h7xx_it.o(.text.HardFault_Handler)
    MX_ADC1_Init                             0x0800afc1   Thumb Code   222  adc.o(.text.MX_ADC1_Init)
    MX_ADC2_Init                             0x0800b0a1   Thumb Code   190  adc.o(.text.MX_ADC2_Init)
    MX_DAC1_Init                             0x0800b161   Thumb Code   116  dac.o(.text.MX_DAC1_Init)
    MX_DMA_Init                              0x0800b1d9   Thumb Code   144  dma.o(.text.MX_DMA_Init)
    MX_GPIO_Init                             0x0800b269   Thumb Code   126  gpio.o(.text.MX_GPIO_Init)
    MX_TIM3_Init                             0x0800b2e9   Thumb Code   132  tim.o(.text.MX_TIM3_Init)
    MX_TIM4_Init                             0x0800b371   Thumb Code   132  tim.o(.text.MX_TIM4_Init)
    MX_TIM5_Init                             0x0800b3f9   Thumb Code   136  tim.o(.text.MX_TIM5_Init)
    MX_USART3_UART_Init                      0x0800b481   Thumb Code   142  usart.o(.text.MX_USART3_UART_Init)
    MemManage_Handler                        0x0800b511   Thumb Code     4  stm32h7xx_it.o(.text.MemManage_Handler)
    NMI_Handler                              0x0800b519   Thumb Code     4  stm32h7xx_it.o(.text.NMI_Handler)
    PendSV_Handler                           0x0800b591   Thumb Code     2  stm32h7xx_it.o(.text.PendSV_Handler)
    PeriphCommonClock_Config                 0x0800b599   Thumb Code    76  main.o(.text.PeriphCommonClock_Config)
    SVC_Handler                              0x0800b989   Thumb Code     2  stm32h7xx_it.o(.text.SVC_Handler)
    Signal_Separation                        0x0800b991   Thumb Code   122  myfunction.o(.text.Signal_Separation)
    SysTick_Handler                          0x0800ba69   Thumb Code     8  stm32h7xx_it.o(.text.SysTick_Handler)
    SystemClock_Config                       0x0800ba71   Thumb Code   232  main.o(.text.SystemClock_Config)
    SystemInit                               0x0800bb59   Thumb Code   352  system_stm32h7xx.o(.text.SystemInit)
    TIM5_IRQHandler                          0x0800bcb9   Thumb Code    16  stm32h7xx_it.o(.text.TIM5_IRQHandler)
    TIM_Base_SetConfig                       0x0800bcc9   Thumb Code   432  stm32h7xx_hal_tim.o(.text.TIM_Base_SetConfig)
    TIM_ETR_SetConfig                        0x0800be79   Thumb Code    52  stm32h7xx_hal_tim.o(.text.TIM_ETR_SetConfig)
    UART_AdvFeatureConfig                    0x0800c011   Thumb Code   328  stm32h7xx_hal_uart.o(.text.UART_AdvFeatureConfig)
    UART_CheckIdleState                      0x0800c159   Thumb Code   326  stm32h7xx_hal_uart.o(.text.UART_CheckIdleState)
    UART_SetConfig                           0x0800c341   Thumb Code  2338  stm32h7xx_hal_uart.o(.text.UART_SetConfig)
    UART_WaitOnFlagUntilTimeout              0x0800cc69   Thumb Code   268  stm32h7xx_hal_uart.o(.text.UART_WaitOnFlagUntilTimeout)
    UsageFault_Handler                       0x0800cd79   Thumb Code     4  stm32h7xx_it.o(.text.UsageFault_Handler)
    arm_bitreversal_32                       0x0800ce69   Thumb Code   142  transformfunctions.o(.text.arm_bitreversal_32)
    arm_cfft_f32                             0x0800cef9   Thumb Code   342  transformfunctions.o(.text.arm_cfft_f32)
    arm_cmplx_mag_f32                        0x0800dea1   Thumb Code   134  complexmathfunctions.o(.text.arm_cmplx_mag_f32)
    arm_radix8_butterfly_f32                 0x0800df29   Thumb Code  3584  transformfunctions.o(.text.arm_radix8_butterfly_f32)
    fputc                                    0x0800ed31   Thumb Code    34  usart.o(.text.fputc)
    main                                     0x0800ed59   Thumb Code   816  main.o(.text.main)
    __0printf                                0x0800f091   Thumb Code    22  printfa.o(i.__0printf)
    __1printf                                0x0800f091   Thumb Code     0  printfa.o(i.__0printf)
    __2printf                                0x0800f091   Thumb Code     0  printfa.o(i.__0printf)
    __c89printf                              0x0800f091   Thumb Code     0  printfa.o(i.__0printf)
    printf                                   0x0800f091   Thumb Code     0  printfa.o(i.__0printf)
    __ARM_fpclassifyf                        0x0800f0b1   Thumb Code    38  fpclassifyf.o(i.__ARM_fpclassifyf)
    __hardfp_atan2f                          0x0800f0d9   Thumb Code   594  atan2f.o(i.__hardfp_atan2f)
    __mathlib_flt_infnan2                    0x0800f385   Thumb Code     6  funder.o(i.__mathlib_flt_infnan2)
    __mathlib_flt_underflow                  0x0800f38d   Thumb Code    10  funder.o(i.__mathlib_flt_underflow)
    __scatterload_copy                       0x0800f39d   Thumb Code    14  handlers.o(i.__scatterload_copy)
    __scatterload_null                       0x0800f3ab   Thumb Code     2  handlers.o(i.__scatterload_null)
    __scatterload_zeroinit                   0x0800f3ad   Thumb Code    14  handlers.o(i.__scatterload_zeroinit)
    __set_errno                              0x0800f3bd   Thumb Code     6  errno.o(i.__set_errno)
    D1CorePrescTable                         0x0800fc7a   Data          16  system_stm32h7xx.o(.rodata.D1CorePrescTable)
    UARTPrescTable                           0x0800fca2   Data          24  stm32h7xx_hal_uart.o(.rodata.UARTPrescTable)
    armBitRevIndexTable1024                  0x0800fcba   Data        3600  commontables.o(.rodata.armBitRevIndexTable1024)
    arm_cfft_sR_f32_len1024                  0x08010acc   Data          16  commontables.o(.rodata.arm_cfft_sR_f32_len1024)
    twiddleCoef_1024                         0x08010ae4   Data        8192  commontables.o(.rodata.twiddleCoef_1024)
    Region$$Table$$Base                      0x08012ae4   Number         0  anon$$obj.o(Region$$Table)
    Region$$Table$$Limit                     0x08012b04   Number         0  anon$$obj.o(Region$$Table)
    __stdout                                 0x24000000   Data           4  stdout.o(.data)
    SystemCoreClock                          0x24000008   Data           4  system_stm32h7xx.o(.data.SystemCoreClock)
    SystemD2Clock                            0x2400000c   Data           4  system_stm32h7xx.o(.data.SystemD2Clock)
    WaveTypeFlag                             0x24000010   Data           1  main.o(.data.WaveTypeFlag)
    sine_wave                                0x24000012   Data        4096  dds.o(.data.sine_wave)
    triangle_wave                            0x24001012   Data        4096  dds.o(.data.triangle_wave)
    uwTickFreq                               0x24002012   Data           1  stm32h7xx_hal.o(.data.uwTickFreq)
    uwTickPrio                               0x24002014   Data           4  stm32h7xx_hal.o(.data.uwTickPrio)
    ADC1_ConvEndFlag                         0x24002018   Data           1  main.o(.bss.ADC1_ConvEndFlag)
    ADC_Buffer                               0x2400201a   Data        2048  fft.o(.bss.ADC_Buffer)
    ADC_Buffer1                              0x2400281a   Data        2048  fft.o(.bss.ADC_Buffer1)
    ADC_ConvEndFlag                          0x2400301a   Data           1  main.o(.bss.ADC_ConvEndFlag)
    BaseIdx                                  0x2400301c   Data           4  fft.o(.bss.BaseIdx)
    DAC_Buffer1                              0x24003020   Data        4096  dds.o(.bss.DAC_Buffer1)
    DAC_Buffer2                              0x24004020   Data        4096  dds.o(.bss.DAC_Buffer2)
    DAC_ConvFlag                             0x24005020   Data           1  main.o(.bss.DAC_ConvFlag)
    DAC_HalfConvFlag                         0x24005021   Data           1  main.o(.bss.DAC_HalfConvFlag)
    FFT_Input                                0x24005024   Data        8192  fft.o(.bss.FFT_Input)
    FFT_Output                               0x24007024   Data        4096  fft.o(.bss.FFT_Output)
    Wave                                     0x24008028   Data          48  myfunction.o(.bss.Wave)
    ctrl_word1                               0x24008058   Data           4  dds.o(.bss.ctrl_word1)
    ctrl_word2                               0x2400805c   Data           4  dds.o(.bss.ctrl_word2)
    do_ADCFlag                               0x24008060   Data           1  main.o(.bss.do_ADCFlag)
    hadc1                                    0x24008064   Data         100  adc.o(.bss.hadc1)
    hadc2                                    0x240080c8   Data         100  adc.o(.bss.hadc2)
    hdac1                                    0x2400812c   Data          20  dac.o(.bss.hdac1)
    hdma_adc1                                0x24008140   Data         120  adc.o(.bss.hdma_adc1)
    hdma_adc2                                0x240081b8   Data         120  adc.o(.bss.hdma_adc2)
    hdma_dac1_ch1                            0x24008230   Data         120  dac.o(.bss.hdma_dac1_ch1)
    hdma_dac1_ch2                            0x240082a8   Data         120  dac.o(.bss.hdma_dac1_ch2)
    htim3                                    0x24008320   Data          76  tim.o(.bss.htim3)
    htim4                                    0x2400836c   Data          76  tim.o(.bss.htim4)
    htim5                                    0x240083b8   Data          76  tim.o(.bss.htim5)
    huart3                                   0x24008404   Data         148  usart.o(.bss.huart3)
    pData1                                   0x24008498   Data        4096  dds.o(.bss.pData1)
    pData2                                   0x24009498   Data        4096  dds.o(.bss.pData2)
    phase_adc                                0x2400a498   Data           8  fft.o(.bss.phase_adc)
    phase_dac                                0x2400a4a0   Data           8  fft.o(.bss.phase_dac)
    place1                                   0x2400a4a8   Data           4  dds.o(.bss.place1)
    place2                                   0x2400a4ac   Data           4  dds.o(.bss.place2)
    uwTick                                   0x2400a4b0   Data           4  stm32h7xx_hal.o(.bss.uwTick)
    __initial_sp                             0x2400a8b8   Data           0  startup_stm32h743xx.o(STACK)



==============================================================================

Memory Map of the image

  Image Entry point : 0x08000299

  Load Region LR_IROM1 (Base: 0x08000000, Size: 0x00014b20, Max: 0x00200000, ABSOLUTE, COMPRESSED[0x000148b8])

    Execution Region ER_IROM1 (Exec base: 0x08000000, Load base: 0x08000000, Size: 0x00012b04, Max: 0x00200000, ABSOLUTE)

    Exec Addr    Load Addr    Size         Type   Attr      Idx    E Section Name        Object

    0x08000000   0x08000000   0x00000298   Data   RO            3    RESET               startup_stm32h743xx.o
    0x08000298   0x08000298   0x00000000   Code   RO         4153  * .ARM.Collect$$$$00000000  mc_w.l(entry.o)
    0x08000298   0x08000298   0x00000004   Code   RO         4247    .ARM.Collect$$$$00000001  mc_w.l(entry2.o)
    0x0800029c   0x0800029c   0x00000004   Code   RO         4250    .ARM.Collect$$$$00000004  mc_w.l(entry5.o)
    0x080002a0   0x080002a0   0x00000000   Code   RO         4252    .ARM.Collect$$$$00000008  mc_w.l(entry7b.o)
    0x080002a0   0x080002a0   0x00000000   Code   RO         4254    .ARM.Collect$$$$0000000A  mc_w.l(entry8b.o)
    0x080002a0   0x080002a0   0x00000008   Code   RO         4255    .ARM.Collect$$$$0000000B  mc_w.l(entry9a.o)
    0x080002a8   0x080002a8   0x00000000   Code   RO         4257    .ARM.Collect$$$$0000000D  mc_w.l(entry10a.o)
    0x080002a8   0x080002a8   0x00000000   Code   RO         4259    .ARM.Collect$$$$0000000F  mc_w.l(entry11a.o)
    0x080002a8   0x080002a8   0x00000004   Code   RO         4248    .ARM.Collect$$$$00002712  mc_w.l(entry2.o)
    0x080002ac   0x080002ac   0x00000024   Code   RO            4    .text               startup_stm32h743xx.o
    0x080002d0   0x080002d0   0x00000062   Code   RO         4156    .text               mc_w.l(uldiv.o)
    0x08000332   0x08000332   0x00000024   Code   RO         4162    .text               mc_w.l(memseta.o)
    0x08000356   0x08000356   0x0000002c   Code   RO         4271    .text               mc_w.l(uidiv.o)
    0x08000382   0x08000382   0x0000001e   Code   RO         4273    .text               mc_w.l(llshl.o)
    0x080003a0   0x080003a0   0x00000020   Code   RO         4275    .text               mc_w.l(llushr.o)
    0x080003c0   0x080003c0   0x00000000   Code   RO         4284    .text               mc_w.l(iusefp.o)
    0x080003c0   0x080003c0   0x0000014e   Code   RO         4285    .text               mf_w.l(dadd.o)
    0x0800050e   0x0800050e   0x000000e4   Code   RO         4287    .text               mf_w.l(dmul.o)
    0x080005f2   0x080005f2   0x000000de   Code   RO         4289    .text               mf_w.l(ddiv.o)
    0x080006d0   0x080006d0   0x00000030   Code   RO         4291    .text               mf_w.l(dfixul.o)
    0x08000700   0x08000700   0x00000030   Code   RO         4293    .text               mf_w.l(cdrcmple.o)
    0x08000730   0x08000730   0x00000030   Code   RO         4303    .text               mc_w.l(init.o)
    0x08000760   0x08000760   0x00000024   Code   RO         4305    .text               mc_w.l(llsshr.o)
    0x08000784   0x08000784   0x000000ba   Code   RO         4307    .text               mf_w.l(depilogue.o)
    0x0800083e   0x0800083e   0x0000005e   Code   RO         4317    .text               mc_w.l(__dclz77c.o)
    0x0800089c   0x0800089c   0x00000004   PAD
    0x080008a0   0x080008a0   0x00000218   Code   RO          197    .text.ADC_ConfigureBoostMode  stm32h7xx_hal_adc.o
    0x08000ab8   0x08000ab8   0x00000192   Code   RO          201    .text.ADC_ConversionStop  stm32h7xx_hal_adc.o
    0x08000c4a   0x08000c4a   0x00000006   PAD
    0x08000c50   0x08000c50   0x000000d2   Code   RO          231    .text.ADC_DMAConvCplt  stm32h7xx_hal_adc.o
    0x08000d22   0x08000d22   0x00000006   PAD
    0x08000d28   0x08000d28   0x0000002a   Code   RO          235    .text.ADC_DMAError  stm32h7xx_hal_adc.o
    0x08000d52   0x08000d52   0x00000006   PAD
    0x08000d58   0x08000d58   0x00000016   Code   RO          233    .text.ADC_DMAHalfConvCplt  stm32h7xx_hal_adc.o
    0x08000d6e   0x08000d6e   0x00000002   PAD
    0x08000d70   0x08000d70   0x000000c4   Code   RO          203    .text.ADC_Disable   stm32h7xx_hal_adc.o
    0x08000e34   0x08000e34   0x00000004   PAD
    0x08000e38   0x08000e38   0x00000148   Code   RO          211    .text.ADC_Enable    stm32h7xx_hal_adc.o
    0x08000f80   0x08000f80   0x00000004   Code   RO          140    .text.BusFault_Handler  stm32h7xx_it.o
    0x08000f84   0x08000f84   0x00000004   PAD
    0x08000f88   0x08000f88   0x0000001c   Code   RO         1338    .text.DAC_DMAConvCpltCh1  stm32h7xx_hal_dac.o
    0x08000fa4   0x08000fa4   0x00000004   PAD
    0x08000fa8   0x08000fa8   0x0000001c   Code   RO         1379    .text.DAC_DMAConvCpltCh2  stm32h7xx_hal_dac_ex.o
    0x08000fc4   0x08000fc4   0x00000004   PAD
    0x08000fc8   0x08000fc8   0x00000026   Code   RO         1342    .text.DAC_DMAErrorCh1  stm32h7xx_hal_dac.o
    0x08000fee   0x08000fee   0x00000002   PAD
    0x08000ff0   0x08000ff0   0x00000026   Code   RO         1383    .text.DAC_DMAErrorCh2  stm32h7xx_hal_dac_ex.o
    0x08001016   0x08001016   0x00000002   PAD
    0x08001018   0x08001018   0x00000016   Code   RO         1340    .text.DAC_DMAHalfConvCpltCh1  stm32h7xx_hal_dac.o
    0x0800102e   0x0800102e   0x00000002   PAD
    0x08001030   0x08001030   0x00000016   Code   RO         1381    .text.DAC_DMAHalfConvCpltCh2  stm32h7xx_hal_dac_ex.o
    0x08001046   0x08001046   0x00000002   PAD
    0x08001048   0x08001048   0x000000f8   Code   RO         2018    .text.DDS_SetParameter  dds.o
    0x08001140   0x08001140   0x000000b2   Code   RO         2016    .text.DDS_SetWaveform  dds.o
    0x080011f2   0x080011f2   0x00000006   PAD
    0x080011f8   0x080011f8   0x00000010   Code   RO          152    .text.DMA1_Stream0_IRQHandler  stm32h7xx_it.o
    0x08001208   0x08001208   0x00000010   Code   RO          154    .text.DMA1_Stream1_IRQHandler  stm32h7xx_it.o
    0x08001218   0x08001218   0x00000010   Code   RO          156    .text.DMA1_Stream2_IRQHandler  stm32h7xx_it.o
    0x08001228   0x08001228   0x00000010   Code   RO          160    .text.DMA2_Stream1_IRQHandler  stm32h7xx_it.o
    0x08001238   0x08001238   0x000001ca   Code   RO          688    .text.DMA_CalcBaseAndBitshift  stm32h7xx_hal_dma.o
    0x08001402   0x08001402   0x00000006   PAD
    0x08001408   0x08001408   0x00000178   Code   RO          690    .text.DMA_CalcDMAMUXChannelBaseAndMask  stm32h7xx_hal_dma.o
    0x08001580   0x08001580   0x0000012a   Code   RO          692    .text.DMA_CalcDMAMUXRequestGenBaseAndMask  stm32h7xx_hal_dma.o
    0x080016aa   0x080016aa   0x00000006   PAD
    0x080016b0   0x080016b0   0x000000f0   Code   RO          686    .text.DMA_CheckFifoParam  stm32h7xx_hal_dma.o
    0x080017a0   0x080017a0   0x00000514   Code   RO          698    .text.DMA_SetConfig  stm32h7xx_hal_dma.o
    0x08001cb4   0x08001cb4   0x00000004   PAD
    0x08001cb8   0x08001cb8   0x00000002   Code   RO          146    .text.DebugMon_Handler  stm32h7xx_it.o
    0x08001cba   0x08001cba   0x00000006   PAD
    0x08001cc0   0x08001cc0   0x000001b0   Code   RO         1981    .text.Detect_WaveType  fft.o
    0x08001e70   0x08001e70   0x0000000e   Code   RO           17    .text.Error_Handler  main.o
    0x08001e7e   0x08001e7e   0x00000002   PAD
    0x08001e80   0x08001e80   0x0000007a   Code   RO         1973    .text.FFT_Process   fft.o
    0x08001efa   0x08001efa   0x00000006   PAD
    0x08001f00   0x08001f00   0x000000de   Code   RO         1979    .text.Find_2BaseIndex  fft.o
    0x08001fde   0x08001fde   0x00000002   PAD
    0x08001fe0   0x08001fe0   0x000001d8   Code   RO         1987    .text.GetFreq       fft.o
    0x080021b8   0x080021b8   0x00000150   Code   RO         1985    .text.GetPhaseDiff  fft.o
    0x08002308   0x08002308   0x000000e4   Code   RO          316    .text.HAL_ADCEx_Calibration_Start  stm32h7xx_hal_adc_ex.o
    0x080023ec   0x080023ec   0x00000004   PAD
    0x080023f0   0x080023f0   0x00000292   Code   RO          412    .text.HAL_ADCEx_MultiModeConfigChannel  stm32h7xx_hal_adc_ex.o
    0x08002682   0x08002682   0x00000006   PAD
    0x08002688   0x08002688   0x0000082a   Code   RO          255    .text.HAL_ADC_ConfigChannel  stm32h7xx_hal_adc.o
    0x08002eb2   0x08002eb2   0x00000006   PAD
    0x08002eb8   0x08002eb8   0x0000004a   Code   RO           19    .text.HAL_ADC_ConvCpltCallback  main.o
    0x08002f02   0x08002f02   0x00000006   PAD
    0x08002f08   0x08002f08   0x00000008   Code   RO          253    .text.HAL_ADC_ConvHalfCpltCallback  stm32h7xx_hal_adc.o
    0x08002f10   0x08002f10   0x00000008   Code   RO          251    .text.HAL_ADC_ErrorCallback  stm32h7xx_hal_adc.o
    0x08002f18   0x08002f18   0x000003c8   Code   RO          177    .text.HAL_ADC_Init  stm32h7xx_hal_adc.o
    0x080032e0   0x080032e0   0x000001c8   Code   RO           55    .text.HAL_ADC_MspInit  adc.o
    0x080034a8   0x080034a8   0x000001dc   Code   RO          229    .text.HAL_ADC_Start_DMA  stm32h7xx_hal_adc.o
    0x08003684   0x08003684   0x00000004   PAD
    0x08003688   0x08003688   0x00000080   Code   RO          215    .text.HAL_ADC_Stop  stm32h7xx_hal_adc.o
    0x08003708   0x08003708   0x00000008   Code   RO         1393    .text.HAL_DACEx_ConvCpltCallbackCh2  stm32h7xx_hal_dac_ex.o
    0x08003710   0x08003710   0x00000008   Code   RO         1395    .text.HAL_DACEx_ConvHalfCpltCallbackCh2  stm32h7xx_hal_dac_ex.o
    0x08003718   0x08003718   0x00000008   Code   RO         1397    .text.HAL_DACEx_ErrorCallbackCh2  stm32h7xx_hal_dac_ex.o
    0x08003720   0x08003720   0x000002b2   Code   RO         1360    .text.HAL_DAC_ConfigChannel  stm32h7xx_hal_dac.o
    0x080039d2   0x080039d2   0x00000006   PAD
    0x080039d8   0x080039d8   0x00000014   Code   RO           23    .text.HAL_DAC_ConvCpltCallbackCh1  main.o
    0x080039ec   0x080039ec   0x00000004   PAD
    0x080039f0   0x080039f0   0x00000014   Code   RO           21    .text.HAL_DAC_ConvHalfCpltCallbackCh1  main.o
    0x08003a04   0x08003a04   0x00000004   PAD
    0x08003a08   0x08003a08   0x00000008   Code   RO         1356    .text.HAL_DAC_ErrorCallbackCh1  stm32h7xx_hal_dac.o
    0x08003a10   0x08003a10   0x0000004a   Code   RO         1324    .text.HAL_DAC_Init  stm32h7xx_hal_dac.o
    0x08003a5a   0x08003a5a   0x00000006   PAD
    0x08003a60   0x08003a60   0x0000013c   Code   RO           73    .text.HAL_DAC_MspInit  dac.o
    0x08003b9c   0x08003b9c   0x00000004   PAD
    0x08003ba0   0x08003ba0   0x000001a2   Code   RO         1336    .text.HAL_DAC_Start_DMA  stm32h7xx_hal_dac.o
    0x08003d42   0x08003d42   0x00000006   PAD
    0x08003d48   0x08003d48   0x000011c0   Code   RO          708    .text.HAL_DMA_IRQHandler  stm32h7xx_hal_dma.o
    0x08004f08   0x08004f08   0x00000962   Code   RO          684    .text.HAL_DMA_Init  stm32h7xx_hal_dma.o
    0x0800586a   0x0800586a   0x00000006   PAD
    0x08005870   0x08005870   0x00000702   Code   RO          700    .text.HAL_DMA_Start_IT  stm32h7xx_hal_dma.o
    0x08005f72   0x08005f72   0x00000006   PAD
    0x08005f78   0x08005f78   0x000003c4   Code   RO          632    .text.HAL_GPIO_Init  stm32h7xx_hal_gpio.o
    0x0800633c   0x0800633c   0x00000004   PAD
    0x08006340   0x08006340   0x0000000e   Code   RO         1033    .text.HAL_GetREVID  stm32h7xx_hal.o
    0x0800634e   0x0800634e   0x00000002   PAD
    0x08006350   0x08006350   0x0000000c   Code   RO         1017    .text.HAL_GetTick   stm32h7xx_hal.o
    0x0800635c   0x0800635c   0x00000004   PAD
    0x08006360   0x08006360   0x0000001a   Code   RO         1015    .text.HAL_IncTick   stm32h7xx_hal.o
    0x0800637a   0x0800637a   0x00000006   PAD
    0x08006380   0x08006380   0x0000007a   Code   RO         1005    .text.HAL_Init      stm32h7xx_hal.o
    0x080063fa   0x080063fa   0x00000006   PAD
    0x08006400   0x08006400   0x00000086   Code   RO         1007    .text.HAL_InitTick  stm32h7xx_hal.o
    0x08006486   0x08006486   0x00000002   PAD
    0x08006488   0x08006488   0x00000024   Code   RO          169    .text.HAL_MspInit   stm32h7xx_hal_msp.o
    0x080064ac   0x080064ac   0x00000004   PAD
    0x080064b0   0x080064b0   0x00000014   Code   RO          940    .text.HAL_NVIC_EnableIRQ  stm32h7xx_hal_cortex.o
    0x080064c4   0x080064c4   0x00000004   PAD
    0x080064c8   0x080064c8   0x0000002e   Code   RO          932    .text.HAL_NVIC_SetPriority  stm32h7xx_hal_cortex.o
    0x080064f6   0x080064f6   0x00000002   PAD
    0x080064f8   0x080064f8   0x00000010   Code   RO          928    .text.HAL_NVIC_SetPriorityGrouping  stm32h7xx_hal_cortex.o
    0x08006508   0x08006508   0x000000a2   Code   RO          841    .text.HAL_PWREx_ConfigSupply  stm32h7xx_hal_pwr_ex.o
    0x080065aa   0x080065aa   0x00000006   PAD
    0x080065b0   0x080065b0   0x00000026   Code   RO          486    .text.HAL_RCCEx_GetD3PCLK1Freq  stm32h7xx_hal_rcc_ex.o
    0x080065d6   0x080065d6   0x00000002   PAD
    0x080065d8   0x080065d8   0x000002ac   Code   RO          480    .text.HAL_RCCEx_GetPLL1ClockFreq  stm32h7xx_hal_rcc_ex.o
    0x08006884   0x08006884   0x00000004   PAD
    0x08006888   0x08006888   0x000002ac   Code   RO          482    .text.HAL_RCCEx_GetPLL2ClockFreq  stm32h7xx_hal_rcc_ex.o
    0x08006b34   0x08006b34   0x00000004   PAD
    0x08006b38   0x08006b38   0x000002ac   Code   RO          484    .text.HAL_RCCEx_GetPLL3ClockFreq  stm32h7xx_hal_rcc_ex.o
    0x08006de4   0x08006de4   0x00000004   PAD
    0x08006de8   0x08006de8   0x00000c4a   Code   RO          478    .text.HAL_RCCEx_GetPeriphCLKFreq  stm32h7xx_hal_rcc_ex.o
    0x08007a32   0x08007a32   0x00000006   PAD
    0x08007a38   0x08007a38   0x000010a0   Code   RO          470    .text.HAL_RCCEx_PeriphCLKConfig  stm32h7xx_hal_rcc_ex.o
    0x08008ad8   0x08008ad8   0x00000498   Code   RO          439    .text.HAL_RCC_ClockConfig  stm32h7xx_hal_rcc.o
    0x08008f70   0x08008f70   0x00000056   Code   RO          449    .text.HAL_RCC_GetHCLKFreq  stm32h7xx_hal_rcc.o
    0x08008fc6   0x08008fc6   0x00000002   PAD
    0x08008fc8   0x08008fc8   0x00000026   Code   RO          451    .text.HAL_RCC_GetPCLK1Freq  stm32h7xx_hal_rcc.o
    0x08008fee   0x08008fee   0x00000002   PAD
    0x08008ff0   0x08008ff0   0x00000026   Code   RO          453    .text.HAL_RCC_GetPCLK2Freq  stm32h7xx_hal_rcc.o
    0x08009016   0x08009016   0x00000002   PAD
    0x08009018   0x08009018   0x00000310   Code   RO          441    .text.HAL_RCC_GetSysClockFreq  stm32h7xx_hal_rcc.o
    0x08009328   0x08009328   0x00000b58   Code   RO          437    .text.HAL_RCC_OscConfig  stm32h7xx_hal_rcc.o
    0x08009e80   0x08009e80   0x00000010   Code   RO          952    .text.HAL_SYSTICK_Config  stm32h7xx_hal_cortex.o
    0x08009e90   0x08009e90   0x00000008   Code   RO         1751    .text.HAL_TIMEx_Break2Callback  stm32h7xx_hal_tim_ex.o
    0x08009e98   0x08009e98   0x00000008   Code   RO         1749    .text.HAL_TIMEx_BreakCallback  stm32h7xx_hal_tim_ex.o
    0x08009ea0   0x08009ea0   0x00000008   Code   RO         1745    .text.HAL_TIMEx_CommutCallback  stm32h7xx_hal_tim_ex.o
    0x08009ea8   0x08009ea8   0x00000158   Code   RO         1733    .text.HAL_TIMEx_MasterConfigSynchronization  stm32h7xx_hal_tim_ex.o
    0x0800a000   0x0800a000   0x000000a8   Code   RO         1416    .text.HAL_TIM_Base_Init  stm32h7xx_hal_tim.o
    0x0800a0a8   0x0800a0a8   0x000000b6   Code   RO          102    .text.HAL_TIM_Base_MspInit  tim.o
    0x0800a15e   0x0800a15e   0x00000002   PAD
    0x0800a160   0x0800a160   0x000000f8   Code   RO         1426    .text.HAL_TIM_Base_Start  stm32h7xx_hal_tim.o
    0x0800a258   0x0800a258   0x00000104   Code   RO         1430    .text.HAL_TIM_Base_Start_IT  stm32h7xx_hal_tim.o
    0x0800a35c   0x0800a35c   0x00000004   PAD
    0x0800a360   0x0800a360   0x00000046   Code   RO         1428    .text.HAL_TIM_Base_Stop  stm32h7xx_hal_tim.o
    0x0800a3a6   0x0800a3a6   0x00000002   PAD
    0x0800a3a8   0x0800a3a8   0x000001d0   Code   RO         1612    .text.HAL_TIM_ConfigClockSource  stm32h7xx_hal_tim.o
    0x0800a578   0x0800a578   0x00000008   Code   RO         1552    .text.HAL_TIM_IC_CaptureCallback  stm32h7xx_hal_tim.o
    0x0800a580   0x0800a580   0x00000250   Code   RO         1550    .text.HAL_TIM_IRQHandler  stm32h7xx_hal_tim.o
    0x0800a7d0   0x0800a7d0   0x00000008   Code   RO         1554    .text.HAL_TIM_OC_DelayElapsedCallback  stm32h7xx_hal_tim.o
    0x0800a7d8   0x0800a7d8   0x00000008   Code   RO         1556    .text.HAL_TIM_PWM_PulseFinishedCallback  stm32h7xx_hal_tim.o
    0x0800a7e0   0x0800a7e0   0x00000026   Code   RO           25    .text.HAL_TIM_PeriodElapsedCallback  main.o
    0x0800a806   0x0800a806   0x00000002   PAD
    0x0800a808   0x0800a808   0x00000008   Code   RO         1560    .text.HAL_TIM_TriggerCallback  stm32h7xx_hal_tim.o
    0x0800a810   0x0800a810   0x0000007c   Code   RO         1934    .text.HAL_UARTEx_DisableFifoMode  stm32h7xx_hal_uart_ex.o
    0x0800a88c   0x0800a88c   0x00000004   PAD
    0x0800a890   0x0800a890   0x0000008c   Code   RO         1938    .text.HAL_UARTEx_SetRxFifoThreshold  stm32h7xx_hal_uart_ex.o
    0x0800a91c   0x0800a91c   0x00000004   PAD
    0x0800a920   0x0800a920   0x0000008c   Code   RO         1936    .text.HAL_UARTEx_SetTxFifoThreshold  stm32h7xx_hal_uart_ex.o
    0x0800a9ac   0x0800a9ac   0x00000004   PAD
    0x0800a9b0   0x0800a9b0   0x000000aa   Code   RO         1764    .text.HAL_UART_Init  stm32h7xx_hal_uart.o
    0x0800aa5a   0x0800aa5a   0x00000006   PAD
    0x0800aa60   0x0800aa60   0x000000aa   Code   RO          118    .text.HAL_UART_MspInit  usart.o
    0x0800ab0a   0x0800ab0a   0x00000006   PAD
    0x0800ab10   0x0800ab10   0x00000138   Code   RO         1784    .text.HAL_UART_Transmit  stm32h7xx_hal_uart.o
    0x0800ac48   0x0800ac48   0x00000004   Code   RO          136    .text.HardFault_Handler  stm32h7xx_it.o
    0x0800ac4c   0x0800ac4c   0x00000004   PAD
    0x0800ac50   0x0800ac50   0x0000001c   Code   RO          307    .text.LL_ADC_Disable  stm32h7xx_hal_adc.o
    0x0800ac6c   0x0800ac6c   0x00000004   PAD
    0x0800ac70   0x0800ac70   0x00000018   Code   RO          183    .text.LL_ADC_DisableDeepPowerDown  stm32h7xx_hal_adc.o
    0x0800ac88   0x0800ac88   0x0000001c   Code   RO          305    .text.LL_ADC_Enable  stm32h7xx_hal_adc.o
    0x0800aca4   0x0800aca4   0x00000004   PAD
    0x0800aca8   0x0800aca8   0x0000001e   Code   RO          187    .text.LL_ADC_EnableInternalRegulator  stm32h7xx_hal_adc.o
    0x0800acc6   0x0800acc6   0x00000002   PAD
    0x0800acc8   0x0800acc8   0x00000010   Code   RO          269    .text.LL_ADC_GetCommonPathInternalCh  stm32h7xx_hal_adc.o
    0x0800acd8   0x0800acd8   0x00000010   Code   RO          209    .text.LL_ADC_GetMultimode  stm32h7xx_hal_adc.o
    0x0800ace8   0x0800ace8   0x00000010   Code   RO          195    .text.LL_ADC_INJ_IsConversionOngoing  stm32h7xx_hal_adc.o
    0x0800acf8   0x0800acf8   0x0000001c   Code   RO          303    .text.LL_ADC_INJ_StopConversion  stm32h7xx_hal_adc.o
    0x0800ad14   0x0800ad14   0x00000004   PAD
    0x0800ad18   0x0800ad18   0x0000000e   Code   RO          320    .text.LL_ADC_IsCalibrationOnGoing  stm32h7xx_hal_adc_ex.o
    0x0800ad26   0x0800ad26   0x00000002   PAD
    0x0800ad28   0x0800ad28   0x00000010   Code   RO          181    .text.LL_ADC_IsDeepPowerDownEnabled  stm32h7xx_hal_adc.o
    0x0800ad38   0x0800ad38   0x00000010   Code   RO          299    .text.LL_ADC_IsDisableOngoing  stm32h7xx_hal_adc.o
    0x0800ad48   0x0800ad48   0x00000010   Code   RO          191    .text.LL_ADC_IsEnabled  stm32h7xx_hal_adc.o
    0x0800ad58   0x0800ad58   0x00000010   Code   RO          328    .text.LL_ADC_IsEnabled  stm32h7xx_hal_adc_ex.o
    0x0800ad68   0x0800ad68   0x00000010   Code   RO          185    .text.LL_ADC_IsInternalRegulatorEnabled  stm32h7xx_hal_adc.o
    0x0800ad78   0x0800ad78   0x00000010   Code   RO          189    .text.LL_ADC_REG_IsConversionOngoing  stm32h7xx_hal_adc.o
    0x0800ad88   0x0800ad88   0x00000010   Code   RO          330    .text.LL_ADC_REG_IsConversionOngoing  stm32h7xx_hal_adc_ex.o
    0x0800ad98   0x0800ad98   0x00000016   Code   RO          221    .text.LL_ADC_REG_IsTriggerSourceSWStart  stm32h7xx_hal_adc.o
    0x0800adae   0x0800adae   0x00000002   PAD
    0x0800adb0   0x0800adb0   0x0000001a   Code   RO          237    .text.LL_ADC_REG_SetDataTransferMode  stm32h7xx_hal_adc.o
    0x0800adca   0x0800adca   0x00000006   PAD
    0x0800add0   0x0800add0   0x0000003a   Code   RO          257    .text.LL_ADC_REG_SetSequencerRanks  stm32h7xx_hal_adc.o
    0x0800ae0a   0x0800ae0a   0x00000006   PAD
    0x0800ae10   0x0800ae10   0x0000001c   Code   RO          213    .text.LL_ADC_REG_StartConversion  stm32h7xx_hal_adc.o
    0x0800ae2c   0x0800ae2c   0x00000004   PAD
    0x0800ae30   0x0800ae30   0x0000001c   Code   RO          301    .text.LL_ADC_REG_StopConversion  stm32h7xx_hal_adc.o
    0x0800ae4c   0x0800ae4c   0x00000004   PAD
    0x0800ae50   0x0800ae50   0x00000036   Code   RO          259    .text.LL_ADC_SetChannelSamplingTime  stm32h7xx_hal_adc.o
    0x0800ae86   0x0800ae86   0x00000002   PAD
    0x0800ae88   0x0800ae88   0x00000034   Code   RO          267    .text.LL_ADC_SetChannelSingleDiff  stm32h7xx_hal_adc.o
    0x0800aebc   0x0800aebc   0x00000004   PAD
    0x0800aec0   0x0800aec0   0x0000001a   Code   RO          193    .text.LL_ADC_SetCommonClock  stm32h7xx_hal_adc.o
    0x0800aeda   0x0800aeda   0x00000006   PAD
    0x0800aee0   0x0800aee0   0x0000001a   Code   RO          271    .text.LL_ADC_SetCommonPathInternalCh  stm32h7xx_hal_adc.o
    0x0800aefa   0x0800aefa   0x00000006   PAD
    0x0800af00   0x0800af00   0x00000024   Code   RO          265    .text.LL_ADC_SetDataRightShift  stm32h7xx_hal_adc.o
    0x0800af24   0x0800af24   0x00000004   PAD
    0x0800af28   0x0800af28   0x00000032   Code   RO          261    .text.LL_ADC_SetOffset  stm32h7xx_hal_adc.o
    0x0800af5a   0x0800af5a   0x00000006   PAD
    0x0800af60   0x0800af60   0x00000028   Code   RO          263    .text.LL_ADC_SetOffsetSignedSaturation  stm32h7xx_hal_adc.o
    0x0800af88   0x0800af88   0x00000032   Code   RO          318    .text.LL_ADC_StartCalibration  stm32h7xx_hal_adc_ex.o
    0x0800afba   0x0800afba   0x00000006   PAD
    0x0800afc0   0x0800afc0   0x000000de   Code   RO           51    .text.MX_ADC1_Init  adc.o
    0x0800b09e   0x0800b09e   0x00000002   PAD
    0x0800b0a0   0x0800b0a0   0x000000be   Code   RO           53    .text.MX_ADC2_Init  adc.o
    0x0800b15e   0x0800b15e   0x00000002   PAD
    0x0800b160   0x0800b160   0x00000074   Code   RO           71    .text.MX_DAC1_Init  dac.o
    0x0800b1d4   0x0800b1d4   0x00000004   PAD
    0x0800b1d8   0x0800b1d8   0x00000090   Code   RO           87    .text.MX_DMA_Init   dma.o
    0x0800b268   0x0800b268   0x0000007e   Code   RO           43    .text.MX_GPIO_Init  gpio.o
    0x0800b2e6   0x0800b2e6   0x00000002   PAD
    0x0800b2e8   0x0800b2e8   0x00000084   Code   RO           96    .text.MX_TIM3_Init  tim.o
    0x0800b36c   0x0800b36c   0x00000004   PAD
    0x0800b370   0x0800b370   0x00000084   Code   RO           98    .text.MX_TIM4_Init  tim.o
    0x0800b3f4   0x0800b3f4   0x00000004   PAD
    0x0800b3f8   0x0800b3f8   0x00000088   Code   RO          100    .text.MX_TIM5_Init  tim.o
    0x0800b480   0x0800b480   0x0000008e   Code   RO          116    .text.MX_USART3_UART_Init  usart.o
    0x0800b50e   0x0800b50e   0x00000002   PAD
    0x0800b510   0x0800b510   0x00000004   Code   RO          138    .text.MemManage_Handler  stm32h7xx_it.o
    0x0800b514   0x0800b514   0x00000004   PAD
    0x0800b518   0x0800b518   0x00000004   Code   RO          134    .text.NMI_Handler   stm32h7xx_it.o
    0x0800b51c   0x0800b51c   0x00000004   PAD
    0x0800b520   0x0800b520   0x0000006c   Code   RO          938    .text.NVIC_EncodePriority  stm32h7xx_hal_cortex.o
    0x0800b58c   0x0800b58c   0x00000004   PAD
    0x0800b590   0x0800b590   0x00000002   Code   RO          148    .text.PendSV_Handler  stm32h7xx_it.o
    0x0800b592   0x0800b592   0x00000006   PAD
    0x0800b598   0x0800b598   0x0000004c   Code   RO           15    .text.PeriphCommonClock_Config  main.o
    0x0800b5e4   0x0800b5e4   0x00000004   PAD
    0x0800b5e8   0x0800b5e8   0x000001ca   Code   RO          472    .text.RCCEx_PLL2_Config  stm32h7xx_hal_rcc_ex.o
    0x0800b7b2   0x0800b7b2   0x00000006   PAD
    0x0800b7b8   0x0800b7b8   0x000001ca   Code   RO          474    .text.RCCEx_PLL3_Config  stm32h7xx_hal_rcc_ex.o
    0x0800b982   0x0800b982   0x00000006   PAD
    0x0800b988   0x0800b988   0x00000002   Code   RO          144    .text.SVC_Handler   stm32h7xx_it.o
    0x0800b98a   0x0800b98a   0x00000006   PAD
    0x0800b990   0x0800b990   0x0000007a   Code   RO         2007    .text.Signal_Separation  myfunction.o
    0x0800ba0a   0x0800ba0a   0x00000006   PAD
    0x0800ba10   0x0800ba10   0x00000052   Code   RO          954    .text.SysTick_Config  stm32h7xx_hal_cortex.o
    0x0800ba62   0x0800ba62   0x00000006   PAD
    0x0800ba68   0x0800ba68   0x00000008   Code   RO          150    .text.SysTick_Handler  stm32h7xx_it.o
    0x0800ba70   0x0800ba70   0x000000e8   Code   RO           13    .text.SystemClock_Config  main.o
    0x0800bb58   0x0800bb58   0x00000160   Code   RO         1957    .text.SystemInit    system_stm32h7xx.o
    0x0800bcb8   0x0800bcb8   0x00000010   Code   RO          158    .text.TIM5_IRQHandler  stm32h7xx_it.o
    0x0800bcc8   0x0800bcc8   0x000001b0   Code   RO         1420    .text.TIM_Base_SetConfig  stm32h7xx_hal_tim.o
    0x0800be78   0x0800be78   0x00000034   Code   RO         1610    .text.TIM_ETR_SetConfig  stm32h7xx_hal_tim.o
    0x0800beac   0x0800beac   0x00000004   PAD
    0x0800beb0   0x0800beb0   0x00000030   Code   RO         1616    .text.TIM_ITRx_SetConfig  stm32h7xx_hal_tim.o
    0x0800bee0   0x0800bee0   0x00000050   Code   RO         1614    .text.TIM_TI1_ConfigInputStage  stm32h7xx_hal_tim.o
    0x0800bf30   0x0800bf30   0x00000052   Code   RO         1618    .text.TIM_TI2_ConfigInputStage  stm32h7xx_hal_tim.o
    0x0800bf82   0x0800bf82   0x00000006   PAD
    0x0800bf88   0x0800bf88   0x00000086   Code   RO         1932    .text.UARTEx_SetNbDataToProcess  stm32h7xx_hal_uart_ex.o
    0x0800c00e   0x0800c00e   0x00000002   PAD
    0x0800c010   0x0800c010   0x00000148   Code   RO         1768    .text.UART_AdvFeatureConfig  stm32h7xx_hal_uart.o
    0x0800c158   0x0800c158   0x00000146   Code   RO         1772    .text.UART_CheckIdleState  stm32h7xx_hal_uart.o
    0x0800c29e   0x0800c29e   0x00000002   PAD
    0x0800c2a0   0x0800c2a0   0x0000009e   Code   RO         1824    .text.UART_EndRxTransfer  stm32h7xx_hal_uart.o
    0x0800c33e   0x0800c33e   0x00000002   PAD
    0x0800c340   0x0800c340   0x00000922   Code   RO         1770    .text.UART_SetConfig  stm32h7xx_hal_uart.o
    0x0800cc62   0x0800cc62   0x00000006   PAD
    0x0800cc68   0x0800cc68   0x0000010c   Code   RO         1786    .text.UART_WaitOnFlagUntilTimeout  stm32h7xx_hal_uart.o
    0x0800cd74   0x0800cd74   0x00000004   PAD
    0x0800cd78   0x0800cd78   0x00000004   Code   RO          142    .text.UsageFault_Handler  stm32h7xx_it.o
    0x0800cd7c   0x0800cd7c   0x00000004   PAD
    0x0800cd80   0x0800cd80   0x00000030   Code   RO          942    .text.__NVIC_EnableIRQ  stm32h7xx_hal_cortex.o
    0x0800cdb0   0x0800cdb0   0x00000010   Code   RO          934    .text.__NVIC_GetPriorityGrouping  stm32h7xx_hal_cortex.o
    0x0800cdc0   0x0800cdc0   0x00000042   Code   RO          936    .text.__NVIC_SetPriority  stm32h7xx_hal_cortex.o
    0x0800ce02   0x0800ce02   0x00000006   PAD
    0x0800ce08   0x0800ce08   0x0000003c   Code   RO          930    .text.__NVIC_SetPriorityGrouping  stm32h7xx_hal_cortex.o
    0x0800ce44   0x0800ce44   0x00000004   PAD
    0x0800ce48   0x0800ce48   0x0000001e   Code   RO         2473    .text._sqrtf        complexmathfunctions.o
    0x0800ce66   0x0800ce66   0x00000002   PAD
    0x0800ce68   0x0800ce68   0x0000008e   Code   RO         3556    .text.arm_bitreversal_32  transformfunctions.o
    0x0800cef6   0x0800cef6   0x00000002   PAD
    0x0800cef8   0x0800cef8   0x00000156   Code   RO         3560    .text.arm_cfft_f32  transformfunctions.o
    0x0800d04e   0x0800d04e   0x00000002   PAD
    0x0800d050   0x0800d050   0x000003ea   Code   RO         3562    .text.arm_cfft_radix8by2_f32  transformfunctions.o
    0x0800d43a   0x0800d43a   0x00000006   PAD
    0x0800d440   0x0800d440   0x00000a60   Code   RO         3564    .text.arm_cfft_radix8by4_f32  transformfunctions.o
    0x0800dea0   0x0800dea0   0x00000086   Code   RO         2441    .text.arm_cmplx_mag_f32  complexmathfunctions.o
    0x0800df26   0x0800df26   0x00000002   PAD
    0x0800df28   0x0800df28   0x00000e04   Code   RO         3566    .text.arm_radix8_butterfly_f32  transformfunctions.o
    0x0800ed2c   0x0800ed2c   0x00000004   PAD
    0x0800ed30   0x0800ed30   0x00000022   Code   RO          122    .text.fputc         usart.o
    0x0800ed52   0x0800ed52   0x00000006   PAD
    0x0800ed58   0x0800ed58   0x00000338   Code   RO           11    .text.main          main.o
    0x0800f090   0x0800f090   0x00000020   Code   RO         4167    i.__0printf         mc_w.l(printfa.o)
    0x0800f0b0   0x0800f0b0   0x00000026   Code   RO         4217    i.__ARM_fpclassifyf  m_wv.l(fpclassifyf.o)
    0x0800f0d6   0x0800f0d6   0x00000002   PAD
    0x0800f0d8   0x0800f0d8   0x000002ac   Code   RO         4082    i.__hardfp_atan2f   m_wv.l(atan2f.o)
    0x0800f384   0x0800f384   0x00000006   Code   RO         4221    i.__mathlib_flt_infnan2  m_wv.l(funder.o)
    0x0800f38a   0x0800f38a   0x00000002   PAD
    0x0800f38c   0x0800f38c   0x00000010   Code   RO         4225    i.__mathlib_flt_underflow  m_wv.l(funder.o)
    0x0800f39c   0x0800f39c   0x0000000e   Code   RO         4311    i.__scatterload_copy  mc_w.l(handlers.o)
    0x0800f3aa   0x0800f3aa   0x00000002   Code   RO         4312    i.__scatterload_null  mc_w.l(handlers.o)
    0x0800f3ac   0x0800f3ac   0x0000000e   Code   RO         4313    i.__scatterload_zeroinit  mc_w.l(handlers.o)
    0x0800f3ba   0x0800f3ba   0x00000002   PAD
    0x0800f3bc   0x0800f3bc   0x0000000c   Code   RO         4279    i.__set_errno       mc_w.l(errno.o)
    0x0800f3c8   0x0800f3c8   0x00000184   Code   RO         4174    i._fp_digits        mc_w.l(printfa.o)
    0x0800f54c   0x0800f54c   0x000006dc   Code   RO         4175    i._printf_core      mc_w.l(printfa.o)
    0x0800fc28   0x0800fc28   0x00000024   Code   RO         4176    i._printf_post_padding  mc_w.l(printfa.o)
    0x0800fc4c   0x0800fc4c   0x0000002e   Code   RO         4177    i._printf_pre_padding  mc_w.l(printfa.o)
    0x0800fc7a   0x0800fc7a   0x00000010   Data   RO         1963    .rodata.D1CorePrescTable  system_stm32h7xx.o
    0x0800fc8a   0x0800fc8a   0x00000008   Data   RO          718    .rodata.DMA_CalcBaseAndBitshift.flagBitshiftOffset  stm32h7xx_hal_dma.o
    0x0800fc92   0x0800fc92   0x00000008   Data   RO         1949    .rodata.UARTEx_SetNbDataToProcess.denominator  stm32h7xx_hal_uart_ex.o
    0x0800fc9a   0x0800fc9a   0x00000008   Data   RO         1948    .rodata.UARTEx_SetNbDataToProcess.numerator  stm32h7xx_hal_uart_ex.o
    0x0800fca2   0x0800fca2   0x00000018   Data   RO         1904    .rodata.UARTPrescTable  stm32h7xx_hal_uart.o
    0x0800fcba   0x0800fcba   0x00000e10   Data   RO         2258    .rodata.armBitRevIndexTable1024  commontables.o
    0x08010aca   0x08010aca   0x00000002   PAD
    0x08010acc   0x08010acc   0x00000010   Data   RO         2338    .rodata.arm_cfft_sR_f32_len1024  commontables.o
    0x08010adc   0x08010adc   0x00000007   Data   RO         1998    .rodata.str1.1      fft.o
    0x08010ae3   0x08010ae3   0x00000001   PAD
    0x08010ae4   0x08010ae4   0x00002000   Data   RO         2222    .rodata.twiddleCoef_1024  commontables.o
    0x08012ae4   0x08012ae4   0x00000020   Data   RO         4310    Region$$Table       anon$$obj.o


    Execution Region RW_IRAM1 (Exec base: 0x20000000, Load base: 0x08012b04, Size: 0x00000000, Max: 0x00020000, ABSOLUTE)

    **** No section assigned to this execution region ****


    Execution Region RW_IRAM2 (Exec base: 0x24000000, Load base: 0x08012b08, Size: 0x0000a8b8, Max: 0x00080000, ABSOLUTE, COMPRESSED[0x00001db0])

    Exec Addr    Load Addr    Size         Type   Attr      Idx    E Section Name        Object

    0x24000000   COMPRESSED   0x00000004   Data   RW         4261    .data               mc_w.l(stdout.o)
    0x24000004   COMPRESSED   0x00000004   Data   RW         4280    .data               mc_w.l(errno.o)
    0x24000008   COMPRESSED   0x00000004   Data   RW         1961    .data.SystemCoreClock  system_stm32h7xx.o
    0x2400000c   COMPRESSED   0x00000004   Data   RW         1962    .data.SystemD2Clock  system_stm32h7xx.o
    0x24000010   COMPRESSED   0x00000001   Data   RW           30    .data.WaveTypeFlag  main.o
    0x24000011   COMPRESSED   0x00000001   PAD
    0x24000012   COMPRESSED   0x00001000   Data   RW         2026    .data.sine_wave     dds.o
    0x24001012   COMPRESSED   0x00001000   Data   RW         2025    .data.triangle_wave  dds.o
    0x24002012   COMPRESSED   0x00000001   Data   RW         1102    .data.uwTickFreq    stm32h7xx_hal.o
    0x24002013   COMPRESSED   0x00000001   PAD
    0x24002014   COMPRESSED   0x00000004   Data   RW         1101    .data.uwTickPrio    stm32h7xx_hal.o
    0x24002018        -       0x00000001   Zero   RW           28    .bss.ADC1_ConvEndFlag  main.o
    0x24002019   COMPRESSED   0x00000001   PAD
    0x2400201a        -       0x00000800   Zero   RW         1996    .bss.ADC_Buffer     fft.o
    0x2400281a        -       0x00000800   Zero   RW         1997    .bss.ADC_Buffer1    fft.o
    0x2400301a        -       0x00000001   Zero   RW           27    .bss.ADC_ConvEndFlag  main.o
    0x2400301b   COMPRESSED   0x00000001   PAD
    0x2400301c        -       0x00000004   Zero   RW         1989    .bss.BaseIdx        fft.o
    0x24003020        -       0x00001000   Zero   RW         2027    .bss.DAC_Buffer1    dds.o
    0x24004020        -       0x00001000   Zero   RW         2028    .bss.DAC_Buffer2    dds.o
    0x24005020        -       0x00000001   Zero   RW           32    .bss.DAC_ConvFlag   main.o
    0x24005021        -       0x00000001   Zero   RW           33    .bss.DAC_HalfConvFlag  main.o
    0x24005022   COMPRESSED   0x00000002   PAD
    0x24005024        -       0x00002000   Zero   RW         1994    .bss.FFT_Input      fft.o
    0x24007024        -       0x00001000   Zero   RW         1995    .bss.FFT_Output     fft.o
    0x24008024        -       0x00000004   Zero   RW           61    .bss.HAL_RCC_ADC12_CLK_ENABLED  adc.o
    0x24008028        -       0x00000030   Zero   RW         2009    .bss.Wave           myfunction.o
    0x24008058        -       0x00000004   Zero   RW         2029    .bss.ctrl_word1     dds.o
    0x2400805c        -       0x00000004   Zero   RW         2030    .bss.ctrl_word2     dds.o
    0x24008060        -       0x00000001   Zero   RW           31    .bss.do_ADCFlag     main.o
    0x24008061   COMPRESSED   0x00000003   PAD
    0x24008064        -       0x00000064   Zero   RW           59    .bss.hadc1          adc.o
    0x240080c8        -       0x00000064   Zero   RW           60    .bss.hadc2          adc.o
    0x2400812c        -       0x00000014   Zero   RW           77    .bss.hdac1          dac.o
    0x24008140        -       0x00000078   Zero   RW           62    .bss.hdma_adc1      adc.o
    0x240081b8        -       0x00000078   Zero   RW           63    .bss.hdma_adc2      adc.o
    0x24008230        -       0x00000078   Zero   RW           78    .bss.hdma_dac1_ch1  dac.o
    0x240082a8        -       0x00000078   Zero   RW           79    .bss.hdma_dac1_ch2  dac.o
    0x24008320        -       0x0000004c   Zero   RW          106    .bss.htim3          tim.o
    0x2400836c        -       0x0000004c   Zero   RW          107    .bss.htim4          tim.o
    0x240083b8        -       0x0000004c   Zero   RW          108    .bss.htim5          tim.o
    0x24008404        -       0x00000094   Zero   RW          126    .bss.huart3         usart.o
    0x24008498        -       0x00001000   Zero   RW         2023    .bss.pData1         dds.o
    0x24009498        -       0x00001000   Zero   RW         2024    .bss.pData2         dds.o
    0x2400a498        -       0x00000008   Zero   RW         1990    .bss.phase_adc      fft.o
    0x2400a4a0        -       0x00000008   Zero   RW         1991    .bss.phase_dac      fft.o
    0x2400a4a8        -       0x00000004   Zero   RW         2031    .bss.place1         dds.o
    0x2400a4ac        -       0x00000004   Zero   RW         2032    .bss.place2         dds.o
    0x2400a4b0        -       0x00000004   Zero   RW         1103    .bss.uwTick         stm32h7xx_hal.o
    0x2400a4b4   COMPRESSED   0x00000004   PAD
    0x2400a4b8        -       0x00000400   Zero   RW            1    STACK               startup_stm32h743xx.o


==============================================================================

Image component sizes


      Code (inc. data)   RO Data    RW Data    ZI Data      Debug   Object Name

       868          0          0          0        444       7922   adc.o
         0          0      11808          0          0      10685   commontables.o
       164          0          0          0          0       9370   complexmathfunctions.o
       432          0          0          0        260       6344   dac.o
       426          8          0       8192      16400       1945   dds.o
       144          0          0          0          0       5358   dma.o
      1584         80          7          0      16404       4490   fft.o
       126          0          0          0          0       2332   gpio.o
      1298          8          0          1          5      11842   main.o
       122          0          0          0         48        958   myfunction.o
        36          8        664          0       1024        840   startup_stm32h743xx.o
       308          0          0          5          4      13796   stm32h7xx_hal.o
      6126          0          0          0          0      22088   stm32h7xx_hal_adc.o
       982          0          0          0          0      21643   stm32h7xx_hal_adc_ex.o
       478          0          0          0          0      11597   stm32h7xx_hal_cortex.o
      1278          0          0          0          0       8186   stm32h7xx_hal_dac.o
       112          0          0          0          0       7735   stm32h7xx_hal_dac_ex.o
     11412          8          8          0          0      12822   stm32h7xx_hal_dma.o
       964          0          0          0          0       7023   stm32h7xx_hal_gpio.o
        36          0          0          0          0       2258   stm32h7xx_hal_msp.o
       162          0          0          0          0      10399   stm32h7xx_hal_pwr_ex.o
      5026         66          0          0          0      11925   stm32h7xx_hal_rcc.o
     10408        118          0          0          0      19303   stm32h7xx_hal_rcc_ex.o
      2528          0          0          0          0      37596   stm32h7xx_hal_tim.o
       368          0          0          0          0      17520   stm32h7xx_hal_tim_ex.o
      3900        258         24          0          0      29264   stm32h7xx_hal_uart.o
       538          0         16          0          0       8920   stm32h7xx_hal_uart_ex.o
       114          0          0          0          0       1519   stm32h7xx_it.o
       352          0         16          8          0       5835   system_stm32h7xx.o
       582          0          0          0        228      10196   tim.o
      7730          8          0          0          0      92940   transformfunctions.o
       346          0          0          0        148       8535   usart.o

    ----------------------------------------------------------------------
     59412        578      12578       8208      34976     423186   Object Totals
         0          0         32          0          0          0   (incl. Generated)
       462         16          3          2         11          0   (incl. Padding)

    ----------------------------------------------------------------------

      Code (inc. data)   RO Data    RW Data    ZI Data      Debug   Library Member Name

       684         90          0          0          0        208   atan2f.o
        38          0          0          0          0        116   fpclassifyf.o
        22          6          0          0          0        232   funder.o
        94          0          0          0          0          0   __dclz77c.o
         0          0          0          0          0          0   entry.o
         0          0          0          0          0          0   entry10a.o
         0          0          0          0          0          0   entry11a.o
         8          4          0          0          0          0   entry2.o
         4          0          0          0          0          0   entry5.o
         0          0          0          0          0          0   entry7b.o
         0          0          0          0          0          0   entry8b.o
         8          4          0          0          0          0   entry9a.o
        12          6          0          4          0         68   errno.o
        30          0          0          0          0          0   handlers.o
        48         10          0          0          0         68   init.o
         0          0          0          0          0          0   iusefp.o
        30          0          0          0          0         68   llshl.o
        36          0          0          0          0         68   llsshr.o
        32          0          0          0          0         68   llushr.o
        36          0          0          0          0        108   memseta.o
      2258         90          0          0          0        452   printfa.o
         0          0          0          4          0          0   stdout.o
        44          0          0          0          0         80   uidiv.o
        98          0          0          0          0         92   uldiv.o
        48          0          0          0          0         68   cdrcmple.o
       334          0          0          0          0        148   dadd.o
       222          0          0          0          0        100   ddiv.o
       186          0          0          0          0        176   depilogue.o
        48          0          0          0          0         68   dfixul.o
       228          0          0          0          0         96   dmul.o

    ----------------------------------------------------------------------
      4558        210          0          8          0       2284   Library Totals
        10          0          0          0          0          0   (incl. Padding)

    ----------------------------------------------------------------------

      Code (inc. data)   RO Data    RW Data    ZI Data      Debug   Library Name

       744         96          0          0          0        556   m_wv.l
      2738        114          0          8          0       1072   mc_w.l
      1066          0          0          0          0        656   mf_w.l

    ----------------------------------------------------------------------
      4558        210          0          8          0       2284   Library Totals

    ----------------------------------------------------------------------

==============================================================================


      Code (inc. data)   RO Data    RW Data    ZI Data      Debug   

     63970        788      12578       8216      34976     424042   Grand Totals
     63970        788      12578       7600      34976     424042   ELF Image Totals (compressed)
     63970        788      12578       7600          0          0   ROM Totals

==============================================================================

    Total RO  Size (Code + RO Data)                76548 (  74.75kB)
    Total RW  Size (RW Data + ZI Data)             43192 (  42.18kB)
    Total ROM Size (Code + RO Data + RW Data)      84148 (  82.18kB)

==============================================================================

